stm32l4xx_it.c:73:6:NMI_Handler	0	static
stm32l4xx_it.c:86:6:HardFault_Handler	0	static
stm32l4xx_it.c:101:6:MemManage_Handler	0	static
stm32l4xx_it.c:116:6:BusFault_Handler	0	static
stm32l4xx_it.c:131:6:UsageFault_Handler	0	static
stm32l4xx_it.c:146:6:SVC_Handler	0	static
stm32l4xx_it.c:159:6:DebugMon_Handler	0	static
stm32l4xx_it.c:172:6:PendSV_Handler	0	static
stm32l4xx_it.c:185:6:SysTick_Handler	0	static
stm32l4xx_it.c:206:6:DMA1_Channel5_IRQHandler	0	static
stm32l4xx_it.c:220:6:ADC1_2_IRQHandler	8	static
stm32l4xx_it.c:259:6:TIM1_BRK_TIM15_IRQHandler	8	static
stm32l4xx_it.c:275:6:TIM1_UP_TIM16_IRQHandler	8	static
