main.c:83:6:bebe	8	static
main.c:115:6:rwFlash	104	static
main.c:205:5:main	96	static
main.c:530:6:SystemClock_Config	152	static
main.c:583:13:MX_ADC1_Init	48	static
main.c:657:13:MX_ADC2_Init	32	static
main.c:719:13:MX_LPTIM2_Init	8	static
main.c:754:13:MX_TIM2_Init	64	static
main.c:814:13:MX_TIM6_Init	24	static
main.c:852:13:MX_TIM15_Init	40	static
main.c:901:13:MX_TIM16_Init	8	static
main.c:937:13:MX_USART1_UART_Init	8	static
main.c:971:13:MX_DMA_Init	16	static
main.c:992:13:MX_GPIO_Init	40	static
main.c:1049:6:Error_Handler	4	static
