main.c:83:6:bebe	8	static
main.c:119:6:rwFlash	104	static
main.c:209:5:main	96	static
main.c:545:6:SystemClock_Config	152	static
main.c:598:13:MX_ADC1_Init	48	static
main.c:672:13:MX_ADC2_Init	32	static
main.c:734:13:MX_LPTIM2_Init	8	static
main.c:769:13:MX_TIM2_Init	64	static
main.c:829:13:MX_TIM6_Init	24	static
main.c:867:13:MX_TIM15_Init	40	static
main.c:916:13:MX_TIM16_Init	8	static
main.c:952:13:MX_USART1_UART_Init	8	static
main.c:986:13:MX_DMA_Init	16	static
main.c:1007:13:MX_GPIO_Init	40	static
main.c:1064:6:Error_Handler	4	static
