stm32g0xx_ll_adc.h:1810:22:LL_ADC_SetCommonPathInternalCh	16	static
stm32g0xx_ll_adc.h:1832:26:LL_ADC_GetCommonPathInternalCh	16	static
stm32g0xx_ll_adc.h:2200:22:LL_ADC_SetSamplingTimeCommonChannels	24	static
stm32g0xx_ll_adc.h:2341:26:LL_ADC_REG_IsTriggerSourceSWStart	16	static
stm32g0xx_ll_adc.h:2736:22:LL_ADC_REG_SetSequencerRanks	24	static
stm32g0xx_ll_adc.h:2986:22:LL_ADC_REG_SetSequencerChAdd	16	static
stm32g0xx_ll_adc.h:3070:22:LL_ADC_REG_SetSequencerChRem	16	static
stm32g0xx_ll_adc.h:3286:26:LL_ADC_REG_GetDMATransfer	16	static
stm32g0xx_ll_adc.h:3413:22:LL_ADC_SetChannelSamplingTime	24	static
stm32g0xx_ll_adc.h:3574:22:LL_ADC_SetAnalogWDMonitChannels	32	static
stm32g0xx_ll_adc.h:3791:22:LL_ADC_ConfigAnalogWDThresholds	32	static
stm32g0xx_ll_adc.h:4114:22:LL_ADC_EnableInternalRegulator	16	static
stm32g0xx_ll_adc.h:4144:26:LL_ADC_IsInternalRegulatorEnabled	16	static
stm32g0xx_ll_adc.h:4165:22:LL_ADC_Enable	16	static
stm32g0xx_ll_adc.h:4185:22:LL_ADC_Disable	16	static
stm32g0xx_ll_adc.h:4204:26:LL_ADC_IsEnabled	16	static
stm32g0xx_ll_adc.h:4215:26:LL_ADC_IsDisableOngoing	16	static
stm32g0xx_ll_adc.h:4292:22:LL_ADC_REG_StartConversion	16	static
stm32g0xx_ll_adc.h:4312:22:LL_ADC_REG_StopConversion	16	static
stm32g0xx_ll_adc.h:4328:26:LL_ADC_REG_IsConversionOngoing	16	static
stm32g0xx_ll_adc.h:4617:22:LL_ADC_ClearFlag_AWD1	16	static
stm32g0xx_ll_adc.h:4628:22:LL_ADC_ClearFlag_AWD2	16	static
stm32g0xx_ll_adc.h:4639:22:LL_ADC_ClearFlag_AWD3	16	static
stm32g0xx_ll_adc.h:4735:22:LL_ADC_EnableIT_AWD1	16	static
stm32g0xx_ll_adc.h:4746:22:LL_ADC_EnableIT_AWD2	16	static
stm32g0xx_ll_adc.h:4757:22:LL_ADC_EnableIT_AWD3	16	static
stm32g0xx_ll_adc.h:4845:22:LL_ADC_DisableIT_AWD1	16	static
stm32g0xx_ll_adc.h:4856:22:LL_ADC_DisableIT_AWD2	16	static
stm32g0xx_ll_adc.h:4867:22:LL_ADC_DisableIT_AWD3	16	static
stm32g0xx_hal_adc.c:386:19:HAL_ADC_Init	40	static
stm32g0xx_hal_adc.c:768:19:HAL_ADC_DeInit	32	static
stm32g0xx_hal_adc.c:893:13:HAL_ADC_MspInit	16	static
stm32g0xx_hal_adc.c:910:13:HAL_ADC_MspDeInit	16	static
stm32g0xx_hal_adc.c:1176:19:HAL_ADC_Start	32	static
stm32g0xx_hal_adc.c:1246:19:HAL_ADC_Stop	32	static
stm32g0xx_hal_adc.c:1300:19:HAL_ADC_PollForConversion	24	static
stm32g0xx_hal_adc.c:1427:19:HAL_ADC_PollForEvent	32	static
stm32g0xx_hal_adc.c:1554:19:HAL_ADC_Start_IT	32	static
stm32g0xx_hal_adc.c:1648:19:HAL_ADC_Stop_IT	32	static
stm32g0xx_hal_adc.c:1698:19:HAL_ADC_Start_DMA	40	static
stm32g0xx_hal_adc.c:1796:19:HAL_ADC_Stop_DMA	32	static
stm32g0xx_hal_adc.c:1880:10:HAL_ADC_GetValue	16	static
stm32g0xx_hal_adc.c:1897:6:HAL_ADC_IRQHandler	32	static
stm32g0xx_hal_adc.c:2107:13:HAL_ADC_ConvCpltCallback	16	static
stm32g0xx_hal_adc.c:2122:13:HAL_ADC_ConvHalfCpltCallback	16	static
stm32g0xx_hal_adc.c:2137:13:HAL_ADC_LevelOutOfWindowCallback	16	static
stm32g0xx_hal_adc.c:2159:13:HAL_ADC_ErrorCallback	16	static
stm32g0xx_hal_adc.c:2205:19:HAL_ADC_ConfigChannel	32	static
stm32g0xx_hal_adc.c:2407:19:HAL_ADC_AnalogWDGConfig	32	static
stm32g0xx_hal_adc.c:2624:10:HAL_ADC_GetState	16	static
stm32g0xx_hal_adc.c:2638:10:HAL_ADC_GetError	16	static
stm32g0xx_hal_adc.c:2665:19:ADC_ConversionStop	24	static
stm32g0xx_hal_adc.c:2715:19:ADC_Enable	24	static
stm32g0xx_hal_adc.c:2787:19:ADC_Disable	24	static
stm32g0xx_hal_adc.c:2845:13:ADC_DMAConvCplt	24	static
stm32g0xx_hal_adc.c:2923:13:ADC_DMAHalfConvCplt	24	static
stm32g0xx_hal_adc.c:2941:13:ADC_DMAError	24	static
