stm32g0xx_hal_uart.c:3231:13:UART_EndRxTransfer	0	static
stm32g0xx_hal_uart.c:3617:13:UART_TxISR_16BIT	8	static
stm32g0xx_hal_uart.c:3689:13:UART_TxISR_16BIT_FIFOEN	16	static
stm32g0xx_hal_uart.c:3588:13:UART_TxISR_8BIT	8	static
stm32g0xx_hal_uart.c:3649:13:UART_TxISR_8BIT_FIFOEN	16	static
stm32g0xx_hal_uart.c:657:13:HAL_UART_MspInit	0	static
stm32g0xx_hal_uart.c:672:13:HAL_UART_MspDeInit	0	static
stm32g0xx_hal_uart.c:612:19:HAL_UART_DeInit	16	static
stm32g0xx_hal_uart.c:1239:19:HAL_UART_Transmit_IT	20	static
stm32g0xx_hal_uart.c:1328:19:HAL_UART_Receive_IT	20	static
stm32g0xx_hal_uart.c:1424:19:HAL_UART_Transmit_DMA	32	static
stm32g0xx_hal_uart.c:1515:19:HAL_UART_Receive_DMA	32	static
stm32g0xx_hal_uart.c:1597:19:HAL_UART_DMAPause	12	static
stm32g0xx_hal_uart.c:1631:19:HAL_UART_DMAResume	8	static
stm32g0xx_hal_uart.c:1663:19:HAL_UART_DMAStop	16	static
stm32g0xx_hal_uart.c:1738:19:HAL_UART_Abort	16	static
stm32g0xx_hal_uart.c:1831:19:HAL_UART_AbortTransmit	8	static
stm32g0xx_hal_uart.c:1889:19:HAL_UART_AbortReceive	8	static
stm32g0xx_hal_uart.c:2488:13:HAL_UART_TxCpltCallback	0	static
stm32g0xx_hal_uart.c:3250:13:UART_DMATransmitCplt	8	static
stm32g0xx_hal_uart.c:2503:13:HAL_UART_TxHalfCpltCallback	0	static
stm32g0xx_hal_uart.c:3284:13:UART_DMATxHalfCplt	8	static
stm32g0xx_hal_uart.c:2518:13:HAL_UART_RxCpltCallback	0	static
stm32g0xx_hal_uart.c:3755:13:UART_RxISR_8BIT	16	static
stm32g0xx_hal_uart.c:3805:13:UART_RxISR_16BIT	16	static
stm32g0xx_hal_uart.c:3857:13:UART_RxISR_8BIT_FIFOEN	32	static
stm32g0xx_hal_uart.c:3929:13:UART_RxISR_16BIT_FIFOEN	32	static
stm32g0xx_hal_uart.c:3302:13:UART_DMAReceiveCplt	8	static
stm32g0xx_hal_uart.c:2533:13:HAL_UART_RxHalfCpltCallback	0	static
stm32g0xx_hal_uart.c:3337:13:UART_DMARxHalfCplt	8	static
stm32g0xx_hal_uart.c:2548:13:HAL_UART_ErrorCallback	0	static
stm32g0xx_hal_uart.c:3355:13:UART_DMAError	16	static
stm32g0xx_hal_uart.c:2267:6:HAL_UART_IRQHandler	32	static
stm32g0xx_hal_uart.c:3395:13:UART_DMAAbortOnError	8	static
stm32g0xx_hal_uart.c:2563:13:HAL_UART_AbortCpltCallback	0	static
stm32g0xx_hal_uart.c:1949:19:HAL_UART_Abort_IT	16	static
stm32g0xx_hal_uart.c:3472:13:UART_DMARxAbortCallback	16	static
stm32g0xx_hal_uart.c:3418:13:UART_DMATxAbortCallback	8	static
stm32g0xx_hal_uart.c:2578:13:HAL_UART_AbortTransmitCpltCallback	0	static
stm32g0xx_hal_uart.c:2093:19:HAL_UART_AbortTransmit_IT	8	static
stm32g0xx_hal_uart.c:3523:13:UART_DMATxOnlyAbortCallback	8	static
stm32g0xx_hal_uart.c:2593:13:HAL_UART_AbortReceiveCpltCallback	0	static
stm32g0xx_hal_uart.c:2183:19:HAL_UART_AbortReceive_IT	8	static
stm32g0xx_hal_uart.c:3556:13:UART_DMARxOnlyAbortCallback	8	static
stm32g0xx_hal_uart.c:2675:6:HAL_MultiProcessor_EnterMuteMode	0	static
stm32g0xx_hal_uart.c:2685:19:HAL_HalfDuplex_EnableTransmitter	8	static
stm32g0xx_hal_uart.c:2708:19:HAL_HalfDuplex_EnableReceiver	8	static
stm32g0xx_hal_uart.c:2732:19:HAL_LIN_SendBreak	8	static
stm32g0xx_hal_uart.c:2777:23:HAL_UART_GetState	0	static
stm32g0xx_hal_uart.c:2793:10:HAL_UART_GetError	0	static
stm32g0xx_hal_uart.c:2838:19:UART_SetConfig	24	static
stm32g0xx_hal_uart.c:3058:6:UART_AdvFeatureConfig	12	static
stm32g0xx_hal_uart.c:3182:19:UART_WaitOnFlagUntilTimeout	24	static
stm32g0xx_hal_uart.c:1035:19:HAL_UART_Transmit	48	static
stm32g0xx_hal_uart.c:1139:19:HAL_UART_Receive	48	static
stm32g0xx_hal_uart.c:3132:19:UART_CheckIdleState	24	static
stm32g0xx_hal_uart.c:295:19:HAL_UART_Init	16	static
stm32g0xx_hal_uart.c:368:19:HAL_HalfDuplex_Init	16	static
stm32g0xx_hal_uart.c:441:19:HAL_LIN_Init	16	static
stm32g0xx_hal_uart.c:538:19:HAL_MultiProcessor_Init	24	static
stm32g0xx_hal_uart.c:2635:19:HAL_MultiProcessor_EnableMuteMode	8	static
stm32g0xx_hal_uart.c:2655:19:HAL_MultiProcessor_DisableMuteMode	8	static
