stm32g0xx_hal_pwr_ex.c:101:6:HAL_PWREx_EnableBatteryCharging	0	static
stm32g0xx_hal_pwr_ex.c:116:6:HAL_PWREx_DisableBatteryCharging	0	static
stm32g0xx_hal_pwr_ex.c:129:6:HAL_PWREx_EnablePORMonitorSampling	0	static
stm32g0xx_hal_pwr_ex.c:139:6:HAL_PWREx_DisablePORMonitorSampling	0	static
stm32g0xx_hal_pwr_ex.c:150:6:HAL_PWREx_EnableInternalWakeUpLine	0	static
stm32g0xx_hal_pwr_ex.c:160:6:HAL_PWREx_DisableInternalWakeUpLine	0	static
stm32g0xx_hal_pwr_ex.c:185:19:HAL_PWREx_EnableGPIOPullUp	4	static
stm32g0xx_hal_pwr_ex.c:241:19:HAL_PWREx_DisableGPIOPullUp	4	static
stm32g0xx_hal_pwr_ex.c:298:19:HAL_PWREx_EnableGPIOPullDown	4	static
stm32g0xx_hal_pwr_ex.c:354:19:HAL_PWREx_DisableGPIOPullDown	4	static
stm32g0xx_hal_pwr_ex.c:402:6:HAL_PWREx_EnablePullUpPullDownConfig	0	static
stm32g0xx_hal_pwr_ex.c:413:6:HAL_PWREx_DisablePullUpPullDownConfig	0	static
stm32g0xx_hal_pwr_ex.c:425:6:HAL_PWREx_EnableSRAMRetention	0	static
stm32g0xx_hal_pwr_ex.c:437:6:HAL_PWREx_DisableSRAMRetention	0	static
stm32g0xx_hal_pwr_ex.c:453:6:HAL_PWREx_EnableFlashPowerDown	0	static
stm32g0xx_hal_pwr_ex.c:471:6:HAL_PWREx_DisableFlashPowerDown	0	static
stm32g0xx_hal_pwr_ex.c:483:10:HAL_PWREx_GetVoltageRange	0	static
stm32g0xx_hal_pwr_ex.c:509:19:HAL_PWREx_ControlVoltageScaling	8	static
stm32g0xx_hal_pwr_ex.c:550:6:HAL_PWREx_EnableLowPowerRunMode	0	static
stm32g0xx_hal_pwr_ex.c:565:19:HAL_PWREx_DisableLowPowerRunMode	8	static
stm32g0xx_hal_pwr_ex.c:607:6:HAL_PWREx_EnterSHUTDOWNMode	0	static,ignoring_inline_asm
