stm32g0xx_hal_tim_ex.c:2359:13:TIM_CCxNChannelCmd	8	static
stm32g0xx_hal_tim_ex.c:271:13:HAL_TIMEx_HallSensor_MspInit	0	static
stm32g0xx_hal_tim_ex.c:143:19:HAL_TIMEx_HallSensor_Init	64	static
stm32g0xx_hal_tim_ex.c:286:13:HAL_TIMEx_HallSensor_MspDeInit	0	static
stm32g0xx_hal_tim_ex.c:235:19:HAL_TIMEx_HallSensor_DeInit	16	static
stm32g0xx_hal_tim_ex.c:301:19:HAL_TIMEx_HallSensor_Start	8	static
stm32g0xx_hal_tim_ex.c:328:19:HAL_TIMEx_HallSensor_Stop	8	static
stm32g0xx_hal_tim_ex.c:349:19:HAL_TIMEx_HallSensor_Start_IT	8	static
stm32g0xx_hal_tim_ex.c:379:19:HAL_TIMEx_HallSensor_Stop_IT	8	static
stm32g0xx_hal_tim_ex.c:405:19:HAL_TIMEx_HallSensor_Start_DMA	16	static
stm32g0xx_hal_tim_ex.c:465:19:HAL_TIMEx_HallSensor_Stop_DMA	8	static
stm32g0xx_hal_tim_ex.c:521:19:HAL_TIMEx_OCN_Start	8	static
stm32g0xx_hal_tim_ex.c:556:19:HAL_TIMEx_OCN_Stop	8	static
stm32g0xx_hal_tim_ex.c:585:19:HAL_TIMEx_OCN_Start_IT	8	static
stm32g0xx_hal_tim_ex.c:651:19:HAL_TIMEx_OCN_Stop_IT	8	static
stm32g0xx_hal_tim_ex.c:717:19:HAL_TIMEx_OCN_Start_DMA	16	static
stm32g0xx_hal_tim_ex.c:835:19:HAL_TIMEx_OCN_Stop_DMA	16	static
stm32g0xx_hal_tim_ex.c:930:19:HAL_TIMEx_PWMN_Start	8	static
stm32g0xx_hal_tim_ex.c:964:19:HAL_TIMEx_PWMN_Stop	8	static
stm32g0xx_hal_tim_ex.c:993:19:HAL_TIMEx_PWMN_Start_IT	8	static
stm32g0xx_hal_tim_ex.c:1058:19:HAL_TIMEx_PWMN_Stop_IT	8	static
stm32g0xx_hal_tim_ex.c:1125:19:HAL_TIMEx_PWMN_Start_DMA	8	static
stm32g0xx_hal_tim_ex.c:1242:19:HAL_TIMEx_PWMN_Stop_DMA	8	static
stm32g0xx_hal_tim_ex.c:1325:19:HAL_TIMEx_OnePulseN_Start	8	static
stm32g0xx_hal_tim_ex.c:1350:19:HAL_TIMEx_OnePulseN_Stop	8	static
stm32g0xx_hal_tim_ex.c:1379:19:HAL_TIMEx_OnePulseN_Start_IT	8	static
stm32g0xx_hal_tim_ex.c:1410:19:HAL_TIMEx_OnePulseN_Stop_IT	8	static
stm32g0xx_hal_tim_ex.c:1482:19:HAL_TIMEx_ConfigCommutEvent	12	static
stm32g0xx_hal_tim_ex.c:1538:19:HAL_TIMEx_ConfigCommutEvent_IT	12	static
stm32g0xx_hal_tim_ex.c:1595:19:HAL_TIMEx_ConfigCommutEvent_DMA	16	static
stm32g0xx_hal_tim_ex.c:1644:19:HAL_TIMEx_MasterConfigSynchronization	16	static
stm32g0xx_hal_tim_ex.c:1714:19:HAL_TIMEx_ConfigBreakDeadTime	8	static
stm32g0xx_hal_tim_ex.c:1796:19:HAL_TIMEx_ConfigBreakInput	20	static
stm32g0xx_hal_tim_ex.c:1930:19:HAL_TIMEx_RemapConfig	8	static
stm32g0xx_hal_tim_ex.c:2000:20:HAL_TIMEx_TISelection	12	static
stm32g0xx_hal_tim_ex.c:2039:19:HAL_TIMEx_GroupChannel5	12	static
stm32g0xx_hal_tim_ex.c:2077:19:HAL_TIMEx_DisarmBreakInput	0	static
stm32g0xx_hal_tim_ex.c:2130:19:HAL_TIMEx_ReArmBreakInput	16	static
stm32g0xx_hal_tim_ex.c:2213:13:HAL_TIMEx_CommutCallback	0	static
stm32g0xx_hal_tim_ex.c:2313:6:TIMEx_DMACommutationCplt	8	static
stm32g0xx_hal_tim_ex.c:2227:13:HAL_TIMEx_CommutHalfCpltCallback	0	static
stm32g0xx_hal_tim_ex.c:2332:6:TIMEx_DMACommutationHalfCplt	8	static
stm32g0xx_hal_tim_ex.c:2242:13:HAL_TIMEx_BreakCallback	0	static
stm32g0xx_hal_tim_ex.c:2257:13:HAL_TIMEx_Break2Callback	0	static
stm32g0xx_hal_tim_ex.c:2290:22:HAL_TIMEx_HallSensor_GetState	0	static
