stm32g0xx_hal_rcc.c:208:19:HAL_RCC_DeInit	16	static
stm32g0xx_hal_rcc.c:300:19:HAL_RCC_OscConfig	40	static
stm32g0xx_hal_rcc.c:945:6:HAL_RCC_MCOConfig	40	static
stm32g0xx_hal_rcc.c:1008:10:HAL_RCC_GetSysClockFreq	16	static
stm32g0xx_hal_rcc.c:747:19:HAL_RCC_ClockConfig	32	static
stm32g0xx_hal_rcc.c:1076:10:HAL_RCC_GetHCLKFreq	0	static
stm32g0xx_hal_rcc.c:1087:10:HAL_RCC_GetPCLK1Freq	0	static
stm32g0xx_hal_rcc.c:1100:6:HAL_RCC_GetOscConfig	0	static
stm32g0xx_hal_rcc.c:1188:6:HAL_RCC_GetClockConfig	12	static
stm32g0xx_hal_rcc.c:1221:6:HAL_RCC_EnableCSS	0	static
stm32g0xx_hal_rcc.c:1237:6:HAL_RCC_EnableLSECSS	0	static
stm32g0xx_hal_rcc.c:1248:6:HAL_RCC_DisableLSECSS	0	static
stm32g0xx_hal_rcc.c:1284:13:HAL_RCC_CSSCallback	0	static
stm32g0xx_hal_rcc.c:1295:13:HAL_RCC_LSECSSCallback	0	static
stm32g0xx_hal_rcc.c:1258:6:HAL_RCC_NMI_IRQHandler	8	static
