stm32g0xx_hal_exti.c:144:19:HAL_EXTI_SetConfigLine	32	static
stm32g0xx_hal_exti.c:266:19:HAL_EXTI_GetConfigLine	20	static
stm32g0xx_hal_exti.c:369:19:HAL_EXTI_ClearConfigLine	20	static
stm32g0xx_hal_exti.c:435:19:HAL_EXTI_RegisterCallback	0	static
stm32g0xx_hal_exti.c:470:19:HAL_EXTI_GetHandle	0	static
stm32g0xx_hal_exti.c:511:6:HAL_EXTI_IRQHandler	16	static
stm32g0xx_hal_exti.c:565:10:HAL_EXTI_GetPending	12	static
stm32g0xx_hal_exti.c:609:6:HAL_EXTI_ClearPending	8	static
stm32g0xx_hal_exti.c:645:6:HAL_EXTI_GenerateSWI	0	static
