stm32g0xx_ll_adc.h:3574:22:LL_ADC_SetAnalogWDMonitChannels	8	static
stm32g0xx_ll_adc.h:4328:26:LL_ADC_REG_IsConversionOngoing	0	static
stm32g0xx_hal_adc.c:893:13:HAL_ADC_MspInit	0	static
stm32g0xx_hal_adc.c:386:19:HAL_ADC_Init	40	static
stm32g0xx_hal_adc.c:910:13:HAL_ADC_MspDeInit	0	static
stm32g0xx_hal_adc.c:1300:19:HAL_ADC_PollForConversion	24	static
stm32g0xx_hal_adc.c:1427:19:HAL_ADC_PollForEvent	24	static
stm32g0xx_hal_adc.c:1880:10:HAL_ADC_GetValue	0	static
stm32g0xx_hal_adc.c:2107:13:HAL_ADC_ConvCpltCallback	0	static
stm32g0xx_hal_adc.c:2122:13:HAL_ADC_ConvHalfCpltCallback	0	static
stm32g0xx_hal_adc.c:2923:13:ADC_DMAHalfConvCplt	8	static
stm32g0xx_hal_adc.c:2137:13:HAL_ADC_LevelOutOfWindowCallback	0	static
stm32g0xx_hal_adc.c:2159:13:HAL_ADC_ErrorCallback	0	static
stm32g0xx_hal_adc.c:2941:13:ADC_DMAError	8	static
stm32g0xx_hal_adc.c:2845:13:ADC_DMAConvCplt	8	static
stm32g0xx_hal_adc.c:1897:6:HAL_ADC_IRQHandler	24	static
stm32g0xx_hal_adc.c:2205:19:HAL_ADC_ConfigChannel	48	static
stm32g0xx_hal_adc.c:2407:19:HAL_ADC_AnalogWDGConfig	32	static
stm32g0xx_hal_adc.c:2624:10:HAL_ADC_GetState	0	static
stm32g0xx_hal_adc.c:2638:10:HAL_ADC_GetError	0	static
stm32g0xx_hal_adc.c:2665:19:ADC_ConversionStop	16	static
stm32g0xx_hal_adc.c:2715:19:ADC_Enable	24	static
stm32g0xx_hal_adc.c:1176:19:HAL_ADC_Start	16	static
stm32g0xx_hal_adc.c:1554:19:HAL_ADC_Start_IT	16	static
stm32g0xx_hal_adc.c:1698:19:HAL_ADC_Start_DMA	32	static
stm32g0xx_hal_adc.c:2787:19:ADC_Disable	16	static
stm32g0xx_hal_adc.c:768:19:HAL_ADC_DeInit	16	static
stm32g0xx_hal_adc.c:1246:19:HAL_ADC_Stop	16	static
stm32g0xx_hal_adc.c:1648:19:HAL_ADC_Stop_IT	16	static
stm32g0xx_hal_adc.c:1796:19:HAL_ADC_Stop_DMA	16	static
