stm32g0xx_hal_gpio.c:170:6:HAL_GPIO_Init	40	static
stm32g0xx_hal_gpio.c:292:6:HAL_GPIO_DeInit	40	static
stm32g0xx_hal_gpio.c:373:15:HAL_GPIO_ReadPin	0	static
stm32g0xx_hal_gpio.c:407:6:HAL_GPIO_WritePin	0	static
stm32g0xx_hal_gpio.c:430:6:HAL_GPIO_TogglePin	0	static
stm32g0xx_hal_gpio.c:456:19:HAL_GPIO_LockPin	8	static
stm32g0xx_hal_gpio.c:512:13:HAL_GPIO_EXTI_Rising_Callback	0	static
stm32g0xx_hal_gpio.c:527:13:HAL_GPIO_EXTI_Falling_Callback	0	static
stm32g0xx_hal_gpio.c:491:6:HAL_GPIO_EXTI_IRQHandler	16	static
