stm32g0xx_hal.c:206:13:HAL_MspInit	0	static
stm32g0xx_hal.c:217:13:HAL_MspDeInit	0	static
stm32g0xx_hal.c:180:19:HAL_DeInit	8	static
stm32g0xx_hal.c:240:26:HAL_InitTick	16	static
stm32g0xx_hal.c:143:19:HAL_Init	8	static
stm32g0xx_hal.c:307:13:HAL_IncTick	0	static
stm32g0xx_hal.c:318:17:HAL_GetTick	0	static
stm32g0xx_hal.c:327:10:HAL_GetTickPrio	0	static
stm32g0xx_hal.c:336:19:HAL_SetTickFreq	16	static
stm32g0xx_hal.c:358:10:HAL_GetTickFreq	0	static
stm32g0xx_hal.c:374:13:HAL_Delay	16	static
stm32g0xx_hal.c:400:13:HAL_SuspendTick	0	static
stm32g0xx_hal.c:416:13:HAL_ResumeTick	0	static
stm32g0xx_hal.c:426:10:HAL_GetHalVersion	0	static
stm32g0xx_hal.c:435:10:HAL_GetREVID	0	static
stm32g0xx_hal.c:444:10:HAL_GetDEVID	0	static
stm32g0xx_hal.c:453:10:HAL_GetUIDw0	0	static
stm32g0xx_hal.c:462:10:HAL_GetUIDw1	0	static
stm32g0xx_hal.c:471:10:HAL_GetUIDw2	0	static
stm32g0xx_hal.c:499:6:HAL_DBGMCU_EnableDBGStopMode	0	static
stm32g0xx_hal.c:508:6:HAL_DBGMCU_DisableDBGStopMode	0	static
stm32g0xx_hal.c:517:6:HAL_DBGMCU_EnableDBGStandbyMode	0	static
stm32g0xx_hal.c:526:6:HAL_DBGMCU_DisableDBGStandbyMode	0	static
stm32g0xx_hal.c:562:6:HAL_SYSCFG_VREFBUF_VoltageScalingConfig	0	static
stm32g0xx_hal.c:577:6:HAL_SYSCFG_VREFBUF_HighImpedanceConfig	0	static
stm32g0xx_hal.c:589:6:HAL_SYSCFG_VREFBUF_TrimmingConfig	0	static
stm32g0xx_hal.c:601:19:HAL_SYSCFG_EnableVREFBUF	16	static
stm32g0xx_hal.c:627:6:HAL_SYSCFG_DisableVREFBUF	0	static
stm32g0xx_hal.c:637:6:HAL_SYSCFG_EnableIOAnalogSwitchBooster	0	static
stm32g0xx_hal.c:646:6:HAL_SYSCFG_DisableIOAnalogSwitchBooster	0	static
stm32g0xx_hal.c:659:6:HAL_SYSCFG_EnableRemap	0	static
stm32g0xx_hal.c:674:6:HAL_SYSCFG_DisableRemap	0	static
stm32g0xx_hal.c:689:6:HAL_SYSCFG_EnableClampingDiode	0	static
stm32g0xx_hal.c:703:6:HAL_SYSCFG_DisableClampingDiode	0	static
