stm32g0xx_hal_uart_ex.c:694:13:UARTEx_SetNbDataToProcess	32	static
stm32g0xx_hal_uart_ex.c:166:19:HAL_RS485Ex_Init	32	static
stm32g0xx_hal_uart_ex.c:272:13:HAL_UARTEx_WakeupCallback	0	static
stm32g0xx_hal_uart_ex.c:287:13:HAL_UARTEx_RxFifoFullCallback	0	static
stm32g0xx_hal_uart_ex.c:302:13:HAL_UARTEx_TxFifoEmptyCallback	0	static
stm32g0xx_hal_uart_ex.c:355:19:HAL_MultiProcessorEx_AddressLength_Set	16	static
stm32g0xx_hal_uart_ex.c:393:19:HAL_UARTEx_StopModeWakeUpSourceConfig	40	static
stm32g0xx_hal_uart_ex.c:448:19:HAL_UARTEx_EnableStopMode	8	static
stm32g0xx_hal_uart_ex.c:467:19:HAL_UARTEx_DisableStopMode	8	static
stm32g0xx_hal_uart_ex.c:486:19:HAL_UARTEx_EnableFifoMode	16	static
stm32g0xx_hal_uart_ex.c:527:19:HAL_UARTEx_DisableFifoMode	16	static
stm32g0xx_hal_uart_ex.c:573:19:HAL_UARTEx_SetTxFifoThreshold	24	static
stm32g0xx_hal_uart_ex.c:622:19:HAL_UARTEx_SetRxFifoThreshold	24	static
