stm32l4xx_ll_adc.h:4714:22:LL_ADC_SetChannelSamplingTime	12	static
stm32l4xx_ll_adc.h:6168:26:LL_ADC_REG_IsConversionOngoing	0	static
stm32l4xx_ll_adc.h:6351:26:LL_ADC_INJ_IsConversionOngoing	0	static
stm32l4xx_hal_adc_ex.c:128:19:HAL_ADCEx_Calibration_Start	24	static
stm32l4xx_hal_adc_ex.c:202:10:HAL_ADCEx_Calibration_GetValue	0	static
stm32l4xx_hal_adc_ex.c:222:19:HAL_ADCEx_Calibration_SetValue	24	static
stm32l4xx_hal_adc_ex.c:279:19:HAL_ADCEx_InjectedStart	16	static
stm32l4xx_hal_adc_ex.c:428:19:HAL_ADCEx_InjectedStop	8	static
stm32l4xx_hal_adc_ex.c:483:19:HAL_ADCEx_InjectedPollForConversion	24	static
stm32l4xx_hal_adc_ex.c:624:19:HAL_ADCEx_InjectedStart_IT	16	static
stm32l4xx_hal_adc_ex.c:797:19:HAL_ADCEx_InjectedStop_IT	8	static
stm32l4xx_hal_adc_ex.c:864:19:HAL_ADCEx_MultiModeStart_DMA	128	static
stm32l4xx_hal_adc_ex.c:983:19:HAL_ADCEx_MultiModeStop_DMA	120	static
stm32l4xx_hal_adc_ex.c:1107:10:HAL_ADCEx_MultiModeGetValue	0	static
stm32l4xx_hal_adc_ex.c:1154:10:HAL_ADCEx_InjectedGetValue	0	static
stm32l4xx_hal_adc_ex.c:1189:13:HAL_ADCEx_InjectedConvCpltCallback	0	static
stm32l4xx_hal_adc_ex.c:1208:13:HAL_ADCEx_InjectedQueueOverflowCallback	0	static
stm32l4xx_hal_adc_ex.c:1223:13:HAL_ADCEx_LevelOutOfWindow2Callback	0	static
stm32l4xx_hal_adc_ex.c:1238:13:HAL_ADCEx_LevelOutOfWindow3Callback	0	static
stm32l4xx_hal_adc_ex.c:1254:13:HAL_ADCEx_EndOfSamplingCallback	0	static
stm32l4xx_hal_adc_ex.c:1271:19:HAL_ADCEx_RegularStop	8	static
stm32l4xx_hal_adc_ex.c:1329:19:HAL_ADCEx_RegularStop_IT	8	static
stm32l4xx_hal_adc_ex.c:1389:19:HAL_ADCEx_RegularStop_DMA	16	static
stm32l4xx_hal_adc_ex.c:1476:19:HAL_ADCEx_RegularMultiModeStop_DMA	120	static
stm32l4xx_hal_adc_ex.c:1661:19:HAL_ADCEx_InjectedConfigChannel	32	static,ignoring_inline_asm
stm32l4xx_hal_adc_ex.c:2106:19:HAL_ADCEx_MultiModeConfigChannel	128	static
stm32l4xx_hal_adc_ex.c:2223:19:HAL_ADCEx_EnableInjectedQueue	8	static
stm32l4xx_hal_adc_ex.c:2264:19:HAL_ADCEx_DisableInjectedQueue	8	static
stm32l4xx_hal_adc_ex.c:2301:19:HAL_ADCEx_DisableVoltageRegulator	0	static
stm32l4xx_hal_adc_ex.c:2338:19:HAL_ADCEx_EnterADCDeepPowerDownMode	0	static
