stm32l4xx_ll_adc.h:4714:22:LL_ADC_SetChannelSamplingTime	12	static
stm32l4xx_ll_adc.h:5075:22:LL_ADC_SetAnalogWDMonitChannels	12	static
stm32l4xx_ll_adc.h:6046:26:LL_ADC_IsEnabled	0	static
stm32l4xx_ll_adc.h:6168:26:LL_ADC_REG_IsConversionOngoing	0	static
stm32l4xx_hal_adc.c:908:13:HAL_ADC_MspInit	0	static
stm32l4xx_hal_adc.c:401:19:HAL_ADC_Init	24	static
stm32l4xx_hal_adc.c:925:13:HAL_ADC_MspDeInit	0	static
stm32l4xx_hal_adc.c:1404:19:HAL_ADC_PollForConversion	24	static
stm32l4xx_hal_adc.c:1583:19:HAL_ADC_PollForEvent	24	static
stm32l4xx_hal_adc.c:2214:10:HAL_ADC_GetValue	0	static
stm32l4xx_hal_adc.c:2601:13:HAL_ADC_ConvCpltCallback	0	static
stm32l4xx_hal_adc.c:2616:13:HAL_ADC_ConvHalfCpltCallback	0	static
stm32l4xx_hal_adc.c:3586:6:ADC_DMAHalfConvCplt	8	static
stm32l4xx_hal_adc.c:2631:13:HAL_ADC_LevelOutOfWindowCallback	0	static
stm32l4xx_hal_adc.c:2653:13:HAL_ADC_ErrorCallback	0	static
stm32l4xx_hal_adc.c:2231:6:HAL_ADC_IRQHandler	24	static
stm32l4xx_hal_adc.c:3508:6:ADC_DMAConvCplt	8	static
stm32l4xx_hal_adc.c:3604:6:ADC_DMAError	8	static
stm32l4xx_hal_adc.c:2699:19:HAL_ADC_ConfigChannel	32	static,ignoring_inline_asm
stm32l4xx_hal_adc.c:2956:19:HAL_ADC_AnalogWDGConfig	24	static,ignoring_inline_asm
stm32l4xx_hal_adc.c:3210:10:HAL_ADC_GetState	0	static
stm32l4xx_hal_adc.c:3224:10:HAL_ADC_GetError	0	static
stm32l4xx_hal_adc.c:3254:19:ADC_ConversionStop	16	static
stm32l4xx_hal_adc.c:3382:19:ADC_Enable	16	static
stm32l4xx_hal_adc.c:1215:19:HAL_ADC_Start	16	static
stm32l4xx_hal_adc.c:1728:19:HAL_ADC_Start_IT	16	static
stm32l4xx_hal_adc.c:1988:19:HAL_ADC_Start_DMA	24	static
stm32l4xx_hal_adc.c:3450:19:ADC_Disable	16	static
stm32l4xx_hal_adc.c:706:19:HAL_ADC_DeInit	16	static
stm32l4xx_hal_adc.c:1350:19:HAL_ADC_Stop	8	static
stm32l4xx_hal_adc.c:1935:19:HAL_ADC_Stop_IT	8	static
stm32l4xx_hal_adc.c:2129:19:HAL_ADC_Stop_DMA	16	static
