../Drivers/STM32L4xx_HAL_Driver/Src/stm32l4xx_hal_tim_ex.c:2818:13:TIM_CCxNChannelCmd	8	static
../Drivers/STM32L4xx_HAL_Driver/Src/stm32l4xx_hal_tim_ex.c:2773:13:TIM_DMAErrorCCxN	8	static
../Drivers/STM32L4xx_HAL_Driver/Src/stm32l4xx_hal_tim_ex.c:2714:13:TIM_DMADelayPulseNCplt	8	static
../Drivers/STM32L4xx_HAL_Driver/Src/stm32l4xx_hal_tim_ex.c:287:13:HAL_TIMEx_HallSensor_MspInit	0	static
../Drivers/STM32L4xx_HAL_Driver/Src/stm32l4xx_hal_tim_ex.c:140:19:HAL_TIMEx_HallSensor_Init	48	static
../Drivers/STM32L4xx_HAL_Driver/Src/stm32l4xx_hal_tim_ex.c:302:13:HAL_TIMEx_HallSensor_MspDeInit	0	static
../Drivers/STM32L4xx_HAL_Driver/Src/stm32l4xx_hal_tim_ex.c:242:19:HAL_TIMEx_HallSensor_DeInit	8	static
../Drivers/STM32L4xx_HAL_Driver/Src/stm32l4xx_hal_tim_ex.c:317:19:HAL_TIMEx_HallSensor_Start	16	static
../Drivers/STM32L4xx_HAL_Driver/Src/stm32l4xx_hal_tim_ex.c:371:19:HAL_TIMEx_HallSensor_Stop	8	static
../Drivers/STM32L4xx_HAL_Driver/Src/stm32l4xx_hal_tim_ex.c:399:19:HAL_TIMEx_HallSensor_Start_IT	16	static
../Drivers/STM32L4xx_HAL_Driver/Src/stm32l4xx_hal_tim_ex.c:456:19:HAL_TIMEx_HallSensor_Stop_IT	8	static
../Drivers/STM32L4xx_HAL_Driver/Src/stm32l4xx_hal_tim_ex.c:489:19:HAL_TIMEx_HallSensor_Start_DMA	24	static
../Drivers/STM32L4xx_HAL_Driver/Src/stm32l4xx_hal_tim_ex.c:565:19:HAL_TIMEx_HallSensor_Stop_DMA	8	static
../Drivers/STM32L4xx_HAL_Driver/Src/stm32l4xx_hal_tim_ex.c:627:19:HAL_TIMEx_OCN_Start	8	static
../Drivers/STM32L4xx_HAL_Driver/Src/stm32l4xx_hal_tim_ex.c:678:19:HAL_TIMEx_OCN_Stop	16	static
../Drivers/STM32L4xx_HAL_Driver/Src/stm32l4xx_hal_tim_ex.c:710:19:HAL_TIMEx_OCN_Start_IT	8	static
../Drivers/STM32L4xx_HAL_Driver/Src/stm32l4xx_hal_tim_ex.c:797:19:HAL_TIMEx_OCN_Stop_IT	16	static
../Drivers/STM32L4xx_HAL_Driver/Src/stm32l4xx_hal_tim_ex.c:872:19:HAL_TIMEx_OCN_Start_DMA	16	static
../Drivers/STM32L4xx_HAL_Driver/Src/stm32l4xx_hal_tim_ex.c:1010:19:HAL_TIMEx_OCN_Stop_DMA	16	static
../Drivers/STM32L4xx_HAL_Driver/Src/stm32l4xx_hal_tim_ex.c:1111:19:HAL_TIMEx_PWMN_Start	0	static
../Drivers/STM32L4xx_HAL_Driver/Src/stm32l4xx_hal_tim_ex.c:1161:19:HAL_TIMEx_PWMN_Stop	0	static
../Drivers/STM32L4xx_HAL_Driver/Src/stm32l4xx_hal_tim_ex.c:1193:19:HAL_TIMEx_PWMN_Start_IT	0	static
../Drivers/STM32L4xx_HAL_Driver/Src/stm32l4xx_hal_tim_ex.c:1279:19:HAL_TIMEx_PWMN_Stop_IT	0	static
../Drivers/STM32L4xx_HAL_Driver/Src/stm32l4xx_hal_tim_ex.c:1354:19:HAL_TIMEx_PWMN_Start_DMA	0	static
../Drivers/STM32L4xx_HAL_Driver/Src/stm32l4xx_hal_tim_ex.c:1492:19:HAL_TIMEx_PWMN_Stop_DMA	0	static
../Drivers/STM32L4xx_HAL_Driver/Src/stm32l4xx_hal_tim_ex.c:1583:19:HAL_TIMEx_OnePulseN_Start	24	static
../Drivers/STM32L4xx_HAL_Driver/Src/stm32l4xx_hal_tim_ex.c:1632:19:HAL_TIMEx_OnePulseN_Stop	16	static
../Drivers/STM32L4xx_HAL_Driver/Src/stm32l4xx_hal_tim_ex.c:1671:19:HAL_TIMEx_OnePulseN_Start_IT	24	static
../Drivers/STM32L4xx_HAL_Driver/Src/stm32l4xx_hal_tim_ex.c:1726:19:HAL_TIMEx_OnePulseN_Stop_IT	16	static
../Drivers/STM32L4xx_HAL_Driver/Src/stm32l4xx_hal_tim_ex.c:1806:19:HAL_TIMEx_ConfigCommutEvent	8	static
../Drivers/STM32L4xx_HAL_Driver/Src/stm32l4xx_hal_tim_ex.c:1862:19:HAL_TIMEx_ConfigCommutEvent_IT	8	static
../Drivers/STM32L4xx_HAL_Driver/Src/stm32l4xx_hal_tim_ex.c:1919:19:HAL_TIMEx_ConfigCommutEvent_DMA	8	static
../Drivers/STM32L4xx_HAL_Driver/Src/stm32l4xx_hal_tim_ex.c:1968:19:HAL_TIMEx_MasterConfigSynchronization	16	static
../Drivers/STM32L4xx_HAL_Driver/Src/stm32l4xx_hal_tim_ex.c:2041:19:HAL_TIMEx_ConfigBreakDeadTime	8	static
../Drivers/STM32L4xx_HAL_Driver/Src/stm32l4xx_hal_tim_ex.c:2105:19:HAL_TIMEx_ConfigBreakInput	20	static
../Drivers/STM32L4xx_HAL_Driver/Src/stm32l4xx_hal_tim_ex.c:2459:19:HAL_TIMEx_RemapConfig	8	static
../Drivers/STM32L4xx_HAL_Driver/Src/stm32l4xx_hal_tim_ex.c:2504:19:HAL_TIMEx_GroupChannel5	0	static
../Drivers/STM32L4xx_HAL_Driver/Src/stm32l4xx_hal_tim_ex.c:2554:13:HAL_TIMEx_CommutCallback	0	static
../Drivers/STM32L4xx_HAL_Driver/Src/stm32l4xx_hal_tim_ex.c:2675:6:TIMEx_DMACommutationCplt	8	static
../Drivers/STM32L4xx_HAL_Driver/Src/stm32l4xx_hal_tim_ex.c:2568:13:HAL_TIMEx_CommutHalfCpltCallback	0	static
../Drivers/STM32L4xx_HAL_Driver/Src/stm32l4xx_hal_tim_ex.c:2694:6:TIMEx_DMACommutationHalfCplt	8	static
../Drivers/STM32L4xx_HAL_Driver/Src/stm32l4xx_hal_tim_ex.c:2583:13:HAL_TIMEx_BreakCallback	0	static
../Drivers/STM32L4xx_HAL_Driver/Src/stm32l4xx_hal_tim_ex.c:2598:13:HAL_TIMEx_Break2Callback	0	static
../Drivers/STM32L4xx_HAL_Driver/Src/stm32l4xx_hal_tim_ex.c:2631:22:HAL_TIMEx_HallSensor_GetState	0	static
../Drivers/STM32L4xx_HAL_Driver/Src/stm32l4xx_hal_tim_ex.c:2646:29:HAL_TIMEx_GetChannelNState	0	static
