../Drivers/STM32L4xx_HAL_Driver/Inc/stm32l4xx_ll_adc.h:4716:22:LL_ADC_SetChannelSamplingTime	12	static
../Drivers/STM32L4xx_HAL_Driver/Inc/stm32l4xx_ll_adc.h:6170:26:LL_ADC_REG_IsConversionOngoing	0	static
../Drivers/STM32L4xx_HAL_Driver/Inc/stm32l4xx_ll_adc.h:6353:26:LL_ADC_INJ_IsConversionOngoing	0	static
../Drivers/STM32L4xx_HAL_Driver/Src/stm32l4xx_hal_adc_ex.c:118:19:HAL_ADCEx_Calibration_Start	24	static
../Drivers/STM32L4xx_HAL_Driver/Src/stm32l4xx_hal_adc_ex.c:192:10:HAL_ADCEx_Calibration_GetValue	0	static
../Drivers/STM32L4xx_HAL_Driver/Src/stm32l4xx_hal_adc_ex.c:212:19:HAL_ADCEx_Calibration_SetValue	24	static
../Drivers/STM32L4xx_HAL_Driver/Src/stm32l4xx_hal_adc_ex.c:269:19:HAL_ADCEx_InjectedStart	16	static
../Drivers/STM32L4xx_HAL_Driver/Src/stm32l4xx_hal_adc_ex.c:418:19:HAL_ADCEx_InjectedStop	8	static
../Drivers/STM32L4xx_HAL_Driver/Src/stm32l4xx_hal_adc_ex.c:473:19:HAL_ADCEx_InjectedPollForConversion	24	static
../Drivers/STM32L4xx_HAL_Driver/Src/stm32l4xx_hal_adc_ex.c:614:19:HAL_ADCEx_InjectedStart_IT	16	static
../Drivers/STM32L4xx_HAL_Driver/Src/stm32l4xx_hal_adc_ex.c:787:19:HAL_ADCEx_InjectedStop_IT	8	static
../Drivers/STM32L4xx_HAL_Driver/Src/stm32l4xx_hal_adc_ex.c:854:19:HAL_ADCEx_MultiModeStart_DMA	128	static
../Drivers/STM32L4xx_HAL_Driver/Src/stm32l4xx_hal_adc_ex.c:973:19:HAL_ADCEx_MultiModeStop_DMA	120	static
../Drivers/STM32L4xx_HAL_Driver/Src/stm32l4xx_hal_adc_ex.c:1097:10:HAL_ADCEx_MultiModeGetValue	0	static
../Drivers/STM32L4xx_HAL_Driver/Src/stm32l4xx_hal_adc_ex.c:1144:10:HAL_ADCEx_InjectedGetValue	0	static
../Drivers/STM32L4xx_HAL_Driver/Src/stm32l4xx_hal_adc_ex.c:1179:13:HAL_ADCEx_InjectedConvCpltCallback	0	static
../Drivers/STM32L4xx_HAL_Driver/Src/stm32l4xx_hal_adc_ex.c:1198:13:HAL_ADCEx_InjectedQueueOverflowCallback	0	static
../Drivers/STM32L4xx_HAL_Driver/Src/stm32l4xx_hal_adc_ex.c:1213:13:HAL_ADCEx_LevelOutOfWindow2Callback	0	static
../Drivers/STM32L4xx_HAL_Driver/Src/stm32l4xx_hal_adc_ex.c:1228:13:HAL_ADCEx_LevelOutOfWindow3Callback	0	static
../Drivers/STM32L4xx_HAL_Driver/Src/stm32l4xx_hal_adc_ex.c:1244:13:HAL_ADCEx_EndOfSamplingCallback	0	static
../Drivers/STM32L4xx_HAL_Driver/Src/stm32l4xx_hal_adc_ex.c:1261:19:HAL_ADCEx_RegularStop	8	static
../Drivers/STM32L4xx_HAL_Driver/Src/stm32l4xx_hal_adc_ex.c:1319:19:HAL_ADCEx_RegularStop_IT	8	static
../Drivers/STM32L4xx_HAL_Driver/Src/stm32l4xx_hal_adc_ex.c:1379:19:HAL_ADCEx_RegularStop_DMA	16	static
../Drivers/STM32L4xx_HAL_Driver/Src/stm32l4xx_hal_adc_ex.c:1466:19:HAL_ADCEx_RegularMultiModeStop_DMA	120	static
../Drivers/STM32L4xx_HAL_Driver/Src/stm32l4xx_hal_adc_ex.c:1651:19:HAL_ADCEx_InjectedConfigChannel	32	static,ignoring_inline_asm
../Drivers/STM32L4xx_HAL_Driver/Src/stm32l4xx_hal_adc_ex.c:2096:19:HAL_ADCEx_MultiModeConfigChannel	128	static
../Drivers/STM32L4xx_HAL_Driver/Src/stm32l4xx_hal_adc_ex.c:2213:19:HAL_ADCEx_EnableInjectedQueue	8	static
../Drivers/STM32L4xx_HAL_Driver/Src/stm32l4xx_hal_adc_ex.c:2254:19:HAL_ADCEx_DisableInjectedQueue	8	static
../Drivers/STM32L4xx_HAL_Driver/Src/stm32l4xx_hal_adc_ex.c:2291:19:HAL_ADCEx_DisableVoltageRegulator	0	static
../Drivers/STM32L4xx_HAL_Driver/Src/stm32l4xx_hal_adc_ex.c:2328:19:HAL_ADCEx_EnterADCDeepPowerDownMode	0	static
