../Drivers/STM32L4xx_HAL_Driver/Src/stm32l4xx_hal_pwr_ex.c:114:10:HAL_PWREx_GetVoltageRange	0	static
../Drivers/STM32L4xx_HAL_Driver/Src/stm32l4xx_hal_pwr_ex.c:163:19:HAL_PWREx_ControlVoltageScaling	0	static
../Drivers/STM32L4xx_HAL_Driver/Src/stm32l4xx_hal_pwr_ex.c:282:6:HAL_PWREx_EnableBatteryCharging	0	static
../Drivers/STM32L4xx_HAL_Driver/Src/stm32l4xx_hal_pwr_ex.c:298:6:HAL_PWREx_DisableBatteryCharging	0	static
../Drivers/STM32L4xx_HAL_Driver/Src/stm32l4xx_hal_pwr_ex.c:310:6:HAL_PWREx_EnableVddUSB	0	static
../Drivers/STM32L4xx_HAL_Driver/Src/stm32l4xx_hal_pwr_ex.c:320:6:HAL_PWREx_DisableVddUSB	0	static
../Drivers/STM32L4xx_HAL_Driver/Src/stm32l4xx_hal_pwr_ex.c:353:6:HAL_PWREx_EnableInternalWakeUpLine	0	static
../Drivers/STM32L4xx_HAL_Driver/Src/stm32l4xx_hal_pwr_ex.c:363:6:HAL_PWREx_DisableInternalWakeUpLine	0	static
../Drivers/STM32L4xx_HAL_Driver/Src/stm32l4xx_hal_pwr_ex.c:391:19:HAL_PWREx_EnableGPIOPullUp	0	static
../Drivers/STM32L4xx_HAL_Driver/Src/stm32l4xx_hal_pwr_ex.c:474:19:HAL_PWREx_DisableGPIOPullUp	0	static
../Drivers/STM32L4xx_HAL_Driver/Src/stm32l4xx_hal_pwr_ex.c:551:19:HAL_PWREx_EnableGPIOPullDown	0	static
../Drivers/STM32L4xx_HAL_Driver/Src/stm32l4xx_hal_pwr_ex.c:634:19:HAL_PWREx_DisableGPIOPullDown	0	static
../Drivers/STM32L4xx_HAL_Driver/Src/stm32l4xx_hal_pwr_ex.c:704:6:HAL_PWREx_EnablePullUpPullDownConfig	0	static
../Drivers/STM32L4xx_HAL_Driver/Src/stm32l4xx_hal_pwr_ex.c:716:6:HAL_PWREx_DisablePullUpPullDownConfig	0	static
../Drivers/STM32L4xx_HAL_Driver/Src/stm32l4xx_hal_pwr_ex.c:727:6:HAL_PWREx_EnableSRAM2ContentRetention	0	static
../Drivers/STM32L4xx_HAL_Driver/Src/stm32l4xx_hal_pwr_ex.c:751:19:HAL_PWREx_SetSRAM2ContentRetention	0	static
../Drivers/STM32L4xx_HAL_Driver/Src/stm32l4xx_hal_pwr_ex.c:736:6:HAL_PWREx_DisableSRAM2ContentRetention	0	static
../Drivers/STM32L4xx_HAL_Driver/Src/stm32l4xx_hal_pwr_ex.c:783:6:HAL_PWREx_EnableBORPVD_ULP	0	static
../Drivers/STM32L4xx_HAL_Driver/Src/stm32l4xx_hal_pwr_ex.c:794:6:HAL_PWREx_DisableBORPVD_ULP	0	static
../Drivers/STM32L4xx_HAL_Driver/Src/stm32l4xx_hal_pwr_ex.c:808:6:HAL_PWREx_EnableExtSMPS_0V95	0	static
../Drivers/STM32L4xx_HAL_Driver/Src/stm32l4xx_hal_pwr_ex.c:820:6:HAL_PWREx_DisableExtSMPS_0V95	0	static
../Drivers/STM32L4xx_HAL_Driver/Src/stm32l4xx_hal_pwr_ex.c:878:6:HAL_PWREx_EnablePVM1	0	static
../Drivers/STM32L4xx_HAL_Driver/Src/stm32l4xx_hal_pwr_ex.c:887:6:HAL_PWREx_DisablePVM1	0	static
../Drivers/STM32L4xx_HAL_Driver/Src/stm32l4xx_hal_pwr_ex.c:919:6:HAL_PWREx_EnablePVM3	0	static
../Drivers/STM32L4xx_HAL_Driver/Src/stm32l4xx_hal_pwr_ex.c:928:6:HAL_PWREx_DisablePVM3	0	static
../Drivers/STM32L4xx_HAL_Driver/Src/stm32l4xx_hal_pwr_ex.c:938:6:HAL_PWREx_EnablePVM4	0	static
../Drivers/STM32L4xx_HAL_Driver/Src/stm32l4xx_hal_pwr_ex.c:947:6:HAL_PWREx_DisablePVM4	0	static
../Drivers/STM32L4xx_HAL_Driver/Src/stm32l4xx_hal_pwr_ex.c:967:19:HAL_PWREx_ConfigPVM	0	static
../Drivers/STM32L4xx_HAL_Driver/Src/stm32l4xx_hal_pwr_ex.c:1129:6:HAL_PWREx_EnableLowPowerRunMode	0	static
../Drivers/STM32L4xx_HAL_Driver/Src/stm32l4xx_hal_pwr_ex.c:1144:19:HAL_PWREx_DisableLowPowerRunMode	0	static
../Drivers/STM32L4xx_HAL_Driver/Src/stm32l4xx_hal_pwr_ex.c:1188:6:HAL_PWREx_EnterSTOP0Mode	0	static,ignoring_inline_asm
../Drivers/STM32L4xx_HAL_Driver/Src/stm32l4xx_hal_pwr_ex.c:1239:6:HAL_PWREx_EnterSTOP1Mode	0	static,ignoring_inline_asm
../Drivers/STM32L4xx_HAL_Driver/Src/stm32l4xx_hal_pwr_ex.c:1292:6:HAL_PWREx_EnterSTOP2Mode	0	static,ignoring_inline_asm
../Drivers/STM32L4xx_HAL_Driver/Src/stm32l4xx_hal_pwr_ex.c:1334:6:HAL_PWREx_EnterSHUTDOWNMode	0	static,ignoring_inline_asm
../Drivers/STM32L4xx_HAL_Driver/Src/stm32l4xx_hal_pwr_ex.c:1415:13:HAL_PWREx_PVM1Callback	0	static
../Drivers/STM32L4xx_HAL_Driver/Src/stm32l4xx_hal_pwr_ex.c:1440:13:HAL_PWREx_PVM3Callback	0	static
../Drivers/STM32L4xx_HAL_Driver/Src/stm32l4xx_hal_pwr_ex.c:1451:13:HAL_PWREx_PVM4Callback	0	static
../Drivers/STM32L4xx_HAL_Driver/Src/stm32l4xx_hal_pwr_ex.c:1359:6:HAL_PWREx_PVD_PVM_IRQHandler	8	static
