stm32l4xx_hal_uart.c:3739:13:UART_EndRxTransfer	0	static
stm32l4xx_hal_uart.c:4153:13:UART_TxISR_8BIT	0	static
stm32l4xx_hal_uart.c:4186:13:UART_TxISR_16BIT	0	static
stm32l4xx_hal_uart.c:684:13:HAL_UART_MspInit	0	static
stm32l4xx_hal_uart.c:699:13:HAL_UART_MspDeInit	0	static
stm32l4xx_hal_uart.c:638:19:HAL_UART_DeInit	16	static
stm32l4xx_hal_uart.c:1317:19:HAL_UART_Transmit_IT	0	static
stm32l4xx_hal_uart.c:1451:19:HAL_UART_Transmit_DMA	24	static
stm32l4xx_hal_uart.c:1565:19:HAL_UART_DMAPause	8	static
stm32l4xx_hal_uart.c:1599:19:HAL_UART_DMAResume	0	static
stm32l4xx_hal_uart.c:1631:19:HAL_UART_DMAStop	16	static
stm32l4xx_hal_uart.c:1706:19:HAL_UART_Abort	8	static
stm32l4xx_hal_uart.c:1815:19:HAL_UART_AbortTransmit	8	static
stm32l4xx_hal_uart.c:1880:19:HAL_UART_AbortReceive	8	static
stm32l4xx_hal_uart.c:2661:13:HAL_UART_TxCpltCallback	0	static
stm32l4xx_hal_uart.c:3770:13:UART_DMATransmitCplt	8	static
stm32l4xx_hal_uart.c:2676:13:HAL_UART_TxHalfCpltCallback	0	static
stm32l4xx_hal_uart.c:3804:13:UART_DMATxHalfCplt	8	static
stm32l4xx_hal_uart.c:2691:13:HAL_UART_RxCpltCallback	0	static
stm32l4xx_hal_uart.c:2706:13:HAL_UART_RxHalfCpltCallback	0	static
stm32l4xx_hal_uart.c:2721:13:HAL_UART_ErrorCallback	0	static
stm32l4xx_hal_uart.c:3913:13:UART_DMAError	8	static
stm32l4xx_hal_uart.c:3953:13:UART_DMAAbortOnError	8	static
stm32l4xx_hal_uart.c:2736:13:HAL_UART_AbortCpltCallback	0	static
stm32l4xx_hal_uart.c:1953:19:HAL_UART_Abort_IT	8	static
stm32l4xx_hal_uart.c:4033:13:UART_DMARxAbortCallback	8	static
stm32l4xx_hal_uart.c:3976:13:UART_DMATxAbortCallback	8	static
stm32l4xx_hal_uart.c:2751:13:HAL_UART_AbortTransmitCpltCallback	0	static
stm32l4xx_hal_uart.c:2112:19:HAL_UART_AbortTransmit_IT	8	static
stm32l4xx_hal_uart.c:4085:13:UART_DMATxOnlyAbortCallback	8	static
stm32l4xx_hal_uart.c:2766:13:HAL_UART_AbortReceiveCpltCallback	0	static
stm32l4xx_hal_uart.c:2208:19:HAL_UART_AbortReceive_IT	8	static
stm32l4xx_hal_uart.c:4120:13:UART_DMARxOnlyAbortCallback	8	static
stm32l4xx_hal_uart.c:2783:13:HAL_UARTEx_RxEventCallback	0	static
stm32l4xx_hal_uart.c:2305:6:HAL_UART_IRQHandler	16	static
stm32l4xx_hal_uart.c:4330:13:UART_RxISR_8BIT	8	static
stm32l4xx_hal_uart.c:4404:13:UART_RxISR_16BIT	8	static
stm32l4xx_hal_uart.c:3879:13:UART_DMARxHalfCplt	8	static
stm32l4xx_hal_uart.c:3822:13:UART_DMAReceiveCplt	8	static
stm32l4xx_hal_uart.c:2831:6:HAL_UART_ReceiverTimeout_Config	0	static
stm32l4xx_hal_uart.c:2846:19:HAL_UART_EnableReceiverTimeout	0	static
stm32l4xx_hal_uart.c:2884:19:HAL_UART_DisableReceiverTimeout	0	static
stm32l4xx_hal_uart.c:2962:6:HAL_MultiProcessor_EnterMuteMode	0	static
stm32l4xx_hal_uart.c:2972:19:HAL_HalfDuplex_EnableTransmitter	0	static
stm32l4xx_hal_uart.c:2995:19:HAL_HalfDuplex_EnableReceiver	0	static
stm32l4xx_hal_uart.c:3019:19:HAL_LIN_SendBreak	0	static
stm32l4xx_hal_uart.c:3064:23:HAL_UART_GetState	0	static
stm32l4xx_hal_uart.c:3080:10:HAL_UART_GetError	0	static
stm32l4xx_hal_uart.c:3128:19:UART_SetConfig	24	static
stm32l4xx_hal_uart.c:3383:6:UART_AdvFeatureConfig	8	static
stm32l4xx_hal_uart.c:3508:19:UART_WaitOnFlagUntilTimeout	24	static
stm32l4xx_hal_uart.c:1142:19:HAL_UART_Transmit	40	static
stm32l4xx_hal_uart.c:1231:19:HAL_UART_Receive	40	static
stm32l4xx_hal_uart.c:3457:19:UART_CheckIdleState	32	static
stm32l4xx_hal_uart.c:321:19:HAL_UART_Init	8	static
stm32l4xx_hal_uart.c:394:19:HAL_HalfDuplex_Init	8	static
stm32l4xx_hal_uart.c:467:19:HAL_LIN_Init	16	static
stm32l4xx_hal_uart.c:564:19:HAL_MultiProcessor_Init	16	static
stm32l4xx_hal_uart.c:2922:19:HAL_MultiProcessor_EnableMuteMode	0	static
stm32l4xx_hal_uart.c:2942:19:HAL_MultiProcessor_DisableMuteMode	0	static
stm32l4xx_hal_uart.c:3578:19:UART_Start_Receive_IT	8	static
stm32l4xx_hal_uart.c:1408:19:HAL_UART_Receive_IT	4	static
stm32l4xx_hal_uart.c:3661:19:UART_Start_Receive_DMA	16	static
stm32l4xx_hal_uart.c:1527:19:HAL_UART_Receive_DMA	4	static
