../Drivers/STM32L4xx_HAL_Driver/Inc/stm32l4xx_ll_adc.h:4716:22:LL_ADC_SetChannelSamplingTime	12	static
../Drivers/STM32L4xx_HAL_Driver/Inc/stm32l4xx_ll_adc.h:5077:22:LL_ADC_SetAnalogWDMonitChannels	12	static
../Drivers/STM32L4xx_HAL_Driver/Inc/stm32l4xx_ll_adc.h:6170:26:LL_ADC_REG_IsConversionOngoing	0	static
../Drivers/STM32L4xx_HAL_Driver/Src/stm32l4xx_hal_adc.c:897:13:HAL_ADC_MspInit	0	static
../Drivers/STM32L4xx_HAL_Driver/Src/stm32l4xx_hal_adc.c:393:19:HAL_ADC_Init	24	static
../Drivers/STM32L4xx_HAL_Driver/Src/stm32l4xx_hal_adc.c:914:13:HAL_ADC_MspDeInit	0	static
../Drivers/STM32L4xx_HAL_Driver/Src/stm32l4xx_hal_adc.c:1393:19:HAL_ADC_PollForConversion	24	static
../Drivers/STM32L4xx_HAL_Driver/Src/stm32l4xx_hal_adc.c:1576:19:HAL_ADC_PollForEvent	24	static
../Drivers/STM32L4xx_HAL_Driver/Src/stm32l4xx_hal_adc.c:2212:10:HAL_ADC_GetValue	0	static
../Drivers/STM32L4xx_HAL_Driver/Src/stm32l4xx_hal_adc.c:2601:13:HAL_ADC_ConvCpltCallback	0	static
../Drivers/STM32L4xx_HAL_Driver/Src/stm32l4xx_hal_adc.c:2616:13:HAL_ADC_ConvHalfCpltCallback	0	static
../Drivers/STM32L4xx_HAL_Driver/Src/stm32l4xx_hal_adc.c:3618:6:ADC_DMAHalfConvCplt	8	static
../Drivers/STM32L4xx_HAL_Driver/Src/stm32l4xx_hal_adc.c:2631:13:HAL_ADC_LevelOutOfWindowCallback	0	static
../Drivers/STM32L4xx_HAL_Driver/Src/stm32l4xx_hal_adc.c:2653:13:HAL_ADC_ErrorCallback	0	static
../Drivers/STM32L4xx_HAL_Driver/Src/stm32l4xx_hal_adc.c:2229:6:HAL_ADC_IRQHandler	24	static
../Drivers/STM32L4xx_HAL_Driver/Src/stm32l4xx_hal_adc.c:3540:6:ADC_DMAConvCplt	8	static
../Drivers/STM32L4xx_HAL_Driver/Src/stm32l4xx_hal_adc.c:3636:6:ADC_DMAError	8	static
../Drivers/STM32L4xx_HAL_Driver/Src/stm32l4xx_hal_adc.c:2699:19:HAL_ADC_ConfigChannel	32	static,ignoring_inline_asm
../Drivers/STM32L4xx_HAL_Driver/Src/stm32l4xx_hal_adc.c:2956:19:HAL_ADC_AnalogWDGConfig	24	static,ignoring_inline_asm
../Drivers/STM32L4xx_HAL_Driver/Src/stm32l4xx_hal_adc.c:3210:10:HAL_ADC_GetState	0	static
../Drivers/STM32L4xx_HAL_Driver/Src/stm32l4xx_hal_adc.c:3224:10:HAL_ADC_GetError	0	static
../Drivers/STM32L4xx_HAL_Driver/Src/stm32l4xx_hal_adc.c:3254:19:ADC_ConversionStop	16	static
../Drivers/STM32L4xx_HAL_Driver/Src/stm32l4xx_hal_adc.c:3386:19:ADC_Enable	24	static
../Drivers/STM32L4xx_HAL_Driver/Src/stm32l4xx_hal_adc.c:1204:19:HAL_ADC_Start	16	static
../Drivers/STM32L4xx_HAL_Driver/Src/stm32l4xx_hal_adc.c:1725:19:HAL_ADC_Start_IT	16	static
../Drivers/STM32L4xx_HAL_Driver/Src/stm32l4xx_hal_adc.c:1985:19:HAL_ADC_Start_DMA	24	static
../Drivers/STM32L4xx_HAL_Driver/Src/stm32l4xx_hal_adc.c:3478:19:ADC_Disable	16	static
../Drivers/STM32L4xx_HAL_Driver/Src/stm32l4xx_hal_adc.c:698:19:HAL_ADC_DeInit	16	static
../Drivers/STM32L4xx_HAL_Driver/Src/stm32l4xx_hal_adc.c:1339:19:HAL_ADC_Stop	8	static
../Drivers/STM32L4xx_HAL_Driver/Src/stm32l4xx_hal_adc.c:1932:19:HAL_ADC_Stop_IT	8	static
../Drivers/STM32L4xx_HAL_Driver/Src/stm32l4xx_hal_adc.c:2127:19:HAL_ADC_Stop_DMA	16	static
