../Drivers/STM32L4xx_HAL_Driver/Src/stm32l4xx_hal_flash_ex.c:504:13:FLASH_MassErase	0	static
../Drivers/STM32L4xx_HAL_Driver/Src/stm32l4xx_hal_flash_ex.c:297:19:HAL_FLASHEx_OBProgram	32	static
../Drivers/STM32L4xx_HAL_Driver/Src/stm32l4xx_hal_flash_ex.c:368:6:HAL_FLASHEx_OBGetConfig	0	static
../Drivers/STM32L4xx_HAL_Driver/Src/stm32l4xx_hal_flash_ex.c:551:6:FLASH_PageErase	0	static
../Drivers/STM32L4xx_HAL_Driver/Src/stm32l4xx_hal_flash_ex.c:228:19:HAL_FLASHEx_Erase_IT	8	static
../Drivers/STM32L4xx_HAL_Driver/Src/stm32l4xx_hal_flash_ex.c:594:6:FLASH_FlushCaches	0	static
../Drivers/STM32L4xx_HAL_Driver/Src/stm32l4xx_hal_flash_ex.c:125:19:HAL_FLASHEx_Erase	32	static
