stm32l4xx_ll_adc.h:4714:22:LL_ADC_SetChannelSamplingTime	12	static
stm32l4xx_ll_adc.h:5075:22:LL_ADC_SetAnalogWDMonitChannels	12	static
stm32l4xx_ll_adc.h:6168:26:LL_ADC_REG_IsConversionOngoing	0	static
stm32l4xx_hal_adc.c:905:13:HAL_ADC_MspInit	0	static
stm32l4xx_hal_adc.c:401:19:HAL_ADC_Init	24	static
stm32l4xx_hal_adc.c:922:13:HAL_ADC_MspDeInit	0	static
stm32l4xx_hal_adc.c:1401:19:HAL_ADC_PollForConversion	24	static
stm32l4xx_hal_adc.c:1584:19:HAL_ADC_PollForEvent	24	static
stm32l4xx_hal_adc.c:2219:10:HAL_ADC_GetValue	0	static
stm32l4xx_hal_adc.c:2608:13:HAL_ADC_ConvCpltCallback	0	static
stm32l4xx_hal_adc.c:2623:13:HAL_ADC_ConvHalfCpltCallback	0	static
stm32l4xx_hal_adc.c:3605:6:ADC_DMAHalfConvCplt	8	static
stm32l4xx_hal_adc.c:2638:13:HAL_ADC_LevelOutOfWindowCallback	0	static
stm32l4xx_hal_adc.c:2660:13:HAL_ADC_ErrorCallback	0	static
stm32l4xx_hal_adc.c:2236:6:HAL_ADC_IRQHandler	24	static
stm32l4xx_hal_adc.c:3527:6:ADC_DMAConvCplt	8	static
stm32l4xx_hal_adc.c:3623:6:ADC_DMAError	8	static
stm32l4xx_hal_adc.c:2706:19:HAL_ADC_ConfigChannel	32	static,ignoring_inline_asm
stm32l4xx_hal_adc.c:2963:19:HAL_ADC_AnalogWDGConfig	24	static,ignoring_inline_asm
stm32l4xx_hal_adc.c:3217:10:HAL_ADC_GetState	0	static
stm32l4xx_hal_adc.c:3231:10:HAL_ADC_GetError	0	static
stm32l4xx_hal_adc.c:3261:19:ADC_ConversionStop	16	static
stm32l4xx_hal_adc.c:3393:19:ADC_Enable	16	static
stm32l4xx_hal_adc.c:1212:19:HAL_ADC_Start	16	static
stm32l4xx_hal_adc.c:1733:19:HAL_ADC_Start_IT	16	static
stm32l4xx_hal_adc.c:1993:19:HAL_ADC_Start_DMA	24	static
stm32l4xx_hal_adc.c:3465:19:ADC_Disable	16	static
stm32l4xx_hal_adc.c:706:19:HAL_ADC_DeInit	16	static
stm32l4xx_hal_adc.c:1347:19:HAL_ADC_Stop	8	static
stm32l4xx_hal_adc.c:1940:19:HAL_ADC_Stop_IT	8	static
stm32l4xx_hal_adc.c:2134:19:HAL_ADC_Stop_DMA	16	static
