../Drivers/STM32L4xx_HAL_Driver/Src/stm32l4xx_hal_dma.c:154:19:HAL_DMA_Init	12	static
../Drivers/STM32L4xx_HAL_Driver/Src/stm32l4xx_hal_dma.c:295:19:HAL_DMA_DeInit	8	static
../Drivers/STM32L4xx_HAL_Driver/Src/stm32l4xx_hal_dma.c:431:19:HAL_DMA_Start	20	static
../Drivers/STM32L4xx_HAL_Driver/Src/stm32l4xx_hal_dma.c:474:19:HAL_DMA_Start_IT	20	static
../Drivers/STM32L4xx_HAL_Driver/Src/stm32l4xx_hal_dma.c:547:19:HAL_DMA_Abort	0	static
../Drivers/STM32L4xx_HAL_Driver/Src/stm32l4xx_hal_dma.c:609:19:HAL_DMA_Abort_IT	8	static
../Drivers/STM32L4xx_HAL_Driver/Src/stm32l4xx_hal_dma.c:676:19:HAL_DMA_PollForTransfer	32	static
../Drivers/STM32L4xx_HAL_Driver/Src/stm32l4xx_hal_dma.c:806:6:HAL_DMA_IRQHandler	12	static
../Drivers/STM32L4xx_HAL_Driver/Src/stm32l4xx_hal_dma.c:902:19:HAL_DMA_RegisterCallback	8	static
../Drivers/STM32L4xx_HAL_Driver/Src/stm32l4xx_hal_dma.c:953:19:HAL_DMA_UnRegisterCallback	8	static
../Drivers/STM32L4xx_HAL_Driver/Src/stm32l4xx_hal_dma.c:1031:22:HAL_DMA_GetState	0	static
../Drivers/STM32L4xx_HAL_Driver/Src/stm32l4xx_hal_dma.c:1043:10:HAL_DMA_GetError	0	static
