Archive member included to satisfy reference by file (symbol)

/opt/st/stm32cubeide_1.7.0/plugins/com.st.stm32cube.ide.mcu.externaltools.gnu-tools-for-stm32.9-2020-q2-update.linux64_2.0.0.202105311346/tools/bin/../lib/gcc/arm-none-eabi/9.3.1/../../../../arm-none-eabi/lib/thumb/v7e-m+fp/hard/libc_nano.a(lib_a-errno.o)
                              ./Core/Src/syscalls.o (__errno)
/opt/st/stm32cubeide_1.7.0/plugins/com.st.stm32cube.ide.mcu.externaltools.gnu-tools-for-stm32.9-2020-q2-update.linux64_2.0.0.202105311346/tools/bin/../lib/gcc/arm-none-eabi/9.3.1/../../../../arm-none-eabi/lib/thumb/v7e-m+fp/hard/libc_nano.a(lib_a-exit.o)
                              /opt/st/stm32cubeide_1.7.0/plugins/com.st.stm32cube.ide.mcu.externaltools.gnu-tools-for-stm32.9-2020-q2-update.linux64_2.0.0.202105311346/tools/bin/../lib/gcc/arm-none-eabi/9.3.1/../../../../arm-none-eabi/lib/thumb/v7e-m+fp/hard/crt0.o (exit)
/opt/st/stm32cubeide_1.7.0/plugins/com.st.stm32cube.ide.mcu.externaltools.gnu-tools-for-stm32.9-2020-q2-update.linux64_2.0.0.202105311346/tools/bin/../lib/gcc/arm-none-eabi/9.3.1/../../../../arm-none-eabi/lib/thumb/v7e-m+fp/hard/libc_nano.a(lib_a-impure.o)
                              /opt/st/stm32cubeide_1.7.0/plugins/com.st.stm32cube.ide.mcu.externaltools.gnu-tools-for-stm32.9-2020-q2-update.linux64_2.0.0.202105311346/tools/bin/../lib/gcc/arm-none-eabi/9.3.1/../../../../arm-none-eabi/lib/thumb/v7e-m+fp/hard/libc_nano.a(lib_a-exit.o) (_global_impure_ptr)
/opt/st/stm32cubeide_1.7.0/plugins/com.st.stm32cube.ide.mcu.externaltools.gnu-tools-for-stm32.9-2020-q2-update.linux64_2.0.0.202105311346/tools/bin/../lib/gcc/arm-none-eabi/9.3.1/../../../../arm-none-eabi/lib/thumb/v7e-m+fp/hard/libc_nano.a(lib_a-init.o)
                              /opt/st/stm32cubeide_1.7.0/plugins/com.st.stm32cube.ide.mcu.externaltools.gnu-tools-for-stm32.9-2020-q2-update.linux64_2.0.0.202105311346/tools/bin/../lib/gcc/arm-none-eabi/9.3.1/../../../../arm-none-eabi/lib/thumb/v7e-m+fp/hard/crt0.o (__libc_init_array)
/opt/st/stm32cubeide_1.7.0/plugins/com.st.stm32cube.ide.mcu.externaltools.gnu-tools-for-stm32.9-2020-q2-update.linux64_2.0.0.202105311346/tools/bin/../lib/gcc/arm-none-eabi/9.3.1/../../../../arm-none-eabi/lib/thumb/v7e-m+fp/hard/libc_nano.a(lib_a-memset.o)
                              /opt/st/stm32cubeide_1.7.0/plugins/com.st.stm32cube.ide.mcu.externaltools.gnu-tools-for-stm32.9-2020-q2-update.linux64_2.0.0.202105311346/tools/bin/../lib/gcc/arm-none-eabi/9.3.1/../../../../arm-none-eabi/lib/thumb/v7e-m+fp/hard/crt0.o (memset)
/opt/st/stm32cubeide_1.7.0/plugins/com.st.stm32cube.ide.mcu.externaltools.gnu-tools-for-stm32.9-2020-q2-update.linux64_2.0.0.202105311346/tools/bin/../lib/gcc/arm-none-eabi/9.3.1/thumb/v7e-m+fp/hard/libgcc.a(_aeabi_ldivmod.o)
                              ./Drivers/STM32L4xx_HAL_Driver/Src/stm32l4xx_hal_uart.o (__aeabi_ldivmod)
/opt/st/stm32cubeide_1.7.0/plugins/com.st.stm32cube.ide.mcu.externaltools.gnu-tools-for-stm32.9-2020-q2-update.linux64_2.0.0.202105311346/tools/bin/../lib/gcc/arm-none-eabi/9.3.1/thumb/v7e-m+fp/hard/libgcc.a(_aeabi_uldivmod.o)
                              ./Drivers/STM32L4xx_HAL_Driver/Src/stm32l4xx_hal_uart.o (__aeabi_uldivmod)
/opt/st/stm32cubeide_1.7.0/plugins/com.st.stm32cube.ide.mcu.externaltools.gnu-tools-for-stm32.9-2020-q2-update.linux64_2.0.0.202105311346/tools/bin/../lib/gcc/arm-none-eabi/9.3.1/thumb/v7e-m+fp/hard/libgcc.a(_udivmoddi4.o)
                              /opt/st/stm32cubeide_1.7.0/plugins/com.st.stm32cube.ide.mcu.externaltools.gnu-tools-for-stm32.9-2020-q2-update.linux64_2.0.0.202105311346/tools/bin/../lib/gcc/arm-none-eabi/9.3.1/thumb/v7e-m+fp/hard/libgcc.a(_aeabi_ldivmod.o) (__udivmoddi4)
/opt/st/stm32cubeide_1.7.0/plugins/com.st.stm32cube.ide.mcu.externaltools.gnu-tools-for-stm32.9-2020-q2-update.linux64_2.0.0.202105311346/tools/bin/../lib/gcc/arm-none-eabi/9.3.1/thumb/v7e-m+fp/hard/libgcc.a(_dvmd_tls.o)
                              /opt/st/stm32cubeide_1.7.0/plugins/com.st.stm32cube.ide.mcu.externaltools.gnu-tools-for-stm32.9-2020-q2-update.linux64_2.0.0.202105311346/tools/bin/../lib/gcc/arm-none-eabi/9.3.1/thumb/v7e-m+fp/hard/libgcc.a(_aeabi_ldivmod.o) (__aeabi_ldiv0)

Allocating common symbols
Common symbol       size              file

adc1Result          0x4               ./Core/Src/main.o
dacValue            0x2               ./Core/Src/main.o
avgRadInterval      0x4               ./Core/Src/main.o
hadc2               0x64              ./Core/Src/main.o
htim15              0x4c              ./Core/Src/main.o
alarmLevel          0x2               ./Core/Src/main.o
cfgLevel3           0x2               ./Core/Src/main.o
counterPP           0x14              ./Core/Src/main.o
uwTick              0x4               ./Drivers/STM32L4xx_HAL_Driver/Src/stm32l4xx_hal.o
sleepDelay          0x4               ./Core/Src/main.o
hadc1               0x64              ./Core/Src/main.o
hdma_usart1_rx      0x48              ./Core/Src/main.o
[...]
Memory Configuration

Name             Origin             Length             Attributes
RAM              0x0000000020000000 0x000000000000a000 xrw
FLASH            0x0000000008000000 0x0000000000010000 xr
*default*        0x0000000000000000 0xffffffffffffffff

Linker script and memory map

LOAD /opt/st/stm32cubeide_1.7.0/plugins/com.st.stm32cube.ide.mcu.externaltools.gnu-tools-for-stm32.9-2020-q2-update.linux64_2.0.0.202105311346/tools/bin/../lib/gcc/arm-none-eabi/9.3.1/thumb/v7e-m+fp/hard/crti.o
LOAD /opt/st/stm32cubeide_1.7.0/plugins/com.st.stm32cube.ide.mcu.externaltools.gnu-tools-for-stm32.9-2020-q2-update.linux64_2.0.0.202105311346/tools/bin/../lib/gcc/arm-none-eabi/9.3.1/thumb/v7e-m+fp/hard/crtbegin.o
LOAD /opt/st/stm32cubeide_1.7.0/plugins/com.st.stm32cube.ide.mcu.externaltools.gnu-tools-for-stm32.9-2020-q2-update.linux64_2.0.0.202105311346/tools/bin/../lib/gcc/arm-none-eabi/9.3.1/../../../../arm-none-eabi/lib/thumb/v7e-m+fp/hard/crt0.o
LOAD ./Core/Src/main.o
LOAD ./Core/Src/stm32l4xx_hal_msp.o
LOAD ./Core/Src/stm32l4xx_it.o
LOAD ./Core/Src/syscalls.o
LOAD ./Core/Src/sysmem.o
LOAD ./Core/Src/system_stm32l4xx.o
LOAD ./Core/Startup/startup_stm32l412k8tx.o
LOAD ./Drivers/STM32L4xx_HAL_Driver/Src/stm32l4xx_hal.o
LOAD ./Drivers/STM32L4xx_HAL_Driver/Src/stm32l4xx_hal_adc.o
LOAD ./Drivers/STM32L4xx_HAL_Driver/Src/stm32l4xx_hal_adc_ex.o
LOAD ./Drivers/STM32L4xx_HAL_Driver/Src/stm32l4xx_hal_cortex.o
LOAD ./Drivers/STM32L4xx_HAL_Driver/Src/stm32l4xx_hal_dma.o
LOAD ./Drivers/STM32L4xx_HAL_Driver/Src/stm32l4xx_hal_dma_ex.o
LOAD ./Drivers/STM32L4xx_HAL_Driver/Src/stm32l4xx_hal_exti.o
LOAD ./Drivers/STM32L4xx_HAL_Driver/Src/stm32l4xx_hal_flash.o
LOAD ./Drivers/STM32L4xx_HAL_Driver/Src/stm32l4xx_hal_flash_ex.o
LOAD ./Drivers/STM32L4xx_HAL_Driver/Src/stm32l4xx_hal_flash_ramfunc.o
LOAD ./Drivers/STM32L4xx_HAL_Driver/Src/stm32l4xx_hal_gpio.o
LOAD ./Drivers/STM32L4xx_HAL_Driver/Src/stm32l4xx_hal_i2c.o
LOAD ./Drivers/STM32L4xx_HAL_Driver/Src/stm32l4xx_hal_i2c_ex.o
LOAD ./Drivers/STM32L4xx_HAL_Driver/Src/stm32l4xx_hal_lptim.o
LOAD ./Drivers/STM32L4xx_HAL_Driver/Src/stm32l4xx_hal_pwr.o
LOAD ./Drivers/STM32L4xx_HAL_Driver/Src/stm32l4xx_hal_pwr_ex.o
LOAD ./Drivers/STM32L4xx_HAL_Driver/Src/stm32l4xx_hal_rcc.o
LOAD ./Drivers/STM32L4xx_HAL_Driver/Src/stm32l4xx_hal_rcc_ex.o
LOAD ./Drivers/STM32L4xx_HAL_Driver/Src/stm32l4xx_hal_tim.o
LOAD ./Drivers/STM32L4xx_HAL_Driver/Src/stm32l4xx_hal_tim_ex.o
LOAD ./Drivers/STM32L4xx_HAL_Driver/Src/stm32l4xx_hal_uart.o
LOAD ./Drivers/STM32L4xx_HAL_Driver/Src/stm32l4xx_hal_uart_ex.o
START GROUP
LOAD /opt/st/stm32cubeide_1.7.0/plugins/com.st.stm32cube.ide.mcu.externaltools.gnu-tools-for-stm32.9-2020-q2-update.linux64_2.0.0.202105311346/tools/bin/../lib/gcc/arm-none-eabi/9.3.1/../../../../arm-none-eabi/lib/thumb/v7e-m+fp/hard/libc_nano.a
LOAD /opt/st/stm32cubeide_1.7.0/plugins/com.st.stm32cube.ide.mcu.externaltools.gnu-tools-for-stm32.9-2020-q2-update.linux64_2.0.0.202105311346/tools/bin/../lib/gcc/arm-none-eabi/9.3.1/../../../../arm-none-eabi/lib/thumb/v7e-m+fp/hard/libm.a
END GROUP
START GROUP
LOAD /opt/st/stm32cubeide_1.7.0/plugins/com.st.stm32cube.ide.mcu.externaltools.gnu-tools-for-stm32.9-2020-q2-update.linux64_2.0.0.202105311346/tools/bin/../lib/gcc/arm-none-eabi/9.3.1/thumb/v7e-m+fp/hard/libgcc.a
LOAD /opt/st/stm32cubeide_1.7.0/plugins/com.st.stm32cube.ide.mcu.externaltools.gnu-tools-for-stm32.9-2020-q2-update.linux64_2.0.0.202105311346/tools/bin/../lib/gcc/arm-none-eabi/9.3.1/../../../../arm-none-eabi/lib/thumb/v7e-m+fp/hard/libc_nano.a
END GROUP
START GROUP
LOAD /opt/st/stm32cubeide_1.7.0/plugins/com.st.stm32cube.ide.mcu.externaltools.gnu-tools-for-stm32.9-2020-q2-update.linux64_2.0.0.202105311346/tools/bin/../lib/gcc/arm-none-eabi/9.3.1/thumb/v7e-m+fp/hard/libgcc.a
LOAD /opt/st/stm32cubeide_1.7.0/plugins/com.st.stm32cube.ide.mcu.externaltools.gnu-tools-for-stm32.9-2020-q2-update.linux64_2.0.0.202105311346/tools/bin/../lib/gcc/arm-none-eabi/9.3.1/../../../../arm-none-eabi/lib/thumb/v7e-m+fp/hard/libc_nano.a
LOAD /opt/st/stm32cubeide_1.7.0/plugins/com.st.stm32cube.ide.mcu.externaltools.gnu-tools-for-stm32.9-2020-q2-update.linux64_2.0.0.202105311346/tools/bin/../lib/gcc/arm-none-eabi/9.3.1/../../../../arm-none-eabi/lib/thumb/v7e-m+fp/hard/libnosys.a
END GROUP
START GROUP
LOAD /opt/st/stm32cubeide_1.7.0/plugins/com.st.stm32cube.ide.mcu.externaltools.gnu-tools-for-stm32.9-2020-q2-update.linux64_2.0.0.202105311346/tools/bin/../lib/gcc/arm-none-eabi/9.3.1/thumb/v7e-m+fp/hard/libgcc.a
LOAD /opt/st/stm32cubeide_1.7.0/plugins/com.st.stm32cube.ide.mcu.externaltools.gnu-tools-for-stm32.9-2020-q2-update.linux64_2.0.0.202105311346/tools/bin/../lib/gcc/arm-none-eabi/9.3.1/../../../../arm-none-eabi/lib/thumb/v7e-m+fp/hard/libc_nano.a
LOAD /opt/st/stm32cubeide_1.7.0/plugins/com.st.stm32cube.ide.mcu.externaltools.gnu-tools-for-stm32.9-2020-q2-update.linux64_2.0.0.202105311346/tools/bin/../lib/gcc/arm-none-eabi/9.3.1/../../../../arm-none-eabi/lib/thumb/v7e-m+fp/hard/libnosys.a
END GROUP
LOAD /opt/st/stm32cubeide_1.7.0/plugins/com.st.stm32cube.ide.mcu.externaltools.gnu-tools-for-stm32.9-2020-q2-update.linux64_2.0.0.202105311346/tools/bin/../lib/gcc/arm-none-eabi/9.3.1/thumb/v7e-m+fp/hard/crtend.o
LOAD /opt/st/stm32cubeide_1.7.0/plugins/com.st.stm32cube.ide.mcu.externaltools.gnu-tools-for-stm32.9-2020-q2-update.linux64_2.0.0.202105311346/tools/bin/../lib/gcc/arm-none-eabi/9.3.1/thumb/v7e-m+fp/hard/crtn.o
                0x000000002000a000                _estack = (ORIGIN (RAM) + LENGTH (RAM))
                0x0000000000000200                _Min_Heap_Size = 0x200
                0x0000000000000400                _Min_Stack_Size = 0x400

.isr_vector     0x0000000008000000      0x18c
                0x0000000008000000                . = ALIGN (0x4)
 *(.isr_vector)
 .isr_vector    0x0000000008000000      0x18c ./Core/Startup/startup_stm32l412k8tx.o
                0x0000000008000000                g_pfnVectors
                0x000000000800018c                . = ALIGN (0x4)

.text           0x000000000800018c     0x5000
                0x000000000800018c                . = ALIGN (0x4)
 *(.text)
 .text          0x000000000800018c       0x40 /opt/st/stm32cubeide_1.7.0/plugins/com.st.stm32cube.ide.mcu.externaltools.gnu-tools-for-stm32.9-2020-q2-update.linux64_2.0.0.202105311346/tools/bin/../lib/gcc/arm-none-eabi/9.3.1/thumb/v7e-m+fp/hard/crtbegin.o
 .text          0x00000000080001cc       0x30 /opt/st/stm32cubeide_1.7.0/plugins/com.st.stm32cube.ide.mcu.externaltools.gnu-tools-for-stm32.9-2020-q2-update.linux64_2.0.0.202105311346/tools/bin/../lib/gcc/arm-none-eabi/9.3.1/thumb/v7e-m+fp/hard/libgcc.a(_aeabi_uldivmod.o)
                0x00000000080001cc                __aeabi_uldivmod
 .text          0x00000000080001fc      0x2c4 /opt/st/stm32cubeide_1.7.0/plugins/com.st.stm32cube.ide.mcu.externaltools.gnu-tools-for-stm32.9-2020-q2-update.linux64_2.0.0.202105311346/tools/bin/../lib/gcc/arm-none-eabi/9.3.1/thumb/v7e-m+fp/hard/libgcc.a(_udivmoddi4.o)
                0x00000000080001fc                __udivmoddi4
 .text          0x00000000080004c0        0x4 /opt/st/stm32cubeide_1.7.0/plugins/com.st.stm32cube.ide.mcu.externaltools.gnu-tools-for-stm32.9-2020-q2-update.linux64_2.0.0.202105311346/tools/bin/../lib/gcc/arm-none-eabi/9.3.1/thumb/v7e-m+fp/hard/libgcc.a(_dvmd_tls.o)
                0x00000000080004c0                __aeabi_ldiv0
                0x00000000080004c0                __aeabi_idiv0
 *(.text*)
 .text.bebe     0x00000000080004c4       0x40 ./Core/Src/main.o
                0x00000000080004c4                bebe
 .text.rwFlash  0x0000000008000504      0x190 ./Core/Src/main.o
                0x0000000008000504                rwFlash
 .text.SystemClock_Config
                0x0000000008000694       0x54 ./Core/Src/main.o
                0x0000000008000694                SystemClock_Config
 .text.startup.main
                0x00000000080006e8      0xb38 ./Core/Src/main.o
                0x00000000080006e8                main
 .text.Error_Handler
                0x0000000008001220        0x2 ./Core/Src/main.o
                0x0000000008001220                Error_Handler
 *fill*         0x0000000008001222        0x2 
 .text.HAL_MspInit
                0x0000000008001224       0x30 ./Core/Src/stm32l4xx_hal_msp.o
                0x0000000008001224                HAL_MspInit
 .text.HAL_ADC_MspInit
                0x0000000008001254      0x13c ./Core/Src/stm32l4xx_hal_msp.o
                0x0000000008001254                HAL_ADC_MspInit
 .text.HAL_LPTIM_MspInit
                0x0000000008001390       0x60 ./Core/Src/stm32l4xx_hal_msp.o
                0x0000000008001390                HAL_LPTIM_MspInit
 .text.HAL_TIM_Base_MspInit
                0x00000000080013f0       0xb8 ./Core/Src/stm32l4xx_hal_msp.o
                0x00000000080013f0                HAL_TIM_Base_MspInit
 .text.HAL_TIM_MspPostInit
                0x00000000080014a8       0x4e ./Core/Src/stm32l4xx_hal_msp.o
                0x00000000080014a8                HAL_TIM_MspPostInit
 *fill*         0x00000000080014f6        0x2 
 .text.HAL_UART_MspInit
                0x00000000080014f8       0xb8 ./Core/Src/stm32l4xx_hal_msp.o
                0x00000000080014f8                HAL_UART_MspInit
 .text.HAL_UART_MspDeInit
                0x00000000080015b0       0x38 ./Core/Src/stm32l4xx_hal_msp.o
                0x00000000080015b0                HAL_UART_MspDeInit
 .text.NMI_Handler
                0x00000000080015e8        0x2 ./Core/Src/stm32l4xx_it.o
                0x00000000080015e8                NMI_Handler
 .text.HardFault_Handler
                0x00000000080015ea        0x2 ./Core/Src/stm32l4xx_it.o
                0x00000000080015ea                HardFault_Handler
 .text.MemManage_Handler
                0x00000000080015ec        0x2 ./Core/Src/stm32l4xx_it.o
                0x00000000080015ec                MemManage_Handler
 .text.BusFault_Handler
                0x00000000080015ee        0x2 ./Core/Src/stm32l4xx_it.o
                0x00000000080015ee                BusFault_Handler
 .text.UsageFault_Handler
                0x00000000080015f0        0x2 ./Core/Src/stm32l4xx_it.o
                0x00000000080015f0                UsageFault_Handler
 .text.SVC_Handler
                0x00000000080015f2        0x2 ./Core/Src/stm32l4xx_it.o
                0x00000000080015f2                SVC_Handler
 .text.DebugMon_Handler
                0x00000000080015f4        0x2 ./Core/Src/stm32l4xx_it.o
                0x00000000080015f4                DebugMon_Handler
 .text.PendSV_Handler
                0x00000000080015f6        0x2 ./Core/Src/stm32l4xx_it.o
                0x00000000080015f6                PendSV_Handler
 .text.SysTick_Handler
                0x00000000080015f8        0x4 ./Core/Src/stm32l4xx_it.o
                0x00000000080015f8                SysTick_Handler
 .text.DMA1_Channel1_IRQHandler
                0x00000000080015fc       0x54 ./Core/Src/stm32l4xx_it.o
                0x00000000080015fc                DMA1_Channel1_IRQHandler
 .text.DMA1_Channel5_IRQHandler
                0x0000000008001650        0xc ./Core/Src/stm32l4xx_it.o
                0x0000000008001650                DMA1_Channel5_IRQHandler
 .text.ADC1_2_IRQHandler
                0x000000000800165c      0x10c ./Core/Src/stm32l4xx_it.o
                0x000000000800165c                ADC1_2_IRQHandler
 .text.TIM1_BRK_TIM15_IRQHandler
                0x0000000008001768       0x24 ./Core/Src/stm32l4xx_it.o
                0x0000000008001768                TIM1_BRK_TIM15_IRQHandler
 .text.TIM1_UP_TIM16_IRQHandler
                0x000000000800178c       0x24 ./Core/Src/stm32l4xx_it.o
                0x000000000800178c                TIM1_UP_TIM16_IRQHandler
 .text.TIM6_IRQHandler
                0x00000000080017b0       0xa4 ./Core/Src/stm32l4xx_it.o
                0x00000000080017b0                TIM6_IRQHandler
 .text.LPTIM2_IRQHandler
                0x0000000008001854       0xf0 ./Core/Src/stm32l4xx_it.o
                0x0000000008001854                LPTIM2_IRQHandler
 .text.SystemInit
                0x0000000008001944       0x48 ./Core/Src/system_stm32l4xx.o
                0x0000000008001944                SystemInit
 .text.Reset_Handler
                0x000000000800198c       0x50 ./Core/Startup/startup_stm32l412k8tx.o
                0x000000000800198c                Reset_Handler
 .text.Default_Handler
                0x00000000080019dc        0x2 ./Core/Startup/startup_stm32l412k8tx.o
                0x00000000080019dc                RTC_Alarm_IRQHandler
                0x00000000080019dc                EXTI2_IRQHandler
                0x00000000080019dc                TIM1_CC_IRQHandler
                0x00000000080019dc                TSC_IRQHandler
                0x00000000080019dc                TAMP_STAMP_IRQHandler
                0x00000000080019dc                EXTI3_IRQHandler
                0x00000000080019dc                I2C3_ER_IRQHandler
                0x00000000080019dc                EXTI0_IRQHandler
                0x00000000080019dc                I2C2_EV_IRQHandler
                0x00000000080019dc                FPU_IRQHandler
                0x00000000080019dc                SPI1_IRQHandler
                0x00000000080019dc                DMA2_Channel2_IRQHandler
                0x00000000080019dc                DMA1_Channel4_IRQHandler
                0x00000000080019dc                USART3_IRQHandler
                0x00000000080019dc                DMA1_Channel7_IRQHandler
                0x00000000080019dc                DMA2_Channel1_IRQHandler
                0x00000000080019dc                QUADSPI_IRQHandler
                0x00000000080019dc                I2C1_EV_IRQHandler
                0x00000000080019dc                DMA1_Channel6_IRQHandler
                0x00000000080019dc                DMA2_Channel4_IRQHandler
                0x00000000080019dc                RCC_IRQHandler
                0x00000000080019dc                TIM1_TRG_COM_IRQHandler
                0x00000000080019dc                Default_Handler
                0x00000000080019dc                DMA2_Channel7_IRQHandler
                0x00000000080019dc                EXTI15_10_IRQHandler
                0x00000000080019dc                I2C3_EV_IRQHandler
                0x00000000080019dc                USB_IRQHandler
                0x00000000080019dc                EXTI9_5_IRQHandler
                0x00000000080019dc                RTC_WKUP_IRQHandler
                0x00000000080019dc                PVD_PVM_IRQHandler
                0x00000000080019dc                SPI2_IRQHandler
                0x00000000080019dc                DMA2_Channel5_IRQHandler
                0x00000000080019dc                CRS_IRQHandler
                0x00000000080019dc                EXTI4_IRQHandler
                0x00000000080019dc                RNG_IRQHandler
                0x00000000080019dc                DMA1_Channel3_IRQHandler
                0x00000000080019dc                COMP_IRQHandler
                0x00000000080019dc                WWDG_IRQHandler
                0x00000000080019dc                LPUART1_IRQHandler
                0x00000000080019dc                DMA2_Channel6_IRQHandler
                0x00000000080019dc                TIM2_IRQHandler
                0x00000000080019dc                EXTI1_IRQHandler
                0x00000000080019dc                USART2_IRQHandler
                0x00000000080019dc                I2C2_ER_IRQHandler
                0x00000000080019dc                DMA1_Channel2_IRQHandler
                0x00000000080019dc                FLASH_IRQHandler
                0x00000000080019dc                USART1_IRQHandler
                0x00000000080019dc                I2C1_ER_IRQHandler
                0x00000000080019dc                LPTIM1_IRQHandler
                0x00000000080019dc                DMA2_Channel3_IRQHandler
 *fill*         0x00000000080019de        0x2 
 .text.HAL_InitTick
                0x00000000080019e0       0x4c ./Drivers/STM32L4xx_HAL_Driver/Src/stm32l4xx_hal.o
                0x00000000080019e0                HAL_InitTick
 .text.HAL_Init
                0x0000000008001a2c       0x1e ./Drivers/STM32L4xx_HAL_Driver/Src/stm32l4xx_hal.o
                0x0000000008001a2c                HAL_Init
 *fill*         0x0000000008001a4a        0x2 
 .text.HAL_IncTick
                0x0000000008001a4c       0x18 ./Drivers/STM32L4xx_HAL_Driver/Src/stm32l4xx_hal.o
                0x0000000008001a4c                HAL_IncTick
 .text.HAL_GetTick
                0x0000000008001a64        0xc ./Drivers/STM32L4xx_HAL_Driver/Src/stm32l4xx_hal.o
                0x0000000008001a64                HAL_GetTick
 .text.HAL_Delay
                0x0000000008001a70       0x28 ./Drivers/STM32L4xx_HAL_Driver/Src/stm32l4xx_hal.o
                0x0000000008001a70                HAL_Delay
 .text.LL_ADC_SetChannelSamplingTime
                0x0000000008001a98       0x22 ./Drivers/STM32L4xx_HAL_Driver/Src/stm32l4xx_hal_adc.o
 .text.LL_ADC_REG_IsConversionOngoing
                0x0000000008001aba        0x8 ./Drivers/STM32L4xx_HAL_Driver/Src/stm32l4xx_hal_adc.o
 *fill*         0x0000000008001ac2        0x2 
 .text.HAL_ADC_Init
                0x0000000008001ac4      0x1ac ./Drivers/STM32L4xx_HAL_Driver/Src/stm32l4xx_hal_adc.o
                0x0000000008001ac4                HAL_ADC_Init
 .text.HAL_ADC_GetValue
                0x0000000008001c70        0x6 ./Drivers/STM32L4xx_HAL_Driver/Src/stm32l4xx_hal_adc.o
                0x0000000008001c70                HAL_ADC_GetValue
 .text.HAL_ADC_ConvCpltCallback
                0x0000000008001c76        0x2 ./Drivers/STM32L4xx_HAL_Driver/Src/stm32l4xx_hal_adc.o
                0x0000000008001c76                HAL_ADC_ConvCpltCallback
 .text.HAL_ADC_ConvHalfCpltCallback
                0x0000000008001c78        0x2 ./Drivers/STM32L4xx_HAL_Driver/Src/stm32l4xx_hal_adc.o
                0x0000000008001c78                HAL_ADC_ConvHalfCpltCallback
 .text.ADC_DMAHalfConvCplt
                0x0000000008001c7a        0xa ./Drivers/STM32L4xx_HAL_Driver/Src/stm32l4xx_hal_adc.o
                0x0000000008001c7a                ADC_DMAHalfConvCplt
 .text.HAL_ADC_LevelOutOfWindowCallback
                0x0000000008001c84        0x2 ./Drivers/STM32L4xx_HAL_Driver/Src/stm32l4xx_hal_adc.o
                0x0000000008001c84                HAL_ADC_LevelOutOfWindowCallback
 .text.HAL_ADC_ErrorCallback
                0x0000000008001c86        0x2 ./Drivers/STM32L4xx_HAL_Driver/Src/stm32l4xx_hal_adc.o
                0x0000000008001c86                HAL_ADC_ErrorCallback
 .text.HAL_ADC_IRQHandler
                0x0000000008001c88      0x248 ./Drivers/STM32L4xx_HAL_Driver/Src/stm32l4xx_hal_adc.o
                0x0000000008001c88                HAL_ADC_IRQHandler
 .text.ADC_DMAConvCplt
                0x0000000008001ed0       0x68 ./Drivers/STM32L4xx_HAL_Driver/Src/stm32l4xx_hal_adc.o
                0x0000000008001ed0                ADC_DMAConvCplt
 .text.ADC_DMAError
                0x0000000008001f38       0x1a ./Drivers/STM32L4xx_HAL_Driver/Src/stm32l4xx_hal_adc.o
                0x0000000008001f38                ADC_DMAError
 *fill*         0x0000000008001f52        0x2 
 .text.HAL_ADC_ConfigChannel
                0x0000000008001f54      0x370 ./Drivers/STM32L4xx_HAL_Driver/Src/stm32l4xx_hal_adc.o
                0x0000000008001f54                HAL_ADC_ConfigChannel
 .text.ADC_ConversionStop
                0x00000000080022c4       0xd0 ./Drivers/STM32L4xx_HAL_Driver/Src/stm32l4xx_hal_adc.o
                0x00000000080022c4                ADC_ConversionStop
 .text.ADC_Enable
                0x0000000008002394       0x74 ./Drivers/STM32L4xx_HAL_Driver/Src/stm32l4xx_hal_adc.o
                0x0000000008002394                ADC_Enable
 .text.HAL_ADC_Start_IT
                0x0000000008002408      0x14c ./Drivers/STM32L4xx_HAL_Driver/Src/stm32l4xx_hal_adc.o
                0x0000000008002408                HAL_ADC_Start_IT
 .text.HAL_ADC_Start_DMA
                0x0000000008002554       0xf4 ./Drivers/STM32L4xx_HAL_Driver/Src/stm32l4xx_hal_adc.o
                0x0000000008002554                HAL_ADC_Start_DMA
 .text.ADC_Disable
                0x0000000008002648       0x68 ./Drivers/STM32L4xx_HAL_Driver/Src/stm32l4xx_hal_adc.o
                0x0000000008002648                ADC_Disable
 .text.HAL_ADC_Stop_DMA
                0x00000000080026b0       0x7c ./Drivers/STM32L4xx_HAL_Driver/Src/stm32l4xx_hal_adc.o
                0x00000000080026b0                HAL_ADC_Stop_DMA
 .text.LL_ADC_REG_IsConversionOngoing
                0x000000000800272c        0x8 ./Drivers/STM32L4xx_HAL_Driver/Src/stm32l4xx_hal_adc_ex.o
 .text.HAL_ADCEx_Calibration_Start
                0x0000000008002734       0x94 ./Drivers/STM32L4xx_HAL_Driver/Src/stm32l4xx_hal_adc_ex.o
                0x0000000008002734                HAL_ADCEx_Calibration_Start
 .text.HAL_ADCEx_InjectedConvCpltCallback
                0x00000000080027c8        0x2 ./Drivers/STM32L4xx_HAL_Driver/Src/stm32l4xx_hal_adc_ex.o
                0x00000000080027c8                HAL_ADCEx_InjectedConvCpltCallback
 .text.HAL_ADCEx_InjectedQueueOverflowCallback
                0x00000000080027ca        0x2 ./Drivers/STM32L4xx_HAL_Driver/Src/stm32l4xx_hal_adc_ex.o
                0x00000000080027ca                HAL_ADCEx_InjectedQueueOverflowCallback
 .text.HAL_ADCEx_LevelOutOfWindow2Callback
                0x00000000080027cc        0x2 ./Drivers/STM32L4xx_HAL_Driver/Src/stm32l4xx_hal_adc_ex.o
                0x00000000080027cc                HAL_ADCEx_LevelOutOfWindow2Callback
 .text.HAL_ADCEx_LevelOutOfWindow3Callback
                0x00000000080027ce        0x2 ./Drivers/STM32L4xx_HAL_Driver/Src/stm32l4xx_hal_adc_ex.o
                0x00000000080027ce                HAL_ADCEx_LevelOutOfWindow3Callback
 .text.HAL_ADCEx_EndOfSamplingCallback
                0x00000000080027d0        0x2 ./Drivers/STM32L4xx_HAL_Driver/Src/stm32l4xx_hal_adc_ex.o
                0x00000000080027d0                HAL_ADCEx_EndOfSamplingCallback
 *fill*         0x00000000080027d2        0x2 
 .text.HAL_ADCEx_MultiModeConfigChannel
                0x00000000080027d4       0xc4 ./Drivers/STM32L4xx_HAL_Driver/Src/stm32l4xx_hal_adc_ex.o
                0x00000000080027d4                HAL_ADCEx_MultiModeConfigChannel
 .text.HAL_NVIC_SetPriorityGrouping
                0x0000000008002898       0x24 ./Drivers/STM32L4xx_HAL_Driver/Src/stm32l4xx_hal_cortex.o
                0x0000000008002898                HAL_NVIC_SetPriorityGrouping
 .text.HAL_NVIC_SetPriority
                0x00000000080028bc       0x64 ./Drivers/STM32L4xx_HAL_Driver/Src/stm32l4xx_hal_cortex.o
                0x00000000080028bc                HAL_NVIC_SetPriority
 .text.HAL_NVIC_EnableIRQ
                0x0000000008002920       0x1c ./Drivers/STM32L4xx_HAL_Driver/Src/stm32l4xx_hal_cortex.o
                0x0000000008002920                HAL_NVIC_EnableIRQ
 .text.HAL_SYSTICK_Config
                0x000000000800293c       0x2c ./Drivers/STM32L4xx_HAL_Driver/Src/stm32l4xx_hal_cortex.o
                0x000000000800293c                HAL_SYSTICK_Config
 .text.HAL_DMA_Init
                0x0000000008002968       0xd4 ./Drivers/STM32L4xx_HAL_Driver/Src/stm32l4xx_hal_dma.o
                0x0000000008002968                HAL_DMA_Init
 .text.HAL_DMA_DeInit
                0x0000000008002a3c       0x9c ./Drivers/STM32L4xx_HAL_Driver/Src/stm32l4xx_hal_dma.o
                0x0000000008002a3c                HAL_DMA_DeInit
 .text.HAL_DMA_Start_IT
                0x0000000008002ad8       0x7e ./Drivers/STM32L4xx_HAL_Driver/Src/stm32l4xx_hal_dma.o
                0x0000000008002ad8                HAL_DMA_Start_IT
 .text.HAL_DMA_Abort
                0x0000000008002b56       0x46 ./Drivers/STM32L4xx_HAL_Driver/Src/stm32l4xx_hal_dma.o
                0x0000000008002b56                HAL_DMA_Abort
 .text.HAL_DMA_IRQHandler
                0x0000000008002b9c       0x94 ./Drivers/STM32L4xx_HAL_Driver/Src/stm32l4xx_hal_dma.o
                0x0000000008002b9c                HAL_DMA_IRQHandler
 .text.FLASH_Program_Fast
                0x0000000008002c30       0x2c ./Drivers/STM32L4xx_HAL_Driver/Src/stm32l4xx_hal_flash.o
 .text.HAL_FLASH_Unlock
                0x0000000008002c5c       0x24 ./Drivers/STM32L4xx_HAL_Driver/Src/stm32l4xx_hal_flash.o
                0x0000000008002c5c                HAL_FLASH_Unlock
 .text.HAL_FLASH_Lock
                0x0000000008002c80       0x14 ./Drivers/STM32L4xx_HAL_Driver/Src/stm32l4xx_hal_flash.o
                0x0000000008002c80                HAL_FLASH_Lock
 .text.FLASH_WaitForLastOperation
                0x0000000008002c94       0x58 ./Drivers/STM32L4xx_HAL_Driver/Src/stm32l4xx_hal_flash.o
                0x0000000008002c94                FLASH_WaitForLastOperation
 .text.HAL_FLASH_Program
                0x0000000008002cec       0xa4 ./Drivers/STM32L4xx_HAL_Driver/Src/stm32l4xx_hal_flash.o
                0x0000000008002cec                HAL_FLASH_Program
 .text.FLASH_MassErase
                0x0000000008002d90       0x20 ./Drivers/STM32L4xx_HAL_Driver/Src/stm32l4xx_hal_flash_ex.o
 .text.FLASH_PageErase
                0x0000000008002db0       0x28 ./Drivers/STM32L4xx_HAL_Driver/Src/stm32l4xx_hal_flash_ex.o
                0x0000000008002db0                FLASH_PageErase
 .text.FLASH_FlushCaches
                0x0000000008002dd8       0x58 ./Drivers/STM32L4xx_HAL_Driver/Src/stm32l4xx_hal_flash_ex.o
                0x0000000008002dd8                FLASH_FlushCaches
 .text.HAL_FLASHEx_Erase
                0x0000000008002e30       0xdc ./Drivers/STM32L4xx_HAL_Driver/Src/stm32l4xx_hal_flash_ex.o
                0x0000000008002e30                HAL_FLASHEx_Erase
 .text.HAL_GPIO_Init
                0x0000000008002f0c      0x178 ./Drivers/STM32L4xx_HAL_Driver/Src/stm32l4xx_hal_gpio.o
                0x0000000008002f0c                HAL_GPIO_Init
 .text.HAL_GPIO_DeInit
                0x0000000008003084       0xe8 ./Drivers/STM32L4xx_HAL_Driver/Src/stm32l4xx_hal_gpio.o
                0x0000000008003084                HAL_GPIO_DeInit
 .text.HAL_GPIO_ReadPin
                0x000000000800316c        0xc ./Drivers/STM32L4xx_HAL_Driver/Src/stm32l4xx_hal_gpio.o
                0x000000000800316c                HAL_GPIO_ReadPin
 .text.HAL_GPIO_WritePin
                0x0000000008003178        0xa ./Drivers/STM32L4xx_HAL_Driver/Src/stm32l4xx_hal_gpio.o
                0x0000000008003178                HAL_GPIO_WritePin
 *fill*         0x0000000008003182        0x2 
 .text.LPTIM_WaitForFlag
                0x0000000008003184       0x30 ./Drivers/STM32L4xx_HAL_Driver/Src/stm32l4xx_hal_lptim.o
 .text.HAL_LPTIM_CompareMatchCallback
                0x00000000080031b4        0x2 ./Drivers/STM32L4xx_HAL_Driver/Src/stm32l4xx_hal_lptim.o
                0x00000000080031b4                HAL_LPTIM_CompareMatchCallback
 .text.HAL_LPTIM_AutoReloadMatchCallback
                0x00000000080031b6        0x2 ./Drivers/STM32L4xx_HAL_Driver/Src/stm32l4xx_hal_lptim.o
                0x00000000080031b6                HAL_LPTIM_AutoReloadMatchCallback
 .text.HAL_LPTIM_TriggerCallback
                0x00000000080031b8        0x2 ./Drivers/STM32L4xx_HAL_Driver/Src/stm32l4xx_hal_lptim.o
                0x00000000080031b8                HAL_LPTIM_TriggerCallback
 .text.HAL_LPTIM_CompareWriteCallback
                0x00000000080031ba        0x2 ./Drivers/STM32L4xx_HAL_Driver/Src/stm32l4xx_hal_lptim.o
                0x00000000080031ba                HAL_LPTIM_CompareWriteCallback
 .text.HAL_LPTIM_AutoReloadWriteCallback
                0x00000000080031bc        0x2 ./Drivers/STM32L4xx_HAL_Driver/Src/stm32l4xx_hal_lptim.o
                0x00000000080031bc                HAL_LPTIM_AutoReloadWriteCallback
 .text.HAL_LPTIM_DirectionUpCallback
                0x00000000080031be        0x2 ./Drivers/STM32L4xx_HAL_Driver/Src/stm32l4xx_hal_lptim.o
                0x00000000080031be                HAL_LPTIM_DirectionUpCallback
 .text.HAL_LPTIM_DirectionDownCallback
                0x00000000080031c0        0x2 ./Drivers/STM32L4xx_HAL_Driver/Src/stm32l4xx_hal_lptim.o
                0x00000000080031c0                HAL_LPTIM_DirectionDownCallback
 .text.HAL_LPTIM_UpdateEventCallback
                0x00000000080031c2        0x2 ./Drivers/STM32L4xx_HAL_Driver/Src/stm32l4xx_hal_lptim.o
                0x00000000080031c2                HAL_LPTIM_UpdateEventCallback
 .text.HAL_LPTIM_RepCounterWriteCallback
                0x00000000080031c4        0x2 ./Drivers/STM32L4xx_HAL_Driver/Src/stm32l4xx_hal_lptim.o
                0x00000000080031c4                HAL_LPTIM_RepCounterWriteCallback
 .text.HAL_LPTIM_IRQHandler
                0x00000000080031c6       0xde ./Drivers/STM32L4xx_HAL_Driver/Src/stm32l4xx_hal_lptim.o
                0x00000000080031c6                HAL_LPTIM_IRQHandler
 .text.LPTIM_Disable
                0x00000000080032a4      0x198 ./Drivers/STM32L4xx_HAL_Driver/Src/stm32l4xx_hal_lptim.o
                0x00000000080032a4                LPTIM_Disable
 .text.HAL_LPTIM_Init
                0x000000000800343c       0xe4 ./Drivers/STM32L4xx_HAL_Driver/Src/stm32l4xx_hal_lptim.o
                0x000000000800343c                HAL_LPTIM_Init
 .text.HAL_LPTIM_Counter_Start_IT
                0x0000000008003520       0xa4 ./Drivers/STM32L4xx_HAL_Driver/Src/stm32l4xx_hal_lptim.o
                0x0000000008003520                HAL_LPTIM_Counter_Start_IT
 .text.HAL_LPTIM_Counter_Stop_IT
                0x00000000080035c4       0x60 ./Drivers/STM32L4xx_HAL_Driver/Src/stm32l4xx_hal_lptim.o
                0x00000000080035c4                HAL_LPTIM_Counter_Stop_IT
 .text.HAL_PWREx_GetVoltageRange
                0x0000000008003624       0x10 ./Drivers/STM32L4xx_HAL_Driver/Src/stm32l4xx_hal_pwr_ex.o
                0x0000000008003624                HAL_PWREx_GetVoltageRange
 .text.HAL_PWREx_ControlVoltageScaling
                0x0000000008003634       0x6c ./Drivers/STM32L4xx_HAL_Driver/Src/stm32l4xx_hal_pwr_ex.o
                0x0000000008003634                HAL_PWREx_ControlVoltageScaling
 .text.HAL_PWREx_EnableLowPowerRunMode
                0x00000000080036a0       0x10 ./Drivers/STM32L4xx_HAL_Driver/Src/stm32l4xx_hal_pwr_ex.o
                0x00000000080036a0                HAL_PWREx_EnableLowPowerRunMode
 .text.RCC_SetFlashLatencyFromMSIRange
                0x00000000080036b0       0x84 ./Drivers/STM32L4xx_HAL_Driver/Src/stm32l4xx_hal_rcc.o
 .text.HAL_RCC_GetSysClockFreq
                0x0000000008003734       0x9c ./Drivers/STM32L4xx_HAL_Driver/Src/stm32l4xx_hal_rcc.o
                0x0000000008003734                HAL_RCC_GetSysClockFreq
 .text.HAL_RCC_OscConfig
                0x00000000080037d0      0x5a4 ./Drivers/STM32L4xx_HAL_Driver/Src/stm32l4xx_hal_rcc.o
                0x00000000080037d0                HAL_RCC_OscConfig
 .text.HAL_RCC_ClockConfig
                0x0000000008003d74      0x128 ./Drivers/STM32L4xx_HAL_Driver/Src/stm32l4xx_hal_rcc.o
                0x0000000008003d74                HAL_RCC_ClockConfig
 .text.HAL_RCC_GetPCLK1Freq
                0x0000000008003e9c       0x24 ./Drivers/STM32L4xx_HAL_Driver/Src/stm32l4xx_hal_rcc.o
                0x0000000008003e9c                HAL_RCC_GetPCLK1Freq
 .text.HAL_RCC_GetPCLK2Freq
                0x0000000008003ec0       0x24 ./Drivers/STM32L4xx_HAL_Driver/Src/stm32l4xx_hal_rcc.o
                0x0000000008003ec0                HAL_RCC_GetPCLK2Freq
 .text.HAL_RCCEx_PeriphCLKConfig
                0x0000000008003ee4      0x1ec ./Drivers/STM32L4xx_HAL_Driver/Src/stm32l4xx_hal_rcc_ex.o
                0x0000000008003ee4                HAL_RCCEx_PeriphCLKConfig
 .text.TIM_OC1_SetConfig
                0x00000000080040d0       0x78 ./Drivers/STM32L4xx_HAL_Driver/Src/stm32l4xx_hal_tim.o
 .text.TIM_OC3_SetConfig
                0x0000000008004148       0x70 ./Drivers/STM32L4xx_HAL_Driver/Src/stm32l4xx_hal_tim.o
 .text.TIM_OC4_SetConfig
                0x00000000080041b8       0x58 ./Drivers/STM32L4xx_HAL_Driver/Src/stm32l4xx_hal_tim.o
 .text.TIM_OC5_SetConfig
                0x0000000008004210       0x58 ./Drivers/STM32L4xx_HAL_Driver/Src/stm32l4xx_hal_tim.o
 .text.TIM_OC6_SetConfig
                0x0000000008004268       0x58 ./Drivers/STM32L4xx_HAL_Driver/Src/stm32l4xx_hal_tim.o
 .text.HAL_TIM_Base_Start_IT
                0x00000000080042c0       0x54 ./Drivers/STM32L4xx_HAL_Driver/Src/stm32l4xx_hal_tim.o
                0x00000000080042c0                HAL_TIM_Base_Start_IT
 .text.HAL_TIM_Base_Stop_IT
                0x0000000008004314       0x30 ./Drivers/STM32L4xx_HAL_Driver/Src/stm32l4xx_hal_tim.o
                0x0000000008004314                HAL_TIM_Base_Stop_IT
 .text.HAL_TIM_OC_MspInit
                0x0000000008004344        0x2 ./Drivers/STM32L4xx_HAL_Driver/Src/stm32l4xx_hal_tim.o
                0x0000000008004344                HAL_TIM_OC_MspInit
 .text.HAL_TIM_OnePulse_MspInit
                0x0000000008004346        0x2 ./Drivers/STM32L4xx_HAL_Driver/Src/stm32l4xx_hal_tim.o
                0x0000000008004346                HAL_TIM_OnePulse_MspInit
 .text.HAL_TIM_PeriodElapsedCallback
                0x0000000008004348        0x2 ./Drivers/STM32L4xx_HAL_Driver/Src/stm32l4xx_hal_tim.o
                0x0000000008004348                HAL_TIM_PeriodElapsedCallback
 .text.HAL_TIM_OC_DelayElapsedCallback
                0x000000000800434a        0x2 ./Drivers/STM32L4xx_HAL_Driver/Src/stm32l4xx_hal_tim.o
                0x000000000800434a                HAL_TIM_OC_DelayElapsedCallback
 .text.HAL_TIM_IC_CaptureCallback
                0x000000000800434c        0x2 ./Drivers/STM32L4xx_HAL_Driver/Src/stm32l4xx_hal_tim.o
                0x000000000800434c                HAL_TIM_IC_CaptureCallback
 .text.HAL_TIM_PWM_PulseFinishedCallback
                0x000000000800434e        0x2 ./Drivers/STM32L4xx_HAL_Driver/Src/stm32l4xx_hal_tim.o
                0x000000000800434e                HAL_TIM_PWM_PulseFinishedCallback
 .text.HAL_TIM_TriggerCallback
                0x0000000008004350        0x2 ./Drivers/STM32L4xx_HAL_Driver/Src/stm32l4xx_hal_tim.o
                0x0000000008004350                HAL_TIM_TriggerCallback
 .text.HAL_TIM_IRQHandler
                0x0000000008004352      0x160 ./Drivers/STM32L4xx_HAL_Driver/Src/stm32l4xx_hal_tim.o
                0x0000000008004352                HAL_TIM_IRQHandler
 *fill*         0x00000000080044b2        0x2 
 .text.TIM_Base_SetConfig
                0x00000000080044b4       0x74 ./Drivers/STM32L4xx_HAL_Driver/Src/stm32l4xx_hal_tim.o
                0x00000000080044b4                TIM_Base_SetConfig
 .text.HAL_TIM_Base_Init
                0x0000000008004528       0x60 ./Drivers/STM32L4xx_HAL_Driver/Src/stm32l4xx_hal_tim.o
                0x0000000008004528                HAL_TIM_Base_Init
 .text.HAL_TIM_OC_Init
                0x0000000008004588       0x60 ./Drivers/STM32L4xx_HAL_Driver/Src/stm32l4xx_hal_tim.o
                0x0000000008004588                HAL_TIM_OC_Init
 .text.HAL_TIM_OnePulse_Init
                0x00000000080045e8       0x5a ./Drivers/STM32L4xx_HAL_Driver/Src/stm32l4xx_hal_tim.o
                0x00000000080045e8                HAL_TIM_OnePulse_Init
 *fill*         0x0000000008004642        0x2 
 .text.TIM_OC2_SetConfig
                0x0000000008004644       0x70 ./Drivers/STM32L4xx_HAL_Driver/Src/stm32l4xx_hal_tim.o
                0x0000000008004644                TIM_OC2_SetConfig
 .text.HAL_TIM_OC_ConfigChannel
                0x00000000080046b4       0x66 ./Drivers/STM32L4xx_HAL_Driver/Src/stm32l4xx_hal_tim.o
                0x00000000080046b4                HAL_TIM_OC_ConfigChannel
 .text.TIM_ETR_SetConfig
                0x000000000800471a       0x14 ./Drivers/STM32L4xx_HAL_Driver/Src/stm32l4xx_hal_tim.o
                0x000000000800471a                TIM_ETR_SetConfig
 *fill*         0x000000000800472e        0x2 
 .text.HAL_TIM_ConfigClockSource
                0x0000000008004730      0x128 ./Drivers/STM32L4xx_HAL_Driver/Src/stm32l4xx_hal_tim.o
                0x0000000008004730                HAL_TIM_ConfigClockSource
 .text.TIM_CCxChannelCmd
                0x0000000008004858       0x1c ./Drivers/STM32L4xx_HAL_Driver/Src/stm32l4xx_hal_tim.o
                0x0000000008004858                TIM_CCxChannelCmd
 .text.HAL_TIM_OC_Start
                0x0000000008004874       0xe0 ./Drivers/STM32L4xx_HAL_Driver/Src/stm32l4xx_hal_tim.o
                0x0000000008004874                HAL_TIM_OC_Start
 .text.HAL_TIM_OC_Stop
                0x0000000008004954       0x9c ./Drivers/STM32L4xx_HAL_Driver/Src/stm32l4xx_hal_tim.o
                0x0000000008004954                HAL_TIM_OC_Stop
 .text.HAL_TIMEx_MasterConfigSynchronization
                0x00000000080049f0       0x64 ./Drivers/STM32L4xx_HAL_Driver/Src/stm32l4xx_hal_tim_ex.o
                0x00000000080049f0                HAL_TIMEx_MasterConfigSynchronization
 .text.HAL_TIMEx_CommutCallback
                0x0000000008004a54        0x2 ./Drivers/STM32L4xx_HAL_Driver/Src/stm32l4xx_hal_tim_ex.o
                0x0000000008004a54                HAL_TIMEx_CommutCallback
 .text.HAL_TIMEx_BreakCallback
                0x0000000008004a56        0x2 ./Drivers/STM32L4xx_HAL_Driver/Src/stm32l4xx_hal_tim_ex.o
                0x0000000008004a56                HAL_TIMEx_BreakCallback
 .text.HAL_TIMEx_Break2Callback
                0x0000000008004a58        0x2 ./Drivers/STM32L4xx_HAL_Driver/Src/stm32l4xx_hal_tim_ex.o
                0x0000000008004a58                HAL_TIMEx_Break2Callback
 .text.UART_EndRxTransfer
                0x0000000008004a5a       0x2c ./Drivers/STM32L4xx_HAL_Driver/Src/stm32l4xx_hal_uart.o
 .text.HAL_UART_DeInit
                0x0000000008004a86       0x36 ./Drivers/STM32L4xx_HAL_Driver/Src/stm32l4xx_hal_uart.o
                0x0000000008004a86                HAL_UART_DeInit
 .text.HAL_UART_RxCpltCallback
                0x0000000008004abc        0x2 ./Drivers/STM32L4xx_HAL_Driver/Src/stm32l4xx_hal_uart.o
                0x0000000008004abc                HAL_UART_RxCpltCallback
 .text.HAL_UART_RxHalfCpltCallback
                0x0000000008004abe        0x2 ./Drivers/STM32L4xx_HAL_Driver/Src/stm32l4xx_hal_uart.o
                0x0000000008004abe                HAL_UART_RxHalfCpltCallback
 .text.HAL_UART_ErrorCallback
                0x0000000008004ac0        0x2 ./Drivers/STM32L4xx_HAL_Driver/Src/stm32l4xx_hal_uart.o
                0x0000000008004ac0                HAL_UART_ErrorCallback
 .text.UART_DMAError
                0x0000000008004ac2       0x4c ./Drivers/STM32L4xx_HAL_Driver/Src/stm32l4xx_hal_uart.o
 .text.HAL_UARTEx_RxEventCallback
                0x0000000008004b0e        0x2 ./Drivers/STM32L4xx_HAL_Driver/Src/stm32l4xx_hal_uart.o
                0x0000000008004b0e                HAL_UARTEx_RxEventCallback
 .text.UART_DMARxHalfCplt
                0x0000000008004b10       0x1c ./Drivers/STM32L4xx_HAL_Driver/Src/stm32l4xx_hal_uart.o
 .text.UART_DMAReceiveCplt
                0x0000000008004b2c       0x56 ./Drivers/STM32L4xx_HAL_Driver/Src/stm32l4xx_hal_uart.o
 *fill*         0x0000000008004b82        0x2 
 .text.UART_SetConfig
                0x0000000008004b84      0x228 ./Drivers/STM32L4xx_HAL_Driver/Src/stm32l4xx_hal_uart.o
                0x0000000008004b84                UART_SetConfig
 .text.UART_AdvFeatureConfig
                0x0000000008004dac       0xa8 ./Drivers/STM32L4xx_HAL_Driver/Src/stm32l4xx_hal_uart.o
                0x0000000008004dac                UART_AdvFeatureConfig
 .text.UART_WaitOnFlagUntilTimeout
                0x0000000008004e54       0x8c ./Drivers/STM32L4xx_HAL_Driver/Src/stm32l4xx_hal_uart.o
                0x0000000008004e54                UART_WaitOnFlagUntilTimeout
 .text.HAL_UART_Transmit
                0x0000000008004ee0       0xb4 ./Drivers/STM32L4xx_HAL_Driver/Src/stm32l4xx_hal_uart.o
                0x0000000008004ee0                HAL_UART_Transmit
 .text.UART_CheckIdleState
                0x0000000008004f94       0x66 ./Drivers/STM32L4xx_HAL_Driver/Src/stm32l4xx_hal_uart.o
                0x0000000008004f94                UART_CheckIdleState
 .text.HAL_UART_Init
                0x0000000008004ffa       0x5c ./Drivers/STM32L4xx_HAL_Driver/Src/stm32l4xx_hal_uart.o
                0x0000000008004ffa                HAL_UART_Init
 *fill*         0x0000000008005056        0x2 
 .text.UART_Start_Receive_DMA
                0x0000000008005058       0x78 ./Drivers/STM32L4xx_HAL_Driver/Src/stm32l4xx_hal_uart.o
                0x0000000008005058                UART_Start_Receive_DMA
 .text.HAL_UART_Receive_DMA
                0x00000000080050d0       0x4c ./Drivers/STM32L4xx_HAL_Driver/Src/stm32l4xx_hal_uart.o
                0x00000000080050d0                HAL_UART_Receive_DMA
 .text.__libc_init_array
                0x000000000800511c       0x48 /opt/st/stm32cubeide_1.7.0/plugins/com.st.stm32cube.ide.mcu.externaltools.gnu-tools-for-stm32.9-2020-q2-update.linux64_2.0.0.202105311346/tools/bin/../lib/gcc/arm-none-eabi/9.3.1/../../../../arm-none-eabi/lib/thumb/v7e-m+fp/hard/libc_nano.a(lib_a-init.o)
                0x000000000800511c                __libc_init_array
 .text.memset   0x0000000008005164       0x10 /opt/st/stm32cubeide_1.7.0/plugins/com.st.stm32cube.ide.mcu.externaltools.gnu-tools-for-stm32.9-2020-q2-update.linux64_2.0.0.202105311346/tools/bin/../lib/gcc/arm-none-eabi/9.3.1/../../../../arm-none-eabi/lib/thumb/v7e-m+fp/hard/libc_nano.a(lib_a-memset.o)
                0x0000000008005164                memset
 *(.glue_7)
 .glue_7        0x0000000008005174        0x0 linker stubs
 *(.glue_7t)
 .glue_7t       0x0000000008005174        0x0 linker stubs
 *(.eh_frame)
 .eh_frame      0x0000000008005174        0x0 /opt/st/stm32cubeide_1.7.0/plugins/com.st.stm32cube.ide.mcu.externaltools.gnu-tools-for-stm32.9-2020-q2-update.linux64_2.0.0.202105311346/tools/bin/../lib/gcc/arm-none-eabi/9.3.1/thumb/v7e-m+fp/hard/crtbegin.o
 *(.init)
 .init          0x0000000008005174        0x4 /opt/st/stm32cubeide_1.7.0/plugins/com.st.stm32cube.ide.mcu.externaltools.gnu-tools-for-stm32.9-2020-q2-update.linux64_2.0.0.202105311346/tools/bin/../lib/gcc/arm-none-eabi/9.3.1/thumb/v7e-m+fp/hard/crti.o
                0x0000000008005174                _init
 .init          0x0000000008005178        0x8 /opt/st/stm32cubeide_1.7.0/plugins/com.st.stm32cube.ide.mcu.externaltools.gnu-tools-for-stm32.9-2020-q2-update.linux64_2.0.0.202105311346/tools/bin/../lib/gcc/arm-none-eabi/9.3.1/thumb/v7e-m+fp/hard/crtn.o
 *(.fini)
 .fini          0x0000000008005180        0x4 /opt/st/stm32cubeide_1.7.0/plugins/com.st.stm32cube.ide.mcu.externaltools.gnu-tools-for-stm32.9-2020-q2-update.linux64_2.0.0.202105311346/tools/bin/../lib/gcc/arm-none-eabi/9.3.1/thumb/v7e-m+fp/hard/crti.o
                0x0000000008005180                _fini
 .fini          0x0000000008005184        0x8 /opt/st/stm32cubeide_1.7.0/plugins/com.st.stm32cube.ide.mcu.externaltools.gnu-tools-for-stm32.9-2020-q2-update.linux64_2.0.0.202105311346/tools/bin/../lib/gcc/arm-none-eabi/9.3.1/thumb/v7e-m+fp/hard/crtn.o
                0x000000000800518c                . = ALIGN (0x4)
                0x000000000800518c                _etext = .

.vfp11_veneer   0x000000000800518c        0x0
 .vfp11_veneer  0x000000000800518c        0x0 linker stubs

.v4_bx          0x000000000800518c        0x0
 .v4_bx         0x000000000800518c        0x0 linker stubs

.iplt           0x000000000800518c        0x0
 .iplt          0x000000000800518c        0x0 /opt/st/stm32cubeide_1.7.0/plugins/com.st.stm32cube.ide.mcu.externaltools.gnu-tools-for-stm32.9-2020-q2-update.linux64_2.0.0.202105311346/tools/bin/../lib/gcc/arm-none-eabi/9.3.1/thumb/v7e-m+fp/hard/crtbegin.o

.rodata         0x000000000800518c       0x74
                0x000000000800518c                . = ALIGN (0x4)
 *(.rodata)
 *(.rodata*)
 .rodata.main.str1.1
                0x000000000800518c       0x19 ./Core/Src/main.o
 .rodata.AHBPrescTable
                0x00000000080051a5       0x10 ./Core/Src/system_stm32l4xx.o
                0x00000000080051a5                AHBPrescTable
 .rodata.APBPrescTable
                0x00000000080051b5        0x8 ./Core/Src/system_stm32l4xx.o
                0x00000000080051b5                APBPrescTable
 *fill*         0x00000000080051bd        0x3 
 .rodata.MSIRangeTable
                0x00000000080051c0       0x30 ./Core/Src/system_stm32l4xx.o
                0x00000000080051c0                MSIRangeTable
 .rodata.CSWTCH.51
                0x00000000080051f0        0x3 ./Drivers/STM32L4xx_HAL_Driver/Src/stm32l4xx_hal_uart.o
 .rodata.CSWTCH.52
                0x00000000080051f3        0xd ./Drivers/STM32L4xx_HAL_Driver/Src/stm32l4xx_hal_uart.o
                0x0000000008005200                . = ALIGN (0x4)

.ARM.extab      0x0000000008005200        0x0
                0x0000000008005200                . = ALIGN (0x4)
 *(.ARM.extab* .gnu.linkonce.armextab.*)
                0x0000000008005200                . = ALIGN (0x4)

.ARM            0x0000000008005200        0x8
                0x0000000008005200                . = ALIGN (0x4)
                0x0000000008005200                __exidx_start = .
 *(.ARM.exidx*)
 .ARM.exidx     0x0000000008005200        0x8 /opt/st/stm32cubeide_1.7.0/plugins/com.st.stm32cube.ide.mcu.externaltools.gnu-tools-for-stm32.9-2020-q2-update.linux64_2.0.0.202105311346/tools/bin/../lib/gcc/arm-none-eabi/9.3.1/thumb/v7e-m+fp/hard/libgcc.a(_udivmoddi4.o)
                0x0000000008005208                __exidx_end = .
                0x0000000008005208                . = ALIGN (0x4)

.rel.dyn        0x0000000008005208        0x0
 .rel.iplt      0x0000000008005208        0x0 /opt/st/stm32cubeide_1.7.0/plugins/com.st.stm32cube.ide.mcu.externaltools.gnu-tools-for-stm32.9-2020-q2-update.linux64_2.0.0.202105311346/tools/bin/../lib/gcc/arm-none-eabi/9.3.1/thumb/v7e-m+fp/hard/crtbegin.o

.preinit_array  0x0000000008005208        0x0
                0x0000000008005208                . = ALIGN (0x4)
                0x0000000008005208                PROVIDE (__preinit_array_start = .)
 *(.preinit_array*)
                0x0000000008005208                PROVIDE (__preinit_array_end = .)
                0x0000000008005208                . = ALIGN (0x4)

.init_array     0x0000000008005208        0x4
                0x0000000008005208                . = ALIGN (0x4)
                0x0000000008005208                PROVIDE (__init_array_start = .)
 *(SORT_BY_NAME(.init_array.*))
 *(.init_array*)
 .init_array    0x0000000008005208        0x4 /opt/st/stm32cubeide_1.7.0/plugins/com.st.stm32cube.ide.mcu.externaltools.gnu-tools-for-stm32.9-2020-q2-update.linux64_2.0.0.202105311346/tools/bin/../lib/gcc/arm-none-eabi/9.3.1/thumb/v7e-m+fp/hard/crtbegin.o
                0x000000000800520c                PROVIDE (__init_array_end = .)
                0x000000000800520c                . = ALIGN (0x4)

.fini_array     0x000000000800520c        0x4
                0x000000000800520c                . = ALIGN (0x4)
                [!provide]                        PROVIDE (__fini_array_start = .)
 *(SORT_BY_NAME(.fini_array.*))
 *(.fini_array*)
 .fini_array    0x000000000800520c        0x4 /opt/st/stm32cubeide_1.7.0/plugins/com.st.stm32cube.ide.mcu.externaltools.gnu-tools-for-stm32.9-2020-q2-update.linux64_2.0.0.202105311346/tools/bin/../lib/gcc/arm-none-eabi/9.3.1/thumb/v7e-m+fp/hard/crtbegin.o
                [!provide]                        PROVIDE (__fini_array_end = .)
                0x0000000008005210                . = ALIGN (0x4)
                0x0000000008005210                _sidata = LOADADDR (.data)

.data           0x0000000020000000       0x34 load address 0x0000000008005210
                0x0000000020000000                . = ALIGN (0x4)
                0x0000000020000000                _sdata = .
 *(.data)
 *(.data*)
 .data.initFlag
                0x0000000020000000        0x1 ./Core/Src/main.o
                0x0000000020000000                initFlag
 .data.initUART
                0x0000000020000001        0x1 ./Core/Src/main.o
                0x0000000020000001                initUART
 .data.oldAlarmLevel
                0x0000000020000002        0x2 ./Core/Src/main.o
                0x0000000020000002                oldAlarmLevel
 .data.sleepFlag
                0x0000000020000004        0x1 ./Core/Src/main.o
                0x0000000020000004                sleepFlag
 *fill*         0x0000000020000005        0x3 
 .data.SystemCoreClock
                0x0000000020000008        0x4 ./Core/Src/system_stm32l4xx.o
                0x0000000020000008                SystemCoreClock
 .data.uwTickFreq
                0x000000002000000c        0x1 ./Drivers/STM32L4xx_HAL_Driver/Src/stm32l4xx_hal.o
                0x000000002000000c                uwTickFreq
 *fill*         0x000000002000000d        0x3 
 .data.uwTickPrio
                0x0000000020000010        0x4 ./Drivers/STM32L4xx_HAL_Driver/Src/stm32l4xx_hal.o
                0x0000000020000010                uwTickPrio
 .data.pFlash   0x0000000020000014       0x20 ./Drivers/STM32L4xx_HAL_Driver/Src/stm32l4xx_hal_flash.o
                0x0000000020000014                pFlash
                0x0000000020000034                . = ALIGN (0x4)
                0x0000000020000034                _edata = .

.igot.plt       0x0000000020000034        0x0 load address 0x0000000008005244
 .igot.plt      0x0000000020000034        0x0 /opt/st/stm32cubeide_1.7.0/plugins/com.st.stm32cube.ide.mcu.externaltools.gnu-tools-for-stm32.9-2020-q2-update.linux64_2.0.0.202105311346/tools/bin/../lib/gcc/arm-none-eabi/9.3.1/thumb/v7e-m+fp/hard/crtbegin.o
                0x0000000020000034                . = ALIGN (0x4)

.bss            0x0000000020000034     0x4e34 load address 0x0000000008005244
                0x0000000020000034                _sbss = .
                0x0000000020000034                __bss_start__ = _sbss
 *(.bss)
 .bss           0x0000000020000034       0x1c /opt/st/stm32cubeide_1.7.0/plugins/com.st.stm32cube.ide.mcu.externaltools.gnu-tools-for-stm32.9-2020-q2-update.linux64_2.0.0.202105311346/tools/bin/../lib/gcc/arm-none-eabi/9.3.1/thumb/v7e-m+fp/hard/crtbegin.o
 *(.bss*)
 .bss.Thr1      0x0000000020000050        0x4 ./Core/Src/main.o
                0x0000000020000050                Thr1
 .bss.Thr2      0x0000000020000054        0x4 ./Core/Src/main.o
                0x0000000020000054                Thr2
 .bss.Thr3      0x0000000020000058        0x4 ./Core/Src/main.o
                0x0000000020000058                Thr3
 .bss.adc2Result
                0x000000002000005c        0x2 ./Core/Src/main.o
                0x000000002000005c                adc2Result
 *fill*         0x000000002000005e        0x2 
 .bss.alarmTime
                0x0000000020000060        0x4 ./Core/Src/main.o
                0x0000000020000060                alarmTime
 .bss.cfgKoef   0x0000000020000064        0x4 ./Core/Src/main.o
 .bss.counterALL
                0x0000000020000068        0x4 ./Core/Src/main.o
                0x0000000020000068                counterALL
 .bss.counterCC
                0x000000002000006c        0x4 ./Core/Src/main.o
                0x000000002000006c                counterCC
 .bss.counterCCAlarm
                0x0000000020000070        0x4 ./Core/Src/main.o
                0x0000000020000070                counterCCAlarm
 .bss.logDataFlag
                0x0000000020000074        0x1 ./Core/Src/main.o
                0x0000000020000074                logDataFlag
 .bss.logIndex  0x0000000020000075        0x1 ./Core/Src/main.o
                0x0000000020000075                logIndex
 .bss.logRecords
                0x0000000020000076        0x1 ./Core/Src/main.o
                0x0000000020000076                logRecords
 *fill*         0x0000000020000077        0x1 
 .bss.oldInterval
                0x0000000020000078        0x4 ./Core/Src/main.o
                0x0000000020000078                oldInterval
 .bss.radBuffer
                0x000000002000007c       0xc8 ./Core/Src/main.o
                0x000000002000007c                radBuffer
 .bss.resolution
                0x0000000020000144        0x1 ./Core/Src/main.o
                0x0000000020000144                resolution
 .bss.specterHistory
                0x0000000020000145        0x1 ./Core/Src/main.o
                0x0000000020000145                specterHistory
 .bss.spectrData
                0x0000000020000146     0x4018 ./Core/Src/main.o
                0x0000000020000146                spectrData
 *fill*         0x000000002000415e        0x2 
 .bss.HAL_RCC_ADC_CLK_ENABLED
                0x0000000020004160        0x4 ./Core/Src/stm32l4xx_hal_msp.o
 *(COMMON)
 COMMON         0x0000000020004164      0xcfd ./Core/Src/main.o
                0x0000000020004164                adc1Result
                0x0000000020004168                dacValue
                0x000000002000416c                avgRadInterval
                0x0000000020004170                hadc2
                0x00000000200041d4                htim15
                0x0000000020004220                alarmLevel
                0x0000000020004222                cfgLevel3
                0x0000000020004224                counterPP
                0x0000000020004238                sleepDelay
                0x000000002000423c                hadc1
                0x00000000200042a0                hdma_usart1_rx
                0x00000000200042e8                hlptim2
                0x0000000020004324                huart1
                0x00000000200043a8                logDat
                0x0000000020004d08                hdma_adc1
                0x0000000020004d50                htim6
                0x0000000020004d9c                oldTimeAll
                0x0000000020004da0                indexBuffer
                0x0000000020004da4                batteryInterval
                0x0000000020004da8                htim2
                0x0000000020004df4                alarmCount
                0x0000000020004df6                cfgData
                0x0000000020004df8                spectrCRC
                0x0000000020004dfa                cfgLevel2
                0x0000000020004dfc                cfgLevel1
                0x0000000020004e00                htim16
                0x0000000020004e4c                btCommand
                0x0000000020004e60                flash_ok
 *fill*         0x0000000020004e61        0x3 
 COMMON         0x0000000020004e64        0x4 ./Drivers/STM32L4xx_HAL_Driver/Src/stm32l4xx_hal.o
                0x0000000020004e64                uwTick
                0x0000000020004e68                . = ALIGN (0x4)
                0x0000000020004e68                _ebss = .
                0x0000000020004e68                __bss_end__ = _ebss

._user_heap_stack
                0x0000000020004e68      0x600 load address 0x0000000008005244
                0x0000000020004e68                . = ALIGN (0x8)
                [!provide]                        PROVIDE (end = .)
                0x0000000020004e68                PROVIDE (_end = .)
                0x0000000020005068                . = (. + _Min_Heap_Size)
 *fill*         0x0000000020004e68      0x200 
                0x0000000020005468                . = (. + _Min_Stack_Size)
 *fill*         0x0000000020005068      0x400 
                0x0000000020005468                . = ALIGN (0x8)

/DISCARD/
 libc.a(*)
 libm.a(*)
 libgcc.a(*)

.ARM.attributes
                0x0000000000000000       0x30
 *(.ARM.attributes)
 .ARM.attributes
                0x0000000000000000       0x1e /opt/st/stm32cubeide_1.7.0/plugins/com.st.stm32cube.ide.mcu.externaltools.gnu-tools-for-stm32.9-2020-q2-update.linux64_2.0.0.202105311346/tools/bin/../lib/gcc/arm-none-eabi/9.3.1/thumb/v7e-m+fp/hard/crti.o
 .ARM.attributes
                0x000000000000001e       0x34 /opt/st/stm32cubeide_1.7.0/plugins/com.st.stm32cube.ide.mcu.externaltools.gnu-tools-for-stm32.9-2020-q2-update.linux64_2.0.0.202105311346/tools/bin/../lib/gcc/arm-none-eabi/9.3.1/thumb/v7e-m+fp/hard/crtbegin.o
 .ARM.attributes
                0x0000000000000052       0x34 ./Core/Src/main.o
 .ARM.attributes
                0x0000000000000086       0x34 ./Core/Src/stm32l4xx_hal_msp.o
 .ARM.attributes
                0x00000000000000ba       0x34 ./Core/Src/stm32l4xx_it.o
 .ARM.attributes
                0x00000000000000ee       0x34 ./Core/Src/system_stm32l4xx.o
 .ARM.attributes
                0x0000000000000122       0x21 ./Core/Startup/startup_stm32l412k8tx.o
 .ARM.attributes
                0x0000000000000143       0x34 ./Drivers/STM32L4xx_HAL_Driver/Src/stm32l4xx_hal.o
 .ARM.attributes
                0x0000000000000177       0x34 ./Drivers/STM32L4xx_HAL_Driver/Src/stm32l4xx_hal_adc.o
 .ARM.attributes
                0x00000000000001ab       0x34 ./Drivers/STM32L4xx_HAL_Driver/Src/stm32l4xx_hal_adc_ex.o
 .ARM.attributes
                0x00000000000001df       0x34 ./Drivers/STM32L4xx_HAL_Driver/Src/stm32l4xx_hal_cortex.o
 .ARM.attributes
                0x0000000000000213       0x34 ./Drivers/STM32L4xx_HAL_Driver/Src/stm32l4xx_hal_dma.o
 .ARM.attributes
                0x0000000000000247       0x34 ./Drivers/STM32L4xx_HAL_Driver/Src/stm32l4xx_hal_flash.o
 .ARM.attributes
                0x000000000000027b       0x34 ./Drivers/STM32L4xx_HAL_Driver/Src/stm32l4xx_hal_flash_ex.o
 .ARM.attributes
                0x00000000000002af       0x34 ./Drivers/STM32L4xx_HAL_Driver/Src/stm32l4xx_hal_gpio.o
 .ARM.attributes
                0x00000000000002e3       0x34 ./Drivers/STM32L4xx_HAL_Driver/Src/stm32l4xx_hal_lptim.o
 .ARM.attributes
                0x0000000000000317       0x34 ./Drivers/STM32L4xx_HAL_Driver/Src/stm32l4xx_hal_pwr_ex.o
 .ARM.attributes
                0x000000000000034b       0x34 ./Drivers/STM32L4xx_HAL_Driver/Src/stm32l4xx_hal_rcc.o
 .ARM.attributes
                0x000000000000037f       0x34 ./Drivers/STM32L4xx_HAL_Driver/Src/stm32l4xx_hal_rcc_ex.o
 .ARM.attributes
                0x00000000000003b3       0x34 ./Drivers/STM32L4xx_HAL_Driver/Src/stm32l4xx_hal_tim.o
 .ARM.attributes
                0x00000000000003e7       0x34 ./Drivers/STM32L4xx_HAL_Driver/Src/stm32l4xx_hal_tim_ex.o
 .ARM.attributes
                0x000000000000041b       0x34 ./Drivers/STM32L4xx_HAL_Driver/Src/stm32l4xx_hal_uart.o
 .ARM.attributes
                0x000000000000044f       0x34 /opt/st/stm32cubeide_1.7.0/plugins/com.st.stm32cube.ide.mcu.externaltools.gnu-tools-for-stm32.9-2020-q2-update.linux64_2.0.0.202105311346/tools/bin/../lib/gcc/arm-none-eabi/9.3.1/../../../../arm-none-eabi/lib/thumb/v7e-m+fp/hard/libc_nano.a(lib_a-init.o)
 .ARM.attributes
                0x0000000000000483       0x34 /opt/st/stm32cubeide_1.7.0/plugins/com.st.stm32cube.ide.mcu.externaltools.gnu-tools-for-stm32.9-2020-q2-update.linux64_2.0.0.202105311346/tools/bin/../lib/gcc/arm-none-eabi/9.3.1/../../../../arm-none-eabi/lib/thumb/v7e-m+fp/hard/libc_nano.a(lib_a-memset.o)
 .ARM.attributes
                0x00000000000004b7       0x1e /opt/st/stm32cubeide_1.7.0/plugins/com.st.stm32cube.ide.mcu.externaltools.gnu-tools-for-stm32.9-2020-q2-update.linux64_2.0.0.202105311346/tools/bin/../lib/gcc/arm-none-eabi/9.3.1/thumb/v7e-m+fp/hard/libgcc.a(_aeabi_uldivmod.o)
 .ARM.attributes
                0x00000000000004d5       0x34 /opt/st/stm32cubeide_1.7.0/plugins/com.st.stm32cube.ide.mcu.externaltools.gnu-tools-for-stm32.9-2020-q2-update.linux64_2.0.0.202105311346/tools/bin/../lib/gcc/arm-none-eabi/9.3.1/thumb/v7e-m+fp/hard/libgcc.a(_udivmoddi4.o)
 .ARM.attributes
                0x0000000000000509       0x1e /opt/st/stm32cubeide_1.7.0/plugins/com.st.stm32cube.ide.mcu.externaltools.gnu-tools-for-stm32.9-2020-q2-update.linux64_2.0.0.202105311346/tools/bin/../lib/gcc/arm-none-eabi/9.3.1/thumb/v7e-m+fp/hard/libgcc.a(_dvmd_tls.o)
 .ARM.attributes
                0x0000000000000527       0x1e /opt/st/stm32cubeide_1.7.0/plugins/com.st.stm32cube.ide.mcu.externaltools.gnu-tools-for-stm32.9-2020-q2-update.linux64_2.0.0.202105311346/tools/bin/../lib/gcc/arm-none-eabi/9.3.1/thumb/v7e-m+fp/hard/crtn.o
OUTPUT(STM32L412K8.elf elf32-littlearm)
LOAD linker stubs
LOAD /opt/st/stm32cubeide_1.7.0/plugins/com.st.stm32cube.ide.mcu.externaltools.gnu-tools-for-stm32.9-2020-q2-update.linux64_2.0.0.202105311346/tools/bin/../lib/gcc/arm-none-eabi/9.3.1/../../../../arm-none-eabi/lib/thumb/v7e-m+fp/hard/libc.a
LOAD /opt/st/stm32cubeide_1.7.0/plugins/com.st.stm32cube.ide.mcu.externaltools.gnu-tools-for-stm32.9-2020-q2-update.linux64_2.0.0.202105311346/tools/bin/../lib/gcc/arm-none-eabi/9.3.1/../../../../arm-none-eabi/lib/thumb/v7e-m+fp/hard/libm.a
LOAD /opt/st/stm32cubeide_1.7.0/plugins/com.st.stm32cube.ide.mcu.externaltools.gnu-tools-for-stm32.9-2020-q2-update.linux64_2.0.0.202105311346/tools/bin/../lib/gcc/arm-none-eabi/9.3.1/thumb/v7e-m+fp/hard/libgcc.a

.comment        0x0000000000000000       0x53
 .comment       0x0000000000000000       0x53 ./Core/Src/main.o
                                         0x54 (size before relaxing)
 .comment       0x0000000000000053       0x54 ./Core/Src/stm32l4xx_hal_msp.o
 .comment       0x0000000000000053       0x54 ./Core/Src/stm32l4xx_it.o
 .comment       0x0000000000000053       0x54 ./Core/Src/system_stm32l4xx.o
 .comment       0x0000000000000053       0x54 ./Drivers/STM32L4xx_HAL_Driver/Src/stm32l4xx_hal.o
 .comment       0x0000000000000053       0x54 ./Drivers/STM32L4xx_HAL_Driver/Src/stm32l4xx_hal_adc.o
 .comment       0x0000000000000053       0x54 ./Drivers/STM32L4xx_HAL_Driver/Src/stm32l4xx_hal_adc_ex.o
 .comment       0x0000000000000053       0x54 ./Drivers/STM32L4xx_HAL_Driver/Src/stm32l4xx_hal_cortex.o
 .comment       0x0000000000000053       0x54 ./Drivers/STM32L4xx_HAL_Driver/Src/stm32l4xx_hal_dma.o
 .comment       0x0000000000000053       0x54 ./Drivers/STM32L4xx_HAL_Driver/Src/stm32l4xx_hal_flash.o
 .comment       0x0000000000000053       0x54 ./Drivers/STM32L4xx_HAL_Driver/Src/stm32l4xx_hal_flash_ex.o
 .comment       0x0000000000000053       0x54 ./Drivers/STM32L4xx_HAL_Driver/Src/stm32l4xx_hal_gpio.o
 .comment       0x0000000000000053       0x54 ./Drivers/STM32L4xx_HAL_Driver/Src/stm32l4xx_hal_lptim.o
 .comment       0x0000000000000053       0x54 ./Drivers/STM32L4xx_HAL_Driver/Src/stm32l4xx_hal_pwr_ex.o
 .comment       0x0000000000000053       0x54 ./Drivers/STM32L4xx_HAL_Driver/Src/stm32l4xx_hal_rcc.o
 .comment       0x0000000000000053       0x54 ./Drivers/STM32L4xx_HAL_Driver/Src/stm32l4xx_hal_rcc_ex.o
 .comment       0x0000000000000053       0x54 ./Drivers/STM32L4xx_HAL_Driver/Src/stm32l4xx_hal_tim.o
 .comment       0x0000000000000053       0x54 ./Drivers/STM32L4xx_HAL_Driver/Src/stm32l4xx_hal_tim_ex.o
 .comment       0x0000000000000053       0x54 ./Drivers/STM32L4xx_HAL_Driver/Src/stm32l4xx_hal_uart.o

.debug_frame    0x0000000000000000       0xac
 .debug_frame   0x0000000000000000       0x2c /opt/st/stm32cubeide_1.7.0/plugins/com.st.stm32cube.ide.mcu.externaltools.gnu-tools-for-stm32.9-2020-q2-update.linux64_2.0.0.202105311346/tools/bin/../lib/gcc/arm-none-eabi/9.3.1/../../../../arm-none-eabi/lib/thumb/v7e-m+fp/hard/libc_nano.a(lib_a-init.o)
 .debug_frame   0x000000000000002c       0x20 /opt/st/stm32cubeide_1.7.0/plugins/com.st.stm32cube.ide.mcu.externaltools.gnu-tools-for-stm32.9-2020-q2-update.linux64_2.0.0.202105311346/tools/bin/../lib/gcc/arm-none-eabi/9.3.1/../../../../arm-none-eabi/lib/thumb/v7e-m+fp/hard/libc_nano.a(lib_a-memset.o)
 .debug_frame   0x000000000000004c       0x2c /opt/st/stm32cubeide_1.7.0/plugins/com.st.stm32cube.ide.mcu.externaltools.gnu-tools-for-stm32.9-2020-q2-update.linux64_2.0.0.202105311346/tools/bin/../lib/gcc/arm-none-eabi/9.3.1/thumb/v7e-m+fp/hard/libgcc.a(_aeabi_uldivmod.o)
 .debug_frame   0x0000000000000078       0x34 /opt/st/stm32cubeide_1.7.0/plugins/com.st.stm32cube.ide.mcu.externaltools.gnu-tools-for-stm32.9-2020-q2-update.linux64_2.0.0.202105311346/tools/bin/../lib/gcc/arm-none-eabi/9.3.1/thumb/v7e-m+fp/hard/libgcc.a(_udivmoddi4.o)
