Archive member included to satisfy reference by file (symbol)

/opt/st/stm32cubeide_1.12.1/plugins/com.st.stm32cube.ide.mcu.externaltools.gnu-tools-for-stm32.10.3-2021.10.linux64_1.0.200.202301161003/tools/bin/../lib/gcc/arm-none-eabi/10.3.1/../../../../arm-none-eabi/lib/thumb/v7e-m+fp/hard/libc_nano.a(lib_a-errno.o)
                              ./Core/Src/syscalls.o (__errno)
/opt/st/stm32cubeide_1.12.1/plugins/com.st.stm32cube.ide.mcu.externaltools.gnu-tools-for-stm32.10.3-2021.10.linux64_1.0.200.202301161003/tools/bin/../lib/gcc/arm-none-eabi/10.3.1/../../../../arm-none-eabi/lib/thumb/v7e-m+fp/hard/libc_nano.a(lib_a-exit.o)
                              /opt/st/stm32cubeide_1.12.1/plugins/com.st.stm32cube.ide.mcu.externaltools.gnu-tools-for-stm32.10.3-2021.10.linux64_1.0.200.202301161003/tools/bin/../lib/gcc/arm-none-eabi/10.3.1/../../../../arm-none-eabi/lib/thumb/v7e-m+fp/hard/crt0.o (exit)
/opt/st/stm32cubeide_1.12.1/plugins/com.st.stm32cube.ide.mcu.externaltools.gnu-tools-for-stm32.10.3-2021.10.linux64_1.0.200.202301161003/tools/bin/../lib/gcc/arm-none-eabi/10.3.1/../../../../arm-none-eabi/lib/thumb/v7e-m+fp/hard/libc_nano.a(lib_a-impure.o)
                              /opt/st/stm32cubeide_1.12.1/plugins/com.st.stm32cube.ide.mcu.externaltools.gnu-tools-for-stm32.10.3-2021.10.linux64_1.0.200.202301161003/tools/bin/../lib/gcc/arm-none-eabi/10.3.1/../../../../arm-none-eabi/lib/thumb/v7e-m+fp/hard/libc_nano.a(lib_a-exit.o) (_global_impure_ptr)
/opt/st/stm32cubeide_1.12.1/plugins/com.st.stm32cube.ide.mcu.externaltools.gnu-tools-for-stm32.10.3-2021.10.linux64_1.0.200.202301161003/tools/bin/../lib/gcc/arm-none-eabi/10.3.1/../../../../arm-none-eabi/lib/thumb/v7e-m+fp/hard/libc_nano.a(lib_a-init.o)
                              /opt/st/stm32cubeide_1.12.1/plugins/com.st.stm32cube.ide.mcu.externaltools.gnu-tools-for-stm32.10.3-2021.10.linux64_1.0.200.202301161003/tools/bin/../lib/gcc/arm-none-eabi/10.3.1/../../../../arm-none-eabi/lib/thumb/v7e-m+fp/hard/crt0.o (__libc_init_array)
/opt/st/stm32cubeide_1.12.1/plugins/com.st.stm32cube.ide.mcu.externaltools.gnu-tools-for-stm32.10.3-2021.10.linux64_1.0.200.202301161003/tools/bin/../lib/gcc/arm-none-eabi/10.3.1/../../../../arm-none-eabi/lib/thumb/v7e-m+fp/hard/libc_nano.a(lib_a-memset.o)
                              /opt/st/stm32cubeide_1.12.1/plugins/com.st.stm32cube.ide.mcu.externaltools.gnu-tools-for-stm32.10.3-2021.10.linux64_1.0.200.202301161003/tools/bin/../lib/gcc/arm-none-eabi/10.3.1/../../../../arm-none-eabi/lib/thumb/v7e-m+fp/hard/crt0.o (memset)
/opt/st/stm32cubeide_1.12.1/plugins/com.st.stm32cube.ide.mcu.externaltools.gnu-tools-for-stm32.10.3-2021.10.linux64_1.0.200.202301161003/tools/bin/../lib/gcc/arm-none-eabi/10.3.1/thumb/v7e-m+fp/hard/libgcc.a(_aeabi_ldivmod.o)
                              ./Drivers/STM32L4xx_HAL_Driver/Src/stm32l4xx_hal_uart.o (__aeabi_ldivmod)
/opt/st/stm32cubeide_1.12.1/plugins/com.st.stm32cube.ide.mcu.externaltools.gnu-tools-for-stm32.10.3-2021.10.linux64_1.0.200.202301161003/tools/bin/../lib/gcc/arm-none-eabi/10.3.1/thumb/v7e-m+fp/hard/libgcc.a(_aeabi_uldivmod.o)
                              ./Drivers/STM32L4xx_HAL_Driver/Src/stm32l4xx_hal_uart.o (__aeabi_uldivmod)
/opt/st/stm32cubeide_1.12.1/plugins/com.st.stm32cube.ide.mcu.externaltools.gnu-tools-for-stm32.10.3-2021.10.linux64_1.0.200.202301161003/tools/bin/../lib/gcc/arm-none-eabi/10.3.1/thumb/v7e-m+fp/hard/libgcc.a(_udivmoddi4.o)
                              /opt/st/stm32cubeide_1.12.1/plugins/com.st.stm32cube.ide.mcu.externaltools.gnu-tools-for-stm32.10.3-2021.10.linux64_1.0.200.202301161003/tools/bin/../lib/gcc/arm-none-eabi/10.3.1/thumb/v7e-m+fp/hard/libgcc.a(_aeabi_ldivmod.o) (__udivmoddi4)
/opt/st/stm32cubeide_1.12.1/plugins/com.st.stm32cube.ide.mcu.externaltools.gnu-tools-for-stm32.10.3-2021.10.linux64_1.0.200.202301161003/tools/bin/../lib/gcc/arm-none-eabi/10.3.1/thumb/v7e-m+fp/hard/libgcc.a(_dvmd_tls.o)
                              /opt/st/stm32cubeide_1.12.1/plugins/com.st.stm32cube.ide.mcu.externaltools.gnu-tools-for-stm32.10.3-2021.10.linux64_1.0.200.202301161003/tools/bin/../lib/gcc/arm-none-eabi/10.3.1/thumb/v7e-m+fp/hard/libgcc.a(_aeabi_ldivmod.o) (__aeabi_ldiv0)

Discarded input sections

 .text          0x0000000000000000        0x0 /opt/st/stm32cubeide_1.12.1/plugins/com.st.stm32cube.ide.mcu.externaltools.gnu-tools-for-stm32.10.3-2021.10.linux64_1.0.200.202301161003/tools/bin/../lib/gcc/arm-none-eabi/10.3.1/thumb/v7e-m+fp/hard/crti.o
 .data          0x0000000000000000        0x0 /opt/st/stm32cubeide_1.12.1/plugins/com.st.stm32cube.ide.mcu.externaltools.gnu-tools-for-stm32.10.3-2021.10.linux64_1.0.200.202301161003/tools/bin/../lib/gcc/arm-none-eabi/10.3.1/thumb/v7e-m+fp/hard/crti.o
 .bss           0x0000000000000000        0x0 /opt/st/stm32cubeide_1.12.1/plugins/com.st.stm32cube.ide.mcu.externaltools.gnu-tools-for-stm32.10.3-2021.10.linux64_1.0.200.202301161003/tools/bin/../lib/gcc/arm-none-eabi/10.3.1/thumb/v7e-m+fp/hard/crti.o
[...]
Memory Configuration

Name             Origin             Length             Attributes
RAM              0x0000000020000000 0x000000000000a000 xrw
FLASH            0x0000000008000000 0x0000000000010000 xr
*default*        0x0000000000000000 0xffffffffffffffff

Linker script and memory map

LOAD /opt/st/stm32cubeide_1.12.1/plugins/com.st.stm32cube.ide.mcu.externaltools.gnu-tools-for-stm32.10.3-2021.10.linux64_1.0.200.202301161003/tools/bin/../lib/gcc/arm-none-eabi/10.3.1/thumb/v7e-m+fp/hard/crti.o
LOAD /opt/st/stm32cubeide_1.12.1/plugins/com.st.stm32cube.ide.mcu.externaltools.gnu-tools-for-stm32.10.3-2021.10.linux64_1.0.200.202301161003/tools/bin/../lib/gcc/arm-none-eabi/10.3.1/thumb/v7e-m+fp/hard/crtbegin.o
LOAD /opt/st/stm32cubeide_1.12.1/plugins/com.st.stm32cube.ide.mcu.externaltools.gnu-tools-for-stm32.10.3-2021.10.linux64_1.0.200.202301161003/tools/bin/../lib/gcc/arm-none-eabi/10.3.1/../../../../arm-none-eabi/lib/thumb/v7e-m+fp/hard/crt0.o
LOAD ./Core/Src/main.o
LOAD ./Core/Src/stm32l4xx_hal_msp.o
LOAD ./Core/Src/stm32l4xx_it.o
LOAD ./Core/Src/syscalls.o
LOAD ./Core/Src/sysmem.o
LOAD ./Core/Src/system_stm32l4xx.o
LOAD ./Core/Startup/startup_stm32l412k8tx.o
LOAD ./Drivers/STM32L4xx_HAL_Driver/Src/stm32l4xx_hal.o
LOAD ./Drivers/STM32L4xx_HAL_Driver/Src/stm32l4xx_hal_adc.o
LOAD ./Drivers/STM32L4xx_HAL_Driver/Src/stm32l4xx_hal_adc_ex.o
LOAD ./Drivers/STM32L4xx_HAL_Driver/Src/stm32l4xx_hal_cortex.o
LOAD ./Drivers/STM32L4xx_HAL_Driver/Src/stm32l4xx_hal_dma.o
LOAD ./Drivers/STM32L4xx_HAL_Driver/Src/stm32l4xx_hal_dma_ex.o
LOAD ./Drivers/STM32L4xx_HAL_Driver/Src/stm32l4xx_hal_exti.o
LOAD ./Drivers/STM32L4xx_HAL_Driver/Src/stm32l4xx_hal_flash.o
LOAD ./Drivers/STM32L4xx_HAL_Driver/Src/stm32l4xx_hal_flash_ex.o
LOAD ./Drivers/STM32L4xx_HAL_Driver/Src/stm32l4xx_hal_flash_ramfunc.o
LOAD ./Drivers/STM32L4xx_HAL_Driver/Src/stm32l4xx_hal_gpio.o
LOAD ./Drivers/STM32L4xx_HAL_Driver/Src/stm32l4xx_hal_lptim.o
LOAD ./Drivers/STM32L4xx_HAL_Driver/Src/stm32l4xx_hal_pwr.o
LOAD ./Drivers/STM32L4xx_HAL_Driver/Src/stm32l4xx_hal_pwr_ex.o
LOAD ./Drivers/STM32L4xx_HAL_Driver/Src/stm32l4xx_hal_rcc.o
LOAD ./Drivers/STM32L4xx_HAL_Driver/Src/stm32l4xx_hal_rcc_ex.o
LOAD ./Drivers/STM32L4xx_HAL_Driver/Src/stm32l4xx_hal_tim.o
LOAD ./Drivers/STM32L4xx_HAL_Driver/Src/stm32l4xx_hal_tim_ex.o
LOAD ./Drivers/STM32L4xx_HAL_Driver/Src/stm32l4xx_hal_uart.o
LOAD ./Drivers/STM32L4xx_HAL_Driver/Src/stm32l4xx_hal_uart_ex.o
START GROUP
LOAD /opt/st/stm32cubeide_1.12.1/plugins/com.st.stm32cube.ide.mcu.externaltools.gnu-tools-for-stm32.10.3-2021.10.linux64_1.0.200.202301161003/tools/bin/../lib/gcc/arm-none-eabi/10.3.1/../../../../arm-none-eabi/lib/thumb/v7e-m+fp/hard/libstdc++_nano.a
LOAD /opt/st/stm32cubeide_1.12.1/plugins/com.st.stm32cube.ide.mcu.externaltools.gnu-tools-for-stm32.10.3-2021.10.linux64_1.0.200.202301161003/tools/bin/../lib/gcc/arm-none-eabi/10.3.1/../../../../arm-none-eabi/lib/thumb/v7e-m+fp/hard/libsupc++_nano.a
END GROUP
LOAD /opt/st/stm32cubeide_1.12.1/plugins/com.st.stm32cube.ide.mcu.externaltools.gnu-tools-for-stm32.10.3-2021.10.linux64_1.0.200.202301161003/tools/bin/../lib/gcc/arm-none-eabi/10.3.1/../../../../arm-none-eabi/lib/thumb/v7e-m+fp/hard/libstdc++_nano.a
LOAD /opt/st/stm32cubeide_1.12.1/plugins/com.st.stm32cube.ide.mcu.externaltools.gnu-tools-for-stm32.10.3-2021.10.linux64_1.0.200.202301161003/tools/bin/../lib/gcc/arm-none-eabi/10.3.1/../../../../arm-none-eabi/lib/thumb/v7e-m+fp/hard/libm.a
LOAD /opt/st/stm32cubeide_1.12.1/plugins/com.st.stm32cube.ide.mcu.externaltools.gnu-tools-for-stm32.10.3-2021.10.linux64_1.0.200.202301161003/tools/bin/../lib/gcc/arm-none-eabi/10.3.1/../../../../arm-none-eabi/lib/thumb/v7e-m+fp/hard/libc_nano.a
START GROUP
LOAD /opt/st/stm32cubeide_1.12.1/plugins/com.st.stm32cube.ide.mcu.externaltools.gnu-tools-for-stm32.10.3-2021.10.linux64_1.0.200.202301161003/tools/bin/../lib/gcc/arm-none-eabi/10.3.1/thumb/v7e-m+fp/hard/libgcc.a
LOAD /opt/st/stm32cubeide_1.12.1/plugins/com.st.stm32cube.ide.mcu.externaltools.gnu-tools-for-stm32.10.3-2021.10.linux64_1.0.200.202301161003/tools/bin/../lib/gcc/arm-none-eabi/10.3.1/../../../../arm-none-eabi/lib/thumb/v7e-m+fp/hard/libc_nano.a
END GROUP
START GROUP
LOAD /opt/st/stm32cubeide_1.12.1/plugins/com.st.stm32cube.ide.mcu.externaltools.gnu-tools-for-stm32.10.3-2021.10.linux64_1.0.200.202301161003/tools/bin/../lib/gcc/arm-none-eabi/10.3.1/thumb/v7e-m+fp/hard/libgcc.a
LOAD /opt/st/stm32cubeide_1.12.1/plugins/com.st.stm32cube.ide.mcu.externaltools.gnu-tools-for-stm32.10.3-2021.10.linux64_1.0.200.202301161003/tools/bin/../lib/gcc/arm-none-eabi/10.3.1/../../../../arm-none-eabi/lib/thumb/v7e-m+fp/hard/libc_nano.a
END GROUP
LOAD /opt/st/stm32cubeide_1.12.1/plugins/com.st.stm32cube.ide.mcu.externaltools.gnu-tools-for-stm32.10.3-2021.10.linux64_1.0.200.202301161003/tools/bin/../lib/gcc/arm-none-eabi/10.3.1/thumb/v7e-m+fp/hard/crtend.o
LOAD /opt/st/stm32cubeide_1.12.1/plugins/com.st.stm32cube.ide.mcu.externaltools.gnu-tools-for-stm32.10.3-2021.10.linux64_1.0.200.202301161003/tools/bin/../lib/gcc/arm-none-eabi/10.3.1/thumb/v7e-m+fp/hard/crtn.o
                0x000000002000a000                _estack = (ORIGIN (RAM) + LENGTH (RAM))
                0x0000000000000200                _Min_Heap_Size = 0x200
                0x0000000000000400                _Min_Stack_Size = 0x400

.isr_vector     0x0000000008000000      0x18c
                0x0000000008000000                . = ALIGN (0x4)
 *(.isr_vector)
 .isr_vector    0x0000000008000000      0x18c ./Core/Startup/startup_stm32l412k8tx.o
                0x0000000008000000                g_pfnVectors
                0x000000000800018c                . = ALIGN (0x4)

.text           0x000000000800018c     0x5258
                0x000000000800018c                . = ALIGN (0x4)
 *(.text)
 .text          0x000000000800018c       0x40 /opt/st/stm32cubeide_1.12.1/plugins/com.st.stm32cube.ide.mcu.externaltools.gnu-tools-for-stm32.10.3-2021.10.linux64_1.0.200.202301161003/tools/bin/../lib/gcc/arm-none-eabi/10.3.1/thumb/v7e-m+fp/hard/crtbegin.o
 .text          0x00000000080001cc       0x30 /opt/st/stm32cubeide_1.12.1/plugins/com.st.stm32cube.ide.mcu.externaltools.gnu-tools-for-stm32.10.3-2021.10.linux64_1.0.200.202301161003/tools/bin/../lib/gcc/arm-none-eabi/10.3.1/thumb/v7e-m+fp/hard/libgcc.a(_aeabi_uldivmod.o)
                0x00000000080001cc                __aeabi_uldivmod
 .text          0x00000000080001fc      0x2d0 /opt/st/stm32cubeide_1.12.1/plugins/com.st.stm32cube.ide.mcu.externaltools.gnu-tools-for-stm32.10.3-2021.10.linux64_1.0.200.202301161003/tools/bin/../lib/gcc/arm-none-eabi/10.3.1/thumb/v7e-m+fp/hard/libgcc.a(_udivmoddi4.o)
                0x00000000080001fc                __udivmoddi4
 .text          0x00000000080004cc        0x4 /opt/st/stm32cubeide_1.12.1/plugins/com.st.stm32cube.ide.mcu.externaltools.gnu-tools-for-stm32.10.3-2021.10.linux64_1.0.200.202301161003/tools/bin/../lib/gcc/arm-none-eabi/10.3.1/thumb/v7e-m+fp/hard/libgcc.a(_dvmd_tls.o)
                0x00000000080004cc                __aeabi_ldiv0
                0x00000000080004cc                __aeabi_idiv0
 *(.text*)
 .text.bebe     0x00000000080004d0       0x60 ./Core/Src/main.o
                0x00000000080004d0                bebe
 .text.rwFlash  0x0000000008000530      0x19c ./Core/Src/main.o
                0x0000000008000530                rwFlash
 .text.SystemClock_Config
                0x00000000080006cc       0x54 ./Core/Src/main.o
                0x00000000080006cc                SystemClock_Config
 .text.startup.main
                0x0000000008000720      0xba8 ./Core/Src/main.o
                0x0000000008000720                main
 .text.Error_Handler
                0x00000000080012c8        0x2 ./Core/Src/main.o
                0x00000000080012c8                Error_Handler
 *fill*         0x00000000080012ca        0x2 
 .text.HAL_MspInit
                0x00000000080012cc       0x30 ./Core/Src/stm32l4xx_hal_msp.o
                0x00000000080012cc                HAL_MspInit
 .text.HAL_ADC_MspInit
                0x00000000080012fc      0x108 ./Core/Src/stm32l4xx_hal_msp.o
                0x00000000080012fc                HAL_ADC_MspInit
 .text.HAL_LPTIM_MspInit
                0x0000000008001404       0x60 ./Core/Src/stm32l4xx_hal_msp.o
                0x0000000008001404                HAL_LPTIM_MspInit
 .text.HAL_TIM_Base_MspInit
                0x0000000008001464       0xb8 ./Core/Src/stm32l4xx_hal_msp.o
                0x0000000008001464                HAL_TIM_Base_MspInit
 .text.HAL_TIM_MspPostInit
                0x000000000800151c       0x48 ./Core/Src/stm32l4xx_hal_msp.o
                0x000000000800151c                HAL_TIM_MspPostInit
 .text.HAL_UART_MspInit
                0x0000000008001564       0xb8 ./Core/Src/stm32l4xx_hal_msp.o
                0x0000000008001564                HAL_UART_MspInit
 .text.HAL_UART_MspDeInit
                0x000000000800161c       0x38 ./Core/Src/stm32l4xx_hal_msp.o
                0x000000000800161c                HAL_UART_MspDeInit
 .text.NMI_Handler
                0x0000000008001654        0x2 ./Core/Src/stm32l4xx_it.o
                0x0000000008001654                NMI_Handler
 .text.HardFault_Handler
                0x0000000008001656        0x2 ./Core/Src/stm32l4xx_it.o
                0x0000000008001656                HardFault_Handler
 .text.MemManage_Handler
                0x0000000008001658        0x2 ./Core/Src/stm32l4xx_it.o
                0x0000000008001658                MemManage_Handler
 .text.BusFault_Handler
                0x000000000800165a        0x2 ./Core/Src/stm32l4xx_it.o
                0x000000000800165a                BusFault_Handler
 .text.UsageFault_Handler
                0x000000000800165c        0x2 ./Core/Src/stm32l4xx_it.o
                0x000000000800165c                UsageFault_Handler
 .text.SVC_Handler
                0x000000000800165e        0x2 ./Core/Src/stm32l4xx_it.o
                0x000000000800165e                SVC_Handler
 .text.DebugMon_Handler
                0x0000000008001660        0x2 ./Core/Src/stm32l4xx_it.o
                0x0000000008001660                DebugMon_Handler
 .text.PendSV_Handler
                0x0000000008001662        0x2 ./Core/Src/stm32l4xx_it.o
                0x0000000008001662                PendSV_Handler
 .text.SysTick_Handler
                0x0000000008001664        0x4 ./Core/Src/stm32l4xx_it.o
                0x0000000008001664                SysTick_Handler
 .text.DMA1_Channel1_IRQHandler
                0x0000000008001668       0x80 ./Core/Src/stm32l4xx_it.o
                0x0000000008001668                DMA1_Channel1_IRQHandler
 .text.DMA1_Channel5_IRQHandler
                0x00000000080016e8        0xc ./Core/Src/stm32l4xx_it.o
                0x00000000080016e8                DMA1_Channel5_IRQHandler
 .text.ADC1_2_IRQHandler
                0x00000000080016f4      0x10c ./Core/Src/stm32l4xx_it.o
                0x00000000080016f4                ADC1_2_IRQHandler
 .text.TIM1_BRK_TIM15_IRQHandler
                0x0000000008001800       0x24 ./Core/Src/stm32l4xx_it.o
                0x0000000008001800                TIM1_BRK_TIM15_IRQHandler
 .text.TIM1_UP_TIM16_IRQHandler
                0x0000000008001824       0x38 ./Core/Src/stm32l4xx_it.o
                0x0000000008001824                TIM1_UP_TIM16_IRQHandler
 .text.TIM6_IRQHandler
                0x000000000800185c       0xfc ./Core/Src/stm32l4xx_it.o
                0x000000000800185c                TIM6_IRQHandler
 .text.LPTIM2_IRQHandler
                0x0000000008001958       0xf0 ./Core/Src/stm32l4xx_it.o
                0x0000000008001958                LPTIM2_IRQHandler
 .text.SystemInit
                0x0000000008001a48       0x48 ./Core/Src/system_stm32l4xx.o
                0x0000000008001a48                SystemInit
 .text.Reset_Handler
                0x0000000008001a90       0x50 ./Core/Startup/startup_stm32l412k8tx.o
                0x0000000008001a90                Reset_Handler
 .text.Default_Handler
                0x0000000008001ae0        0x2 ./Core/Startup/startup_stm32l412k8tx.o
                0x0000000008001ae0                RTC_Alarm_IRQHandler
                0x0000000008001ae0                EXTI2_IRQHandler
                0x0000000008001ae0                TIM1_CC_IRQHandler
                0x0000000008001ae0                TSC_IRQHandler
                0x0000000008001ae0                TAMP_STAMP_IRQHandler
                0x0000000008001ae0                EXTI3_IRQHandler
                0x0000000008001ae0                I2C3_ER_IRQHandler
                0x0000000008001ae0                EXTI0_IRQHandler
                0x0000000008001ae0                I2C2_EV_IRQHandler
                0x0000000008001ae0                FPU_IRQHandler
                0x0000000008001ae0                SPI1_IRQHandler
                0x0000000008001ae0                DMA2_Channel2_IRQHandler
                0x0000000008001ae0                DMA1_Channel4_IRQHandler
                0x0000000008001ae0                USART3_IRQHandler
                0x0000000008001ae0                DMA1_Channel7_IRQHandler
                0x0000000008001ae0                DMA2_Channel1_IRQHandler
                0x0000000008001ae0                QUADSPI_IRQHandler
                0x0000000008001ae0                I2C1_EV_IRQHandler
                0x0000000008001ae0                DMA1_Channel6_IRQHandler
                0x0000000008001ae0                DMA2_Channel4_IRQHandler
                0x0000000008001ae0                RCC_IRQHandler
                0x0000000008001ae0                TIM1_TRG_COM_IRQHandler
                0x0000000008001ae0                Default_Handler
                0x0000000008001ae0                DMA2_Channel7_IRQHandler
                0x0000000008001ae0                EXTI15_10_IRQHandler
                0x0000000008001ae0                I2C3_EV_IRQHandler
                0x0000000008001ae0                USB_IRQHandler
                0x0000000008001ae0                EXTI9_5_IRQHandler
                0x0000000008001ae0                RTC_WKUP_IRQHandler
                0x0000000008001ae0                PVD_PVM_IRQHandler
                0x0000000008001ae0                SPI2_IRQHandler
                0x0000000008001ae0                DMA2_Channel5_IRQHandler
                0x0000000008001ae0                CRS_IRQHandler
                0x0000000008001ae0                EXTI4_IRQHandler
                0x0000000008001ae0                RNG_IRQHandler
                0x0000000008001ae0                DMA1_Channel3_IRQHandler
                0x0000000008001ae0                COMP_IRQHandler
                0x0000000008001ae0                WWDG_IRQHandler
                0x0000000008001ae0                LPUART1_IRQHandler
                0x0000000008001ae0                DMA2_Channel6_IRQHandler
                0x0000000008001ae0                TIM2_IRQHandler
                0x0000000008001ae0                EXTI1_IRQHandler
                0x0000000008001ae0                USART2_IRQHandler
                0x0000000008001ae0                I2C2_ER_IRQHandler
                0x0000000008001ae0                DMA1_Channel2_IRQHandler
                0x0000000008001ae0                FLASH_IRQHandler
                0x0000000008001ae0                USART1_IRQHandler
                0x0000000008001ae0                I2C1_ER_IRQHandler
                0x0000000008001ae0                LPTIM1_IRQHandler
                0x0000000008001ae0                DMA2_Channel3_IRQHandler
 *fill*         0x0000000008001ae2        0x2 
 .text.HAL_InitTick
                0x0000000008001ae4       0x4c ./Drivers/STM32L4xx_HAL_Driver/Src/stm32l4xx_hal.o
                0x0000000008001ae4                HAL_InitTick
 .text.HAL_Init
                0x0000000008001b30       0x1e ./Drivers/STM32L4xx_HAL_Driver/Src/stm32l4xx_hal.o
                0x0000000008001b30                HAL_Init
 *fill*         0x0000000008001b4e        0x2 
 .text.HAL_IncTick
                0x0000000008001b50       0x18 ./Drivers/STM32L4xx_HAL_Driver/Src/stm32l4xx_hal.o
                0x0000000008001b50                HAL_IncTick
 .text.HAL_GetTick
                0x0000000008001b68        0xc ./Drivers/STM32L4xx_HAL_Driver/Src/stm32l4xx_hal.o
                0x0000000008001b68                HAL_GetTick
 .text.HAL_Delay
                0x0000000008001b74       0x28 ./Drivers/STM32L4xx_HAL_Driver/Src/stm32l4xx_hal.o
                0x0000000008001b74                HAL_Delay
 .text.LL_ADC_SetChannelSamplingTime
                0x0000000008001b9c       0x22 ./Drivers/STM32L4xx_HAL_Driver/Src/stm32l4xx_hal_adc.o
 .text.LL_ADC_REG_IsConversionOngoing
                0x0000000008001bbe        0x8 ./Drivers/STM32L4xx_HAL_Driver/Src/stm32l4xx_hal_adc.o
 *fill*         0x0000000008001bc6        0x2 
 .text.HAL_ADC_Init
                0x0000000008001bc8      0x1ac ./Drivers/STM32L4xx_HAL_Driver/Src/stm32l4xx_hal_adc.o
                0x0000000008001bc8                HAL_ADC_Init
 .text.HAL_ADC_GetValue
                0x0000000008001d74        0x6 ./Drivers/STM32L4xx_HAL_Driver/Src/stm32l4xx_hal_adc.o
                0x0000000008001d74                HAL_ADC_GetValue
 .text.HAL_ADC_ConvCpltCallback
                0x0000000008001d7a        0x2 ./Drivers/STM32L4xx_HAL_Driver/Src/stm32l4xx_hal_adc.o
                0x0000000008001d7a                HAL_ADC_ConvCpltCallback
 .text.HAL_ADC_ConvHalfCpltCallback
                0x0000000008001d7c        0x2 ./Drivers/STM32L4xx_HAL_Driver/Src/stm32l4xx_hal_adc.o
                0x0000000008001d7c                HAL_ADC_ConvHalfCpltCallback
 .text.ADC_DMAHalfConvCplt
                0x0000000008001d7e        0xa ./Drivers/STM32L4xx_HAL_Driver/Src/stm32l4xx_hal_adc.o
                0x0000000008001d7e                ADC_DMAHalfConvCplt
 .text.HAL_ADC_LevelOutOfWindowCallback
                0x0000000008001d88        0x2 ./Drivers/STM32L4xx_HAL_Driver/Src/stm32l4xx_hal_adc.o
                0x0000000008001d88                HAL_ADC_LevelOutOfWindowCallback
 .text.HAL_ADC_ErrorCallback
                0x0000000008001d8a        0x2 ./Drivers/STM32L4xx_HAL_Driver/Src/stm32l4xx_hal_adc.o
                0x0000000008001d8a                HAL_ADC_ErrorCallback
 .text.HAL_ADC_IRQHandler
                0x0000000008001d8c      0x248 ./Drivers/STM32L4xx_HAL_Driver/Src/stm32l4xx_hal_adc.o
                0x0000000008001d8c                HAL_ADC_IRQHandler
 .text.ADC_DMAConvCplt
                0x0000000008001fd4       0x68 ./Drivers/STM32L4xx_HAL_Driver/Src/stm32l4xx_hal_adc.o
                0x0000000008001fd4                ADC_DMAConvCplt
 .text.ADC_DMAError
                0x000000000800203c       0x1a ./Drivers/STM32L4xx_HAL_Driver/Src/stm32l4xx_hal_adc.o
                0x000000000800203c                ADC_DMAError
 *fill*         0x0000000008002056        0x2 
 .text.HAL_ADC_ConfigChannel
                0x0000000008002058      0x390 ./Drivers/STM32L4xx_HAL_Driver/Src/stm32l4xx_hal_adc.o
                0x0000000008002058                HAL_ADC_ConfigChannel
 .text.ADC_ConversionStop
                0x00000000080023e8       0xd0 ./Drivers/STM32L4xx_HAL_Driver/Src/stm32l4xx_hal_adc.o
                0x00000000080023e8                ADC_ConversionStop
 .text.ADC_Enable
                0x00000000080024b8       0xb0 ./Drivers/STM32L4xx_HAL_Driver/Src/stm32l4xx_hal_adc.o
                0x00000000080024b8                ADC_Enable
 .text.HAL_ADC_Start_IT
                0x0000000008002568      0x14c ./Drivers/STM32L4xx_HAL_Driver/Src/stm32l4xx_hal_adc.o
                0x0000000008002568                HAL_ADC_Start_IT
 .text.HAL_ADC_Start_DMA
                0x00000000080026b4       0xf4 ./Drivers/STM32L4xx_HAL_Driver/Src/stm32l4xx_hal_adc.o
                0x00000000080026b4                HAL_ADC_Start_DMA
 .text.ADC_Disable
                0x00000000080027a8       0x68 ./Drivers/STM32L4xx_HAL_Driver/Src/stm32l4xx_hal_adc.o
                0x00000000080027a8                ADC_Disable
 .text.HAL_ADC_Stop_DMA
                0x0000000008002810       0x7c ./Drivers/STM32L4xx_HAL_Driver/Src/stm32l4xx_hal_adc.o
                0x0000000008002810                HAL_ADC_Stop_DMA
 .text.LL_ADC_REG_IsConversionOngoing
                0x000000000800288c        0x8 ./Drivers/STM32L4xx_HAL_Driver/Src/stm32l4xx_hal_adc_ex.o
 .text.HAL_ADCEx_Calibration_Start
                0x0000000008002894       0x94 ./Drivers/STM32L4xx_HAL_Driver/Src/stm32l4xx_hal_adc_ex.o
                0x0000000008002894                HAL_ADCEx_Calibration_Start
 .text.HAL_ADCEx_InjectedConvCpltCallback
                0x0000000008002928        0x2 ./Drivers/STM32L4xx_HAL_Driver/Src/stm32l4xx_hal_adc_ex.o
                0x0000000008002928                HAL_ADCEx_InjectedConvCpltCallback
 .text.HAL_ADCEx_InjectedQueueOverflowCallback
                0x000000000800292a        0x2 ./Drivers/STM32L4xx_HAL_Driver/Src/stm32l4xx_hal_adc_ex.o
                0x000000000800292a                HAL_ADCEx_InjectedQueueOverflowCallback
 .text.HAL_ADCEx_LevelOutOfWindow2Callback
                0x000000000800292c        0x2 ./Drivers/STM32L4xx_HAL_Driver/Src/stm32l4xx_hal_adc_ex.o
                0x000000000800292c                HAL_ADCEx_LevelOutOfWindow2Callback
 .text.HAL_ADCEx_LevelOutOfWindow3Callback
                0x000000000800292e        0x2 ./Drivers/STM32L4xx_HAL_Driver/Src/stm32l4xx_hal_adc_ex.o
                0x000000000800292e                HAL_ADCEx_LevelOutOfWindow3Callback
 .text.HAL_ADCEx_EndOfSamplingCallback
                0x0000000008002930        0x2 ./Drivers/STM32L4xx_HAL_Driver/Src/stm32l4xx_hal_adc_ex.o
                0x0000000008002930                HAL_ADCEx_EndOfSamplingCallback
 *fill*         0x0000000008002932        0x2 
 .text.HAL_ADCEx_MultiModeConfigChannel
                0x0000000008002934       0xc4 ./Drivers/STM32L4xx_HAL_Driver/Src/stm32l4xx_hal_adc_ex.o
                0x0000000008002934                HAL_ADCEx_MultiModeConfigChannel
 .text.HAL_NVIC_SetPriorityGrouping
                0x00000000080029f8       0x24 ./Drivers/STM32L4xx_HAL_Driver/Src/stm32l4xx_hal_cortex.o
                0x00000000080029f8                HAL_NVIC_SetPriorityGrouping
 .text.HAL_NVIC_SetPriority
                0x0000000008002a1c       0x64 ./Drivers/STM32L4xx_HAL_Driver/Src/stm32l4xx_hal_cortex.o
                0x0000000008002a1c                HAL_NVIC_SetPriority
 .text.HAL_NVIC_EnableIRQ
                0x0000000008002a80       0x1c ./Drivers/STM32L4xx_HAL_Driver/Src/stm32l4xx_hal_cortex.o
                0x0000000008002a80                HAL_NVIC_EnableIRQ
 .text.HAL_SYSTICK_Config
                0x0000000008002a9c       0x28 ./Drivers/STM32L4xx_HAL_Driver/Src/stm32l4xx_hal_cortex.o
                0x0000000008002a9c                HAL_SYSTICK_Config
 .text.HAL_DMA_Init
                0x0000000008002ac4       0xd8 ./Drivers/STM32L4xx_HAL_Driver/Src/stm32l4xx_hal_dma.o
                0x0000000008002ac4                HAL_DMA_Init
 .text.HAL_DMA_DeInit
                0x0000000008002b9c       0xa0 ./Drivers/STM32L4xx_HAL_Driver/Src/stm32l4xx_hal_dma.o
                0x0000000008002b9c                HAL_DMA_DeInit
 .text.HAL_DMA_Start_IT
                0x0000000008002c3c       0x7e ./Drivers/STM32L4xx_HAL_Driver/Src/stm32l4xx_hal_dma.o
                0x0000000008002c3c                HAL_DMA_Start_IT
 .text.HAL_DMA_Abort
                0x0000000008002cba       0x46 ./Drivers/STM32L4xx_HAL_Driver/Src/stm32l4xx_hal_dma.o
                0x0000000008002cba                HAL_DMA_Abort
 .text.HAL_DMA_IRQHandler
                0x0000000008002d00       0x94 ./Drivers/STM32L4xx_HAL_Driver/Src/stm32l4xx_hal_dma.o
                0x0000000008002d00                HAL_DMA_IRQHandler
 .text.FLASH_Program_Fast
                0x0000000008002d94       0x2c ./Drivers/STM32L4xx_HAL_Driver/Src/stm32l4xx_hal_flash.o
 .text.HAL_FLASH_Unlock
                0x0000000008002dc0       0x24 ./Drivers/STM32L4xx_HAL_Driver/Src/stm32l4xx_hal_flash.o
                0x0000000008002dc0                HAL_FLASH_Unlock
 .text.HAL_FLASH_Lock
                0x0000000008002de4       0x14 ./Drivers/STM32L4xx_HAL_Driver/Src/stm32l4xx_hal_flash.o
                0x0000000008002de4                HAL_FLASH_Lock
 .text.FLASH_WaitForLastOperation
                0x0000000008002df8       0x58 ./Drivers/STM32L4xx_HAL_Driver/Src/stm32l4xx_hal_flash.o
                0x0000000008002df8                FLASH_WaitForLastOperation
 .text.HAL_FLASH_Program
                0x0000000008002e50       0xa4 ./Drivers/STM32L4xx_HAL_Driver/Src/stm32l4xx_hal_flash.o
                0x0000000008002e50                HAL_FLASH_Program
 .text.FLASH_MassErase
                0x0000000008002ef4       0x20 ./Drivers/STM32L4xx_HAL_Driver/Src/stm32l4xx_hal_flash_ex.o
 .text.FLASH_PageErase
                0x0000000008002f14       0x28 ./Drivers/STM32L4xx_HAL_Driver/Src/stm32l4xx_hal_flash_ex.o
                0x0000000008002f14                FLASH_PageErase
 .text.FLASH_FlushCaches
                0x0000000008002f3c       0x60 ./Drivers/STM32L4xx_HAL_Driver/Src/stm32l4xx_hal_flash_ex.o
                0x0000000008002f3c                FLASH_FlushCaches
 .text.HAL_FLASHEx_Erase
                0x0000000008002f9c       0xd4 ./Drivers/STM32L4xx_HAL_Driver/Src/stm32l4xx_hal_flash_ex.o
                0x0000000008002f9c                HAL_FLASHEx_Erase
 .text.HAL_GPIO_Init
                0x0000000008003070      0x17c ./Drivers/STM32L4xx_HAL_Driver/Src/stm32l4xx_hal_gpio.o
                0x0000000008003070                HAL_GPIO_Init
 .text.HAL_GPIO_DeInit
                0x00000000080031ec       0xe8 ./Drivers/STM32L4xx_HAL_Driver/Src/stm32l4xx_hal_gpio.o
                0x00000000080031ec                HAL_GPIO_DeInit
 .text.HAL_GPIO_ReadPin
                0x00000000080032d4        0xc ./Drivers/STM32L4xx_HAL_Driver/Src/stm32l4xx_hal_gpio.o
                0x00000000080032d4                HAL_GPIO_ReadPin
 .text.HAL_GPIO_WritePin
                0x00000000080032e0        0xa ./Drivers/STM32L4xx_HAL_Driver/Src/stm32l4xx_hal_gpio.o
                0x00000000080032e0                HAL_GPIO_WritePin
 *fill*         0x00000000080032ea        0x2 
 .text.LPTIM_WaitForFlag
                0x00000000080032ec       0x30 ./Drivers/STM32L4xx_HAL_Driver/Src/stm32l4xx_hal_lptim.o
 .text.HAL_LPTIM_CompareMatchCallback
                0x000000000800331c        0x2 ./Drivers/STM32L4xx_HAL_Driver/Src/stm32l4xx_hal_lptim.o
                0x000000000800331c                HAL_LPTIM_CompareMatchCallback
 .text.HAL_LPTIM_AutoReloadMatchCallback
                0x000000000800331e        0x2 ./Drivers/STM32L4xx_HAL_Driver/Src/stm32l4xx_hal_lptim.o
                0x000000000800331e                HAL_LPTIM_AutoReloadMatchCallback
 .text.HAL_LPTIM_TriggerCallback
                0x0000000008003320        0x2 ./Drivers/STM32L4xx_HAL_Driver/Src/stm32l4xx_hal_lptim.o
                0x0000000008003320                HAL_LPTIM_TriggerCallback
 .text.HAL_LPTIM_CompareWriteCallback
                0x0000000008003322        0x2 ./Drivers/STM32L4xx_HAL_Driver/Src/stm32l4xx_hal_lptim.o
                0x0000000008003322                HAL_LPTIM_CompareWriteCallback
 .text.HAL_LPTIM_AutoReloadWriteCallback
                0x0000000008003324        0x2 ./Drivers/STM32L4xx_HAL_Driver/Src/stm32l4xx_hal_lptim.o
                0x0000000008003324                HAL_LPTIM_AutoReloadWriteCallback
 .text.HAL_LPTIM_DirectionUpCallback
                0x0000000008003326        0x2 ./Drivers/STM32L4xx_HAL_Driver/Src/stm32l4xx_hal_lptim.o
                0x0000000008003326                HAL_LPTIM_DirectionUpCallback
 .text.HAL_LPTIM_DirectionDownCallback
                0x0000000008003328        0x2 ./Drivers/STM32L4xx_HAL_Driver/Src/stm32l4xx_hal_lptim.o
                0x0000000008003328                HAL_LPTIM_DirectionDownCallback
 .text.HAL_LPTIM_UpdateEventCallback
                0x000000000800332a        0x2 ./Drivers/STM32L4xx_HAL_Driver/Src/stm32l4xx_hal_lptim.o
                0x000000000800332a                HAL_LPTIM_UpdateEventCallback
 .text.HAL_LPTIM_RepCounterWriteCallback
                0x000000000800332c        0x2 ./Drivers/STM32L4xx_HAL_Driver/Src/stm32l4xx_hal_lptim.o
                0x000000000800332c                HAL_LPTIM_RepCounterWriteCallback
 .text.HAL_LPTIM_IRQHandler
                0x000000000800332e       0xde ./Drivers/STM32L4xx_HAL_Driver/Src/stm32l4xx_hal_lptim.o
                0x000000000800332e                HAL_LPTIM_IRQHandler
 .text.LPTIM_Disable
                0x000000000800340c      0x198 ./Drivers/STM32L4xx_HAL_Driver/Src/stm32l4xx_hal_lptim.o
                0x000000000800340c                LPTIM_Disable
 .text.HAL_LPTIM_Init
                0x00000000080035a4       0xe4 ./Drivers/STM32L4xx_HAL_Driver/Src/stm32l4xx_hal_lptim.o
                0x00000000080035a4                HAL_LPTIM_Init
 .text.HAL_LPTIM_Counter_Start_IT
                0x0000000008003688       0xa4 ./Drivers/STM32L4xx_HAL_Driver/Src/stm32l4xx_hal_lptim.o
                0x0000000008003688                HAL_LPTIM_Counter_Start_IT
 .text.HAL_LPTIM_Counter_Stop_IT
                0x000000000800372c       0x60 ./Drivers/STM32L4xx_HAL_Driver/Src/stm32l4xx_hal_lptim.o
                0x000000000800372c                HAL_LPTIM_Counter_Stop_IT
 .text.HAL_PWREx_GetVoltageRange
                0x000000000800378c       0x10 ./Drivers/STM32L4xx_HAL_Driver/Src/stm32l4xx_hal_pwr_ex.o
                0x000000000800378c                HAL_PWREx_GetVoltageRange
 .text.HAL_PWREx_ControlVoltageScaling
                0x000000000800379c       0x6c ./Drivers/STM32L4xx_HAL_Driver/Src/stm32l4xx_hal_pwr_ex.o
                0x000000000800379c                HAL_PWREx_ControlVoltageScaling
 .text.RCC_SetFlashLatencyFromMSIRange
                0x0000000008003808       0x84 ./Drivers/STM32L4xx_HAL_Driver/Src/stm32l4xx_hal_rcc.o
 .text.HAL_RCC_GetSysClockFreq
                0x000000000800388c       0x9c ./Drivers/STM32L4xx_HAL_Driver/Src/stm32l4xx_hal_rcc.o
                0x000000000800388c                HAL_RCC_GetSysClockFreq
 .text.HAL_RCC_OscConfig
                0x0000000008003928      0x5ac ./Drivers/STM32L4xx_HAL_Driver/Src/stm32l4xx_hal_rcc.o
                0x0000000008003928                HAL_RCC_OscConfig
 .text.HAL_RCC_ClockConfig
                0x0000000008003ed4      0x154 ./Drivers/STM32L4xx_HAL_Driver/Src/stm32l4xx_hal_rcc.o
                0x0000000008003ed4                HAL_RCC_ClockConfig
 .text.HAL_RCC_GetPCLK1Freq
                0x0000000008004028       0x24 ./Drivers/STM32L4xx_HAL_Driver/Src/stm32l4xx_hal_rcc.o
                0x0000000008004028                HAL_RCC_GetPCLK1Freq
 .text.HAL_RCC_GetPCLK2Freq
                0x000000000800404c       0x24 ./Drivers/STM32L4xx_HAL_Driver/Src/stm32l4xx_hal_rcc.o
                0x000000000800404c                HAL_RCC_GetPCLK2Freq
 .text.HAL_RCCEx_PeriphCLKConfig
                0x0000000008004070      0x1ec ./Drivers/STM32L4xx_HAL_Driver/Src/stm32l4xx_hal_rcc_ex.o
                0x0000000008004070                HAL_RCCEx_PeriphCLKConfig
 .text.TIM_OC1_SetConfig
                0x000000000800425c       0x78 ./Drivers/STM32L4xx_HAL_Driver/Src/stm32l4xx_hal_tim.o
 .text.TIM_OC3_SetConfig
                0x00000000080042d4       0x70 ./Drivers/STM32L4xx_HAL_Driver/Src/stm32l4xx_hal_tim.o
 .text.TIM_OC4_SetConfig
                0x0000000008004344       0x58 ./Drivers/STM32L4xx_HAL_Driver/Src/stm32l4xx_hal_tim.o
 .text.TIM_OC5_SetConfig
                0x000000000800439c       0x58 ./Drivers/STM32L4xx_HAL_Driver/Src/stm32l4xx_hal_tim.o
 .text.TIM_OC6_SetConfig
                0x00000000080043f4       0x58 ./Drivers/STM32L4xx_HAL_Driver/Src/stm32l4xx_hal_tim.o
 .text.HAL_TIM_Base_Start_IT
                0x000000000800444c       0x54 ./Drivers/STM32L4xx_HAL_Driver/Src/stm32l4xx_hal_tim.o
                0x000000000800444c                HAL_TIM_Base_Start_IT
 .text.HAL_TIM_Base_Stop_IT
                0x00000000080044a0       0x30 ./Drivers/STM32L4xx_HAL_Driver/Src/stm32l4xx_hal_tim.o
                0x00000000080044a0                HAL_TIM_Base_Stop_IT
 .text.HAL_TIM_OC_MspInit
                0x00000000080044d0        0x2 ./Drivers/STM32L4xx_HAL_Driver/Src/stm32l4xx_hal_tim.o
                0x00000000080044d0                HAL_TIM_OC_MspInit
 .text.HAL_TIM_OnePulse_MspInit
                0x00000000080044d2        0x2 ./Drivers/STM32L4xx_HAL_Driver/Src/stm32l4xx_hal_tim.o
                0x00000000080044d2                HAL_TIM_OnePulse_MspInit
 .text.HAL_TIM_PeriodElapsedCallback
                0x00000000080044d4        0x2 ./Drivers/STM32L4xx_HAL_Driver/Src/stm32l4xx_hal_tim.o
                0x00000000080044d4                HAL_TIM_PeriodElapsedCallback
 .text.HAL_TIM_OC_DelayElapsedCallback
                0x00000000080044d6        0x2 ./Drivers/STM32L4xx_HAL_Driver/Src/stm32l4xx_hal_tim.o
                0x00000000080044d6                HAL_TIM_OC_DelayElapsedCallback
 .text.HAL_TIM_IC_CaptureCallback
                0x00000000080044d8        0x2 ./Drivers/STM32L4xx_HAL_Driver/Src/stm32l4xx_hal_tim.o
                0x00000000080044d8                HAL_TIM_IC_CaptureCallback
 .text.HAL_TIM_PWM_PulseFinishedCallback
                0x00000000080044da        0x2 ./Drivers/STM32L4xx_HAL_Driver/Src/stm32l4xx_hal_tim.o
                0x00000000080044da                HAL_TIM_PWM_PulseFinishedCallback
 .text.HAL_TIM_TriggerCallback
                0x00000000080044dc        0x2 ./Drivers/STM32L4xx_HAL_Driver/Src/stm32l4xx_hal_tim.o
                0x00000000080044dc                HAL_TIM_TriggerCallback
 .text.HAL_TIM_IRQHandler
                0x00000000080044de      0x160 ./Drivers/STM32L4xx_HAL_Driver/Src/stm32l4xx_hal_tim.o
                0x00000000080044de                HAL_TIM_IRQHandler
 *fill*         0x000000000800463e        0x2 
 .text.TIM_Base_SetConfig
                0x0000000008004640       0x74 ./Drivers/STM32L4xx_HAL_Driver/Src/stm32l4xx_hal_tim.o
                0x0000000008004640                TIM_Base_SetConfig
 .text.HAL_TIM_Base_Init
                0x00000000080046b4       0x60 ./Drivers/STM32L4xx_HAL_Driver/Src/stm32l4xx_hal_tim.o
                0x00000000080046b4                HAL_TIM_Base_Init
 .text.HAL_TIM_OC_Init
                0x0000000008004714       0x60 ./Drivers/STM32L4xx_HAL_Driver/Src/stm32l4xx_hal_tim.o
                0x0000000008004714                HAL_TIM_OC_Init
 .text.HAL_TIM_OnePulse_Init
                0x0000000008004774       0x5a ./Drivers/STM32L4xx_HAL_Driver/Src/stm32l4xx_hal_tim.o
                0x0000000008004774                HAL_TIM_OnePulse_Init
 *fill*         0x00000000080047ce        0x2 
 .text.TIM_OC2_SetConfig
                0x00000000080047d0       0x70 ./Drivers/STM32L4xx_HAL_Driver/Src/stm32l4xx_hal_tim.o
                0x00000000080047d0                TIM_OC2_SetConfig
 .text.HAL_TIM_OC_ConfigChannel
                0x0000000008004840       0x68 ./Drivers/STM32L4xx_HAL_Driver/Src/stm32l4xx_hal_tim.o
                0x0000000008004840                HAL_TIM_OC_ConfigChannel
 .text.TIM_ETR_SetConfig
                0x00000000080048a8       0x14 ./Drivers/STM32L4xx_HAL_Driver/Src/stm32l4xx_hal_tim.o
                0x00000000080048a8                TIM_ETR_SetConfig
 .text.HAL_TIM_ConfigClockSource
                0x00000000080048bc      0x138 ./Drivers/STM32L4xx_HAL_Driver/Src/stm32l4xx_hal_tim.o
                0x00000000080048bc                HAL_TIM_ConfigClockSource
 .text.TIM_CCxChannelCmd
                0x00000000080049f4       0x1c ./Drivers/STM32L4xx_HAL_Driver/Src/stm32l4xx_hal_tim.o
                0x00000000080049f4                TIM_CCxChannelCmd
 .text.HAL_TIM_OC_Start
                0x0000000008004a10       0xe4 ./Drivers/STM32L4xx_HAL_Driver/Src/stm32l4xx_hal_tim.o
                0x0000000008004a10                HAL_TIM_OC_Start
 .text.HAL_TIM_OC_Stop
                0x0000000008004af4       0x9c ./Drivers/STM32L4xx_HAL_Driver/Src/stm32l4xx_hal_tim.o
                0x0000000008004af4                HAL_TIM_OC_Stop
 .text.HAL_TIMEx_MasterConfigSynchronization
                0x0000000008004b90       0x64 ./Drivers/STM32L4xx_HAL_Driver/Src/stm32l4xx_hal_tim_ex.o
                0x0000000008004b90                HAL_TIMEx_MasterConfigSynchronization
 .text.HAL_TIMEx_CommutCallback
                0x0000000008004bf4        0x2 ./Drivers/STM32L4xx_HAL_Driver/Src/stm32l4xx_hal_tim_ex.o
                0x0000000008004bf4                HAL_TIMEx_CommutCallback
 .text.HAL_TIMEx_BreakCallback
                0x0000000008004bf6        0x2 ./Drivers/STM32L4xx_HAL_Driver/Src/stm32l4xx_hal_tim_ex.o
                0x0000000008004bf6                HAL_TIMEx_BreakCallback
 .text.HAL_TIMEx_Break2Callback
                0x0000000008004bf8        0x2 ./Drivers/STM32L4xx_HAL_Driver/Src/stm32l4xx_hal_tim_ex.o
                0x0000000008004bf8                HAL_TIMEx_Break2Callback
 .text.UART_EndRxTransfer
                0x0000000008004bfa       0x4e ./Drivers/STM32L4xx_HAL_Driver/Src/stm32l4xx_hal_uart.o
 .text.HAL_UART_DeInit
                0x0000000008004c48       0x36 ./Drivers/STM32L4xx_HAL_Driver/Src/stm32l4xx_hal_uart.o
                0x0000000008004c48                HAL_UART_DeInit
 .text.HAL_UART_RxCpltCallback
                0x0000000008004c7e        0x2 ./Drivers/STM32L4xx_HAL_Driver/Src/stm32l4xx_hal_uart.o
                0x0000000008004c7e                HAL_UART_RxCpltCallback
 .text.HAL_UART_RxHalfCpltCallback
                0x0000000008004c80        0x2 ./Drivers/STM32L4xx_HAL_Driver/Src/stm32l4xx_hal_uart.o
                0x0000000008004c80                HAL_UART_RxHalfCpltCallback
 .text.HAL_UART_ErrorCallback
                0x0000000008004c82        0x2 ./Drivers/STM32L4xx_HAL_Driver/Src/stm32l4xx_hal_uart.o
                0x0000000008004c82                HAL_UART_ErrorCallback
 .text.UART_DMAError
                0x0000000008004c84       0x54 ./Drivers/STM32L4xx_HAL_Driver/Src/stm32l4xx_hal_uart.o
 .text.HAL_UARTEx_RxEventCallback
                0x0000000008004cd8        0x2 ./Drivers/STM32L4xx_HAL_Driver/Src/stm32l4xx_hal_uart.o
                0x0000000008004cd8                HAL_UARTEx_RxEventCallback
 .text.UART_DMARxHalfCplt
                0x0000000008004cda       0x1c ./Drivers/STM32L4xx_HAL_Driver/Src/stm32l4xx_hal_uart.o
 .text.UART_DMAReceiveCplt
                0x0000000008004cf6       0x88 ./Drivers/STM32L4xx_HAL_Driver/Src/stm32l4xx_hal_uart.o
 *fill*         0x0000000008004d7e        0x2 
 .text.UART_SetConfig
                0x0000000008004d80      0x224 ./Drivers/STM32L4xx_HAL_Driver/Src/stm32l4xx_hal_uart.o
                0x0000000008004d80                UART_SetConfig
 .text.UART_AdvFeatureConfig
                0x0000000008004fa4       0xa8 ./Drivers/STM32L4xx_HAL_Driver/Src/stm32l4xx_hal_uart.o
                0x0000000008004fa4                UART_AdvFeatureConfig
 .text.UART_WaitOnFlagUntilTimeout
                0x000000000800504c       0xbc ./Drivers/STM32L4xx_HAL_Driver/Src/stm32l4xx_hal_uart.o
                0x000000000800504c                UART_WaitOnFlagUntilTimeout
 .text.HAL_UART_Transmit
                0x0000000008005108       0xb4 ./Drivers/STM32L4xx_HAL_Driver/Src/stm32l4xx_hal_uart.o
                0x0000000008005108                HAL_UART_Transmit
 .text.UART_CheckIdleState
                0x00000000080051bc       0x66 ./Drivers/STM32L4xx_HAL_Driver/Src/stm32l4xx_hal_uart.o
                0x00000000080051bc                UART_CheckIdleState
 .text.HAL_UART_Init
                0x0000000008005222       0x5c ./Drivers/STM32L4xx_HAL_Driver/Src/stm32l4xx_hal_uart.o
                0x0000000008005222                HAL_UART_Init
 *fill*         0x000000000800527e        0x2 
 .text.UART_Start_Receive_DMA
                0x0000000008005280       0xa4 ./Drivers/STM32L4xx_HAL_Driver/Src/stm32l4xx_hal_uart.o
                0x0000000008005280                UART_Start_Receive_DMA
 .text.HAL_UART_Receive_DMA
                0x0000000008005324       0x50 ./Drivers/STM32L4xx_HAL_Driver/Src/stm32l4xx_hal_uart.o
                0x0000000008005324                HAL_UART_Receive_DMA
 .text.__libc_init_array
                0x0000000008005374       0x48 /opt/st/stm32cubeide_1.12.1/plugins/com.st.stm32cube.ide.mcu.externaltools.gnu-tools-for-stm32.10.3-2021.10.linux64_1.0.200.202301161003/tools/bin/../lib/gcc/arm-none-eabi/10.3.1/../../../../arm-none-eabi/lib/thumb/v7e-m+fp/hard/libc_nano.a(lib_a-init.o)
                0x0000000008005374                __libc_init_array
 .text.memset   0x00000000080053bc       0x10 /opt/st/stm32cubeide_1.12.1/plugins/com.st.stm32cube.ide.mcu.externaltools.gnu-tools-for-stm32.10.3-2021.10.linux64_1.0.200.202301161003/tools/bin/../lib/gcc/arm-none-eabi/10.3.1/../../../../arm-none-eabi/lib/thumb/v7e-m+fp/hard/libc_nano.a(lib_a-memset.o)
                0x00000000080053bc                memset
 *(.glue_7)
 .glue_7        0x00000000080053cc        0x0 linker stubs
 *(.glue_7t)
 .glue_7t       0x00000000080053cc        0x0 linker stubs
 *(.eh_frame)
 .eh_frame      0x00000000080053cc        0x0 /opt/st/stm32cubeide_1.12.1/plugins/com.st.stm32cube.ide.mcu.externaltools.gnu-tools-for-stm32.10.3-2021.10.linux64_1.0.200.202301161003/tools/bin/../lib/gcc/arm-none-eabi/10.3.1/thumb/v7e-m+fp/hard/crtbegin.o
 *(.init)
 .init          0x00000000080053cc        0x4 /opt/st/stm32cubeide_1.12.1/plugins/com.st.stm32cube.ide.mcu.externaltools.gnu-tools-for-stm32.10.3-2021.10.linux64_1.0.200.202301161003/tools/bin/../lib/gcc/arm-none-eabi/10.3.1/thumb/v7e-m+fp/hard/crti.o
                0x00000000080053cc                _init
 .init          0x00000000080053d0        0x8 /opt/st/stm32cubeide_1.12.1/plugins/com.st.stm32cube.ide.mcu.externaltools.gnu-tools-for-stm32.10.3-2021.10.linux64_1.0.200.202301161003/tools/bin/../lib/gcc/arm-none-eabi/10.3.1/thumb/v7e-m+fp/hard/crtn.o
 *(.fini)
 .fini          0x00000000080053d8        0x4 /opt/st/stm32cubeide_1.12.1/plugins/com.st.stm32cube.ide.mcu.externaltools.gnu-tools-for-stm32.10.3-2021.10.linux64_1.0.200.202301161003/tools/bin/../lib/gcc/arm-none-eabi/10.3.1/thumb/v7e-m+fp/hard/crti.o
                0x00000000080053d8                _fini
 .fini          0x00000000080053dc        0x8 /opt/st/stm32cubeide_1.12.1/plugins/com.st.stm32cube.ide.mcu.externaltools.gnu-tools-for-stm32.10.3-2021.10.linux64_1.0.200.202301161003/tools/bin/../lib/gcc/arm-none-eabi/10.3.1/thumb/v7e-m+fp/hard/crtn.o
                0x00000000080053e4                . = ALIGN (0x4)
                0x00000000080053e4                _etext = .

.vfp11_veneer   0x00000000080053e4        0x0
 .vfp11_veneer  0x00000000080053e4        0x0 linker stubs

.v4_bx          0x00000000080053e4        0x0
 .v4_bx         0x00000000080053e4        0x0 linker stubs

.iplt           0x00000000080053e4        0x0
 .iplt          0x00000000080053e4        0x0 /opt/st/stm32cubeide_1.12.1/plugins/com.st.stm32cube.ide.mcu.externaltools.gnu-tools-for-stm32.10.3-2021.10.linux64_1.0.200.202301161003/tools/bin/../lib/gcc/arm-none-eabi/10.3.1/thumb/v7e-m+fp/hard/crtbegin.o

.rodata         0x00000000080053e4       0x74
                0x00000000080053e4                . = ALIGN (0x4)
 *(.rodata)
 *(.rodata*)
 .rodata.main.str1.1
                0x00000000080053e4       0x19 ./Core/Src/main.o
 .rodata.AHBPrescTable
                0x00000000080053fd       0x10 ./Core/Src/system_stm32l4xx.o
                0x00000000080053fd                AHBPrescTable
 .rodata.APBPrescTable
                0x000000000800540d        0x8 ./Core/Src/system_stm32l4xx.o
                0x000000000800540d                APBPrescTable
 *fill*         0x0000000008005415        0x3 
 .rodata.MSIRangeTable
                0x0000000008005418       0x30 ./Core/Src/system_stm32l4xx.o
                0x0000000008005418                MSIRangeTable
 .rodata.CSWTCH.53
                0x0000000008005448        0x3 ./Drivers/STM32L4xx_HAL_Driver/Src/stm32l4xx_hal_uart.o
 .rodata.CSWTCH.54
                0x000000000800544b        0xd ./Drivers/STM32L4xx_HAL_Driver/Src/stm32l4xx_hal_uart.o
                0x0000000008005458                . = ALIGN (0x4)

.ARM.extab      0x0000000008005458        0x0
                0x0000000008005458                . = ALIGN (0x4)
 *(.ARM.extab* .gnu.linkonce.armextab.*)
                0x0000000008005458                . = ALIGN (0x4)

.ARM            0x0000000008005458        0x8
                0x0000000008005458                . = ALIGN (0x4)
                0x0000000008005458                __exidx_start = .
 *(.ARM.exidx*)
 .ARM.exidx     0x0000000008005458        0x8 /opt/st/stm32cubeide_1.12.1/plugins/com.st.stm32cube.ide.mcu.externaltools.gnu-tools-for-stm32.10.3-2021.10.linux64_1.0.200.202301161003/tools/bin/../lib/gcc/arm-none-eabi/10.3.1/thumb/v7e-m+fp/hard/libgcc.a(_udivmoddi4.o)
                0x0000000008005460                __exidx_end = .
                0x0000000008005460                . = ALIGN (0x4)

.rel.dyn        0x0000000008005460        0x0
 .rel.iplt      0x0000000008005460        0x0 /opt/st/stm32cubeide_1.12.1/plugins/com.st.stm32cube.ide.mcu.externaltools.gnu-tools-for-stm32.10.3-2021.10.linux64_1.0.200.202301161003/tools/bin/../lib/gcc/arm-none-eabi/10.3.1/thumb/v7e-m+fp/hard/crtbegin.o

.preinit_array  0x0000000008005460        0x0
                0x0000000008005460                . = ALIGN (0x4)
                0x0000000008005460                PROVIDE (__preinit_array_start = .)
 *(.preinit_array*)
                0x0000000008005460                PROVIDE (__preinit_array_end = .)
                0x0000000008005460                . = ALIGN (0x4)

.init_array     0x0000000008005460        0x4
                0x0000000008005460                . = ALIGN (0x4)
                0x0000000008005460                PROVIDE (__init_array_start = .)
 *(SORT_BY_NAME(.init_array.*))
 *(.init_array*)
 .init_array    0x0000000008005460        0x4 /opt/st/stm32cubeide_1.12.1/plugins/com.st.stm32cube.ide.mcu.externaltools.gnu-tools-for-stm32.10.3-2021.10.linux64_1.0.200.202301161003/tools/bin/../lib/gcc/arm-none-eabi/10.3.1/thumb/v7e-m+fp/hard/crtbegin.o
                0x0000000008005464                PROVIDE (__init_array_end = .)
                0x0000000008005464                . = ALIGN (0x4)

.fini_array     0x0000000008005464        0x4
                0x0000000008005464                . = ALIGN (0x4)
                [!provide]                        PROVIDE (__fini_array_start = .)
 *(SORT_BY_NAME(.fini_array.*))
 *(.fini_array*)
 .fini_array    0x0000000008005464        0x4 /opt/st/stm32cubeide_1.12.1/plugins/com.st.stm32cube.ide.mcu.externaltools.gnu-tools-for-stm32.10.3-2021.10.linux64_1.0.200.202301161003/tools/bin/../lib/gcc/arm-none-eabi/10.3.1/thumb/v7e-m+fp/hard/crtbegin.o
                [!provide]                        PROVIDE (__fini_array_end = .)
                0x0000000008005468                . = ALIGN (0x4)
                0x0000000008005468                _sidata = LOADADDR (.data)

.data           0x0000000020000000       0x34 load address 0x0000000008005468
                0x0000000020000000                . = ALIGN (0x4)
                0x0000000020000000                _sdata = .
 *(.data)
 *(.data*)
 .data.initFlag
                0x0000000020000000        0x1 ./Core/Src/main.o
                0x0000000020000000                initFlag
 .data.initUART
                0x0000000020000001        0x1 ./Core/Src/main.o
                0x0000000020000001                initUART
 .data.oldAlarmLevel
                0x0000000020000002        0x2 ./Core/Src/main.o
                0x0000000020000002                oldAlarmLevel
 .data.sleepFlag
                0x0000000020000004        0x1 ./Core/Src/main.o
                0x0000000020000004                sleepFlag
 *fill*         0x0000000020000005        0x3 
 .data.SystemCoreClock
                0x0000000020000008        0x4 ./Core/Src/system_stm32l4xx.o
                0x0000000020000008                SystemCoreClock
 .data.uwTickFreq
                0x000000002000000c        0x1 ./Drivers/STM32L4xx_HAL_Driver/Src/stm32l4xx_hal.o
                0x000000002000000c                uwTickFreq
 *fill*         0x000000002000000d        0x3 
 .data.uwTickPrio
                0x0000000020000010        0x4 ./Drivers/STM32L4xx_HAL_Driver/Src/stm32l4xx_hal.o
                0x0000000020000010                uwTickPrio
 .data.pFlash   0x0000000020000014       0x20 ./Drivers/STM32L4xx_HAL_Driver/Src/stm32l4xx_hal_flash.o
                0x0000000020000014                pFlash
 *(.RamFunc)
 *(.RamFunc*)
                0x0000000020000034                . = ALIGN (0x4)
                0x0000000020000034                _edata = .

.igot.plt       0x0000000020000034        0x0 load address 0x000000000800549c
 .igot.plt      0x0000000020000034        0x0 /opt/st/stm32cubeide_1.12.1/plugins/com.st.stm32cube.ide.mcu.externaltools.gnu-tools-for-stm32.10.3-2021.10.linux64_1.0.200.202301161003/tools/bin/../lib/gcc/arm-none-eabi/10.3.1/thumb/v7e-m+fp/hard/crtbegin.o
                0x0000000020000034                . = ALIGN (0x4)

.bss            0x0000000020000034     0x4e18 load address 0x000000000800549c
                0x0000000020000034                _sbss = .
                0x0000000020000034                __bss_start__ = _sbss
 *(.bss)
 .bss           0x0000000020000034       0x1c /opt/st/stm32cubeide_1.12.1/plugins/com.st.stm32cube.ide.mcu.externaltools.gnu-tools-for-stm32.10.3-2021.10.linux64_1.0.200.202301161003/tools/bin/../lib/gcc/arm-none-eabi/10.3.1/thumb/v7e-m+fp/hard/crtbegin.o
 *(.bss*)
 .bss.Thr1      0x0000000020000050        0x4 ./Core/Src/main.o
                0x0000000020000050                Thr1
 .bss.Thr2      0x0000000020000054        0x4 ./Core/Src/main.o
                0x0000000020000054                Thr2
 .bss.Thr3      0x0000000020000058        0x4 ./Core/Src/main.o
                0x0000000020000058                Thr3
 .bss.adc1Result
                0x000000002000005c        0x4 ./Core/Src/main.o
                0x000000002000005c                adc1Result
 .bss.adc2Result
                0x0000000020000060        0x2 ./Core/Src/main.o
                0x0000000020000060                adc2Result
 .bss.alarmCount
                0x0000000020000062        0x2 ./Core/Src/main.o
                0x0000000020000062                alarmCount
 .bss.alarmLevel
                0x0000000020000064        0x2 ./Core/Src/main.o
                0x0000000020000064                alarmLevel
 *fill*         0x0000000020000066        0x2 
 .bss.alarmTime
                0x0000000020000068        0x4 ./Core/Src/main.o
                0x0000000020000068                alarmTime
 .bss.avgRadInterval
                0x000000002000006c        0x4 ./Core/Src/main.o
                0x000000002000006c                avgRadInterval
 .bss.batteryInterval
                0x0000000020000070        0x4 ./Core/Src/main.o
                0x0000000020000070                batteryInterval
 .bss.cfgData   0x0000000020000074        0x2 ./Core/Src/main.o
                0x0000000020000074                cfgData
 *fill*         0x0000000020000076        0x2 
 .bss.cfgKoef   0x0000000020000078        0x4 ./Core/Src/main.o
 .bss.cfgLevel1
                0x000000002000007c        0x2 ./Core/Src/main.o
                0x000000002000007c                cfgLevel1
 .bss.cfgLevel2
                0x000000002000007e        0x2 ./Core/Src/main.o
                0x000000002000007e                cfgLevel2
 .bss.cfgLevel3
                0x0000000020000080        0x2 ./Core/Src/main.o
                0x0000000020000080                cfgLevel3
 *fill*         0x0000000020000082        0x2 
 .bss.counterALL
                0x0000000020000084        0x4 ./Core/Src/main.o
                0x0000000020000084                counterALL
 .bss.counterCC
                0x0000000020000088        0x4 ./Core/Src/main.o
                0x0000000020000088                counterCC
 .bss.counterCCAlarm
                0x000000002000008c        0x4 ./Core/Src/main.o
                0x000000002000008c                counterCCAlarm
 .bss.dacValue  0x0000000020000090        0x2 ./Core/Src/main.o
                0x0000000020000090                dacValue
 .bss.flash_ok  0x0000000020000092        0x1 ./Core/Src/main.o
                0x0000000020000092                flash_ok
 *fill*         0x0000000020000093        0x1 
 .bss.hadc1     0x0000000020000094       0x64 ./Core/Src/main.o
                0x0000000020000094                hadc1
 .bss.hadc2     0x00000000200000f8       0x64 ./Core/Src/main.o
                0x00000000200000f8                hadc2
 .bss.hdma_adc1
                0x000000002000015c       0x48 ./Core/Src/main.o
                0x000000002000015c                hdma_adc1
 .bss.hdma_usart1_rx
                0x00000000200001a4       0x48 ./Core/Src/main.o
                0x00000000200001a4                hdma_usart1_rx
 .bss.hlptim2   0x00000000200001ec       0x3c ./Core/Src/main.o
                0x00000000200001ec                hlptim2
 .bss.htim15    0x0000000020000228       0x4c ./Core/Src/main.o
                0x0000000020000228                htim15
 .bss.htim16    0x0000000020000274       0x4c ./Core/Src/main.o
                0x0000000020000274                htim16
 .bss.htim2     0x00000000200002c0       0x4c ./Core/Src/main.o
                0x00000000200002c0                htim2
 .bss.htim6     0x000000002000030c       0x4c ./Core/Src/main.o
                0x000000002000030c                htim6
 .bss.huart1    0x0000000020000358       0x84 ./Core/Src/main.o
                0x0000000020000358                huart1
 .bss.indexBuffer
                0x00000000200003dc        0x1 ./Core/Src/main.o
                0x00000000200003dc                indexBuffer
 *fill*         0x00000000200003dd        0x3 
 .bss.logDat    0x00000000200003e0      0x960 ./Core/Src/main.o
                0x00000000200003e0                logDat
 .bss.logDataFlag
                0x0000000020000d40        0x1 ./Core/Src/main.o
                0x0000000020000d40                logDataFlag
 .bss.logIndex  0x0000000020000d41        0x1 ./Core/Src/main.o
                0x0000000020000d41                logIndex
 .bss.logRecords
                0x0000000020000d42        0x1 ./Core/Src/main.o
                0x0000000020000d42                logRecords
 *fill*         0x0000000020000d43        0x1 
 .bss.oldInterval
                0x0000000020000d44        0x4 ./Core/Src/main.o
                0x0000000020000d44                oldInterval
 .bss.oldTimeAll
                0x0000000020000d48        0x4 ./Core/Src/main.o
                0x0000000020000d48                oldTimeAll
 .bss.powerCoeff
                0x0000000020000d4c        0x2 ./Core/Src/main.o
                0x0000000020000d4c                powerCoeff
 *fill*         0x0000000020000d4e        0x2 
 .bss.radBuffer
                0x0000000020000d50       0xc8 ./Core/Src/main.o
                0x0000000020000d50                radBuffer
 .bss.resolution
                0x0000000020000e18        0x1 ./Core/Src/main.o
                0x0000000020000e18                resolution
 *fill*         0x0000000020000e19        0x3 
 .bss.sleepDelay
                0x0000000020000e1c        0x4 ./Core/Src/main.o
                0x0000000020000e1c                sleepDelay
 .bss.specterHistory
                0x0000000020000e20        0x1 ./Core/Src/main.o
                0x0000000020000e20                specterHistory
 *fill*         0x0000000020000e21        0x1 
 .bss.spectrCRC
                0x0000000020000e22        0x2 ./Core/Src/main.o
                0x0000000020000e22                spectrCRC
 .bss.spectrData
                0x0000000020000e24     0x4018 ./Core/Src/main.o
                0x0000000020000e24                spectrData
 .bss.temperatureKoeff1
                0x0000000020004e3c        0x4 ./Core/Src/main.o
                0x0000000020004e3c                temperatureKoeff1
 .bss.temperatureKoeff2
                0x0000000020004e40        0x4 ./Core/Src/main.o
                0x0000000020004e40                temperatureKoeff2
 .bss.HAL_RCC_ADC_CLK_ENABLED
                0x0000000020004e44        0x4 ./Core/Src/stm32l4xx_hal_msp.o
 .bss.uwTick    0x0000000020004e48        0x4 ./Drivers/STM32L4xx_HAL_Driver/Src/stm32l4xx_hal.o
                0x0000000020004e48                uwTick
 *(COMMON)
                0x0000000020004e4c                . = ALIGN (0x4)
                0x0000000020004e4c                _ebss = .
                0x0000000020004e4c                __bss_end__ = _ebss

._user_heap_stack
                0x0000000020004e4c      0x604 load address 0x000000000800549c
                0x0000000020004e50                . = ALIGN (0x8)
 *fill*         0x0000000020004e4c        0x4 
                [!provide]                        PROVIDE (end = .)
                0x0000000020004e50                PROVIDE (_end = .)
                0x0000000020005050                . = (. + _Min_Heap_Size)
 *fill*         0x0000000020004e50      0x200 
                0x0000000020005450                . = (. + _Min_Stack_Size)
 *fill*         0x0000000020005050      0x400 
                0x0000000020005450                . = ALIGN (0x8)

/DISCARD/
 libc.a(*)
 libm.a(*)
 libgcc.a(*)

.ARM.attributes
                0x0000000000000000       0x30
 *(.ARM.attributes)
 .ARM.attributes
                0x0000000000000000       0x1e /opt/st/stm32cubeide_1.12.1/plugins/com.st.stm32cube.ide.mcu.externaltools.gnu-tools-for-stm32.10.3-2021.10.linux64_1.0.200.202301161003/tools/bin/../lib/gcc/arm-none-eabi/10.3.1/thumb/v7e-m+fp/hard/crti.o
 .ARM.attributes
                0x000000000000001e       0x34 /opt/st/stm32cubeide_1.12.1/plugins/com.st.stm32cube.ide.mcu.externaltools.gnu-tools-for-stm32.10.3-2021.10.linux64_1.0.200.202301161003/tools/bin/../lib/gcc/arm-none-eabi/10.3.1/thumb/v7e-m+fp/hard/crtbegin.o
 .ARM.attributes
                0x0000000000000052       0x34 ./Core/Src/main.o
 .ARM.attributes
                0x0000000000000086       0x34 ./Core/Src/stm32l4xx_hal_msp.o
 .ARM.attributes
                0x00000000000000ba       0x34 ./Core/Src/stm32l4xx_it.o
 .ARM.attributes
                0x00000000000000ee       0x34 ./Core/Src/system_stm32l4xx.o
 .ARM.attributes
                0x0000000000000122       0x21 ./Core/Startup/startup_stm32l412k8tx.o
 .ARM.attributes
                0x0000000000000143       0x34 ./Drivers/STM32L4xx_HAL_Driver/Src/stm32l4xx_hal.o
 .ARM.attributes
                0x0000000000000177       0x34 ./Drivers/STM32L4xx_HAL_Driver/Src/stm32l4xx_hal_adc.o
 .ARM.attributes
                0x00000000000001ab       0x34 ./Drivers/STM32L4xx_HAL_Driver/Src/stm32l4xx_hal_adc_ex.o
 .ARM.attributes
                0x00000000000001df       0x34 ./Drivers/STM32L4xx_HAL_Driver/Src/stm32l4xx_hal_cortex.o
 .ARM.attributes
                0x0000000000000213       0x34 ./Drivers/STM32L4xx_HAL_Driver/Src/stm32l4xx_hal_dma.o
 .ARM.attributes
                0x0000000000000247       0x34 ./Drivers/STM32L4xx_HAL_Driver/Src/stm32l4xx_hal_flash.o
 .ARM.attributes
                0x000000000000027b       0x34 ./Drivers/STM32L4xx_HAL_Driver/Src/stm32l4xx_hal_flash_ex.o
 .ARM.attributes
                0x00000000000002af       0x34 ./Drivers/STM32L4xx_HAL_Driver/Src/stm32l4xx_hal_gpio.o
 .ARM.attributes
                0x00000000000002e3       0x34 ./Drivers/STM32L4xx_HAL_Driver/Src/stm32l4xx_hal_lptim.o
 .ARM.attributes
                0x0000000000000317       0x34 ./Drivers/STM32L4xx_HAL_Driver/Src/stm32l4xx_hal_pwr_ex.o
 .ARM.attributes
                0x000000000000034b       0x34 ./Drivers/STM32L4xx_HAL_Driver/Src/stm32l4xx_hal_rcc.o
 .ARM.attributes
                0x000000000000037f       0x34 ./Drivers/STM32L4xx_HAL_Driver/Src/stm32l4xx_hal_rcc_ex.o
 .ARM.attributes
                0x00000000000003b3       0x34 ./Drivers/STM32L4xx_HAL_Driver/Src/stm32l4xx_hal_tim.o
 .ARM.attributes
                0x00000000000003e7       0x34 ./Drivers/STM32L4xx_HAL_Driver/Src/stm32l4xx_hal_tim_ex.o
 .ARM.attributes
                0x000000000000041b       0x34 ./Drivers/STM32L4xx_HAL_Driver/Src/stm32l4xx_hal_uart.o
 .ARM.attributes
                0x000000000000044f       0x34 /opt/st/stm32cubeide_1.12.1/plugins/com.st.stm32cube.ide.mcu.externaltools.gnu-tools-for-stm32.10.3-2021.10.linux64_1.0.200.202301161003/tools/bin/../lib/gcc/arm-none-eabi/10.3.1/../../../../arm-none-eabi/lib/thumb/v7e-m+fp/hard/libc_nano.a(lib_a-init.o)
 .ARM.attributes
                0x0000000000000483       0x34 /opt/st/stm32cubeide_1.12.1/plugins/com.st.stm32cube.ide.mcu.externaltools.gnu-tools-for-stm32.10.3-2021.10.linux64_1.0.200.202301161003/tools/bin/../lib/gcc/arm-none-eabi/10.3.1/../../../../arm-none-eabi/lib/thumb/v7e-m+fp/hard/libc_nano.a(lib_a-memset.o)
 .ARM.attributes
                0x00000000000004b7       0x1e /opt/st/stm32cubeide_1.12.1/plugins/com.st.stm32cube.ide.mcu.externaltools.gnu-tools-for-stm32.10.3-2021.10.linux64_1.0.200.202301161003/tools/bin/../lib/gcc/arm-none-eabi/10.3.1/thumb/v7e-m+fp/hard/libgcc.a(_aeabi_uldivmod.o)
 .ARM.attributes
                0x00000000000004d5       0x34 /opt/st/stm32cubeide_1.12.1/plugins/com.st.stm32cube.ide.mcu.externaltools.gnu-tools-for-stm32.10.3-2021.10.linux64_1.0.200.202301161003/tools/bin/../lib/gcc/arm-none-eabi/10.3.1/thumb/v7e-m+fp/hard/libgcc.a(_udivmoddi4.o)
 .ARM.attributes
                0x0000000000000509       0x1e /opt/st/stm32cubeide_1.12.1/plugins/com.st.stm32cube.ide.mcu.externaltools.gnu-tools-for-stm32.10.3-2021.10.linux64_1.0.200.202301161003/tools/bin/../lib/gcc/arm-none-eabi/10.3.1/thumb/v7e-m+fp/hard/libgcc.a(_dvmd_tls.o)
 .ARM.attributes
                0x0000000000000527       0x1e /opt/st/stm32cubeide_1.12.1/plugins/com.st.stm32cube.ide.mcu.externaltools.gnu-tools-for-stm32.10.3-2021.10.linux64_1.0.200.202301161003/tools/bin/../lib/gcc/arm-none-eabi/10.3.1/thumb/v7e-m+fp/hard/crtn.o
OUTPUT(STM32L412K8.elf elf32-littlearm)
LOAD linker stubs
LOAD /opt/st/stm32cubeide_1.12.1/plugins/com.st.stm32cube.ide.mcu.externaltools.gnu-tools-for-stm32.10.3-2021.10.linux64_1.0.200.202301161003/tools/bin/../lib/gcc/arm-none-eabi/10.3.1/../../../../arm-none-eabi/lib/thumb/v7e-m+fp/hard/libc.a
LOAD /opt/st/stm32cubeide_1.12.1/plugins/com.st.stm32cube.ide.mcu.externaltools.gnu-tools-for-stm32.10.3-2021.10.linux64_1.0.200.202301161003/tools/bin/../lib/gcc/arm-none-eabi/10.3.1/../../../../arm-none-eabi/lib/thumb/v7e-m+fp/hard/libm.a
LOAD /opt/st/stm32cubeide_1.12.1/plugins/com.st.stm32cube.ide.mcu.externaltools.gnu-tools-for-stm32.10.3-2021.10.linux64_1.0.200.202301161003/tools/bin/../lib/gcc/arm-none-eabi/10.3.1/thumb/v7e-m+fp/hard/libgcc.a

.comment        0x0000000000000000       0x50
 .comment       0x0000000000000000       0x50 ./Core/Src/main.o
                                         0x51 (size before relaxing)
 .comment       0x0000000000000050       0x51 ./Core/Src/stm32l4xx_hal_msp.o
 .comment       0x0000000000000050       0x51 ./Core/Src/stm32l4xx_it.o
 .comment       0x0000000000000050       0x51 ./Core/Src/system_stm32l4xx.o
 .comment       0x0000000000000050       0x51 ./Drivers/STM32L4xx_HAL_Driver/Src/stm32l4xx_hal.o
 .comment       0x0000000000000050       0x51 ./Drivers/STM32L4xx_HAL_Driver/Src/stm32l4xx_hal_adc.o
 .comment       0x0000000000000050       0x51 ./Drivers/STM32L4xx_HAL_Driver/Src/stm32l4xx_hal_adc_ex.o
 .comment       0x0000000000000050       0x51 ./Drivers/STM32L4xx_HAL_Driver/Src/stm32l4xx_hal_cortex.o
 .comment       0x0000000000000050       0x51 ./Drivers/STM32L4xx_HAL_Driver/Src/stm32l4xx_hal_dma.o
 .comment       0x0000000000000050       0x51 ./Drivers/STM32L4xx_HAL_Driver/Src/stm32l4xx_hal_flash.o
 .comment       0x0000000000000050       0x51 ./Drivers/STM32L4xx_HAL_Driver/Src/stm32l4xx_hal_flash_ex.o
 .comment       0x0000000000000050       0x51 ./Drivers/STM32L4xx_HAL_Driver/Src/stm32l4xx_hal_gpio.o
 .comment       0x0000000000000050       0x51 ./Drivers/STM32L4xx_HAL_Driver/Src/stm32l4xx_hal_lptim.o
 .comment       0x0000000000000050       0x51 ./Drivers/STM32L4xx_HAL_Driver/Src/stm32l4xx_hal_pwr_ex.o
 .comment       0x0000000000000050       0x51 ./Drivers/STM32L4xx_HAL_Driver/Src/stm32l4xx_hal_rcc.o
 .comment       0x0000000000000050       0x51 ./Drivers/STM32L4xx_HAL_Driver/Src/stm32l4xx_hal_rcc_ex.o
 .comment       0x0000000000000050       0x51 ./Drivers/STM32L4xx_HAL_Driver/Src/stm32l4xx_hal_tim.o
 .comment       0x0000000000000050       0x51 ./Drivers/STM32L4xx_HAL_Driver/Src/stm32l4xx_hal_tim_ex.o
 .comment       0x0000000000000050       0x51 ./Drivers/STM32L4xx_HAL_Driver/Src/stm32l4xx_hal_uart.o

.debug_frame    0x0000000000000000       0xac
 .debug_frame   0x0000000000000000       0x2c /opt/st/stm32cubeide_1.12.1/plugins/com.st.stm32cube.ide.mcu.externaltools.gnu-tools-for-stm32.10.3-2021.10.linux64_1.0.200.202301161003/tools/bin/../lib/gcc/arm-none-eabi/10.3.1/../../../../arm-none-eabi/lib/thumb/v7e-m+fp/hard/libc_nano.a(lib_a-init.o)
 .debug_frame   0x000000000000002c       0x20 /opt/st/stm32cubeide_1.12.1/plugins/com.st.stm32cube.ide.mcu.externaltools.gnu-tools-for-stm32.10.3-2021.10.linux64_1.0.200.202301161003/tools/bin/../lib/gcc/arm-none-eabi/10.3.1/../../../../arm-none-eabi/lib/thumb/v7e-m+fp/hard/libc_nano.a(lib_a-memset.o)
 .debug_frame   0x000000000000004c       0x2c /opt/st/stm32cubeide_1.12.1/plugins/com.st.stm32cube.ide.mcu.externaltools.gnu-tools-for-stm32.10.3-2021.10.linux64_1.0.200.202301161003/tools/bin/../lib/gcc/arm-none-eabi/10.3.1/thumb/v7e-m+fp/hard/libgcc.a(_aeabi_uldivmod.o)
 .debug_frame   0x0000000000000078       0x34 /opt/st/stm32cubeide_1.12.1/plugins/com.st.stm32cube.ide.mcu.externaltools.gnu-tools-for-stm32.10.3-2021.10.linux64_1.0.200.202301161003/tools/bin/../lib/gcc/arm-none-eabi/10.3.1/thumb/v7e-m+fp/hard/libgcc.a(_udivmoddi4.o)
