Archive member included to satisfy reference by file (symbol)

/opt/st/stm32cubeide_1.6.1/plugins/com.st.stm32cube.ide.mcu.externaltools.gnu-tools-for-stm32.9-2020-q2-update.linux64_1.5.0.202011040924/tools/bin/../lib/gcc/arm-none-eabi/9.3.1/../../../../arm-none-eabi/lib/thumb/v7e-m+fp/hard/libc_nano.a(lib_a-errno.o)
                              Core/Src/syscalls.o (__errno)
/opt/st/stm32cubeide_1.6.1/plugins/com.st.stm32cube.ide.mcu.externaltools.gnu-tools-for-stm32.9-2020-q2-update.linux64_1.5.0.202011040924/tools/bin/../lib/gcc/arm-none-eabi/9.3.1/../../../../arm-none-eabi/lib/thumb/v7e-m+fp/hard/libc_nano.a(lib_a-exit.o)
                              /opt/st/stm32cubeide_1.6.1/plugins/com.st.stm32cube.ide.mcu.externaltools.gnu-tools-for-stm32.9-2020-q2-update.linux64_1.5.0.202011040924/tools/bin/../lib/gcc/arm-none-eabi/9.3.1/../../../../arm-none-eabi/lib/thumb/v7e-m+fp/hard/crt0.o (exit)
/opt/st/stm32cubeide_1.6.1/plugins/com.st.stm32cube.ide.mcu.externaltools.gnu-tools-for-stm32.9-2020-q2-update.linux64_1.5.0.202011040924/tools/bin/../lib/gcc/arm-none-eabi/9.3.1/../../../../arm-none-eabi/lib/thumb/v7e-m+fp/hard/libc_nano.a(lib_a-impure.o)
                              /opt/st/stm32cubeide_1.6.1/plugins/com.st.stm32cube.ide.mcu.externaltools.gnu-tools-for-stm32.9-2020-q2-update.linux64_1.5.0.202011040924/tools/bin/../lib/gcc/arm-none-eabi/9.3.1/../../../../arm-none-eabi/lib/thumb/v7e-m+fp/hard/libc_nano.a(lib_a-exit.o) (_global_impure_ptr)
/opt/st/stm32cubeide_1.6.1/plugins/com.st.stm32cube.ide.mcu.externaltools.gnu-tools-for-stm32.9-2020-q2-update.linux64_1.5.0.202011040924/tools/bin/../lib/gcc/arm-none-eabi/9.3.1/../../../../arm-none-eabi/lib/thumb/v7e-m+fp/hard/libc_nano.a(lib_a-init.o)
                              /opt/st/stm32cubeide_1.6.1/plugins/com.st.stm32cube.ide.mcu.externaltools.gnu-tools-for-stm32.9-2020-q2-update.linux64_1.5.0.202011040924/tools/bin/../lib/gcc/arm-none-eabi/9.3.1/../../../../arm-none-eabi/lib/thumb/v7e-m+fp/hard/crt0.o (__libc_init_array)
/opt/st/stm32cubeide_1.6.1/plugins/com.st.stm32cube.ide.mcu.externaltools.gnu-tools-for-stm32.9-2020-q2-update.linux64_1.5.0.202011040924/tools/bin/../lib/gcc/arm-none-eabi/9.3.1/../../../../arm-none-eabi/lib/thumb/v7e-m+fp/hard/libc_nano.a(lib_a-memset.o)
                              /opt/st/stm32cubeide_1.6.1/plugins/com.st.stm32cube.ide.mcu.externaltools.gnu-tools-for-stm32.9-2020-q2-update.linux64_1.5.0.202011040924/tools/bin/../lib/gcc/arm-none-eabi/9.3.1/../../../../arm-none-eabi/lib/thumb/v7e-m+fp/hard/crt0.o (memset)
/opt/st/stm32cubeide_1.6.1/plugins/com.st.stm32cube.ide.mcu.externaltools.gnu-tools-for-stm32.9-2020-q2-update.linux64_1.5.0.202011040924/tools/bin/../lib/gcc/arm-none-eabi/9.3.1/thumb/v7e-m+fp/hard/libgcc.a(_aeabi_ldivmod.o)
                              Drivers/STM32L4xx_HAL_Driver/Src/stm32l4xx_hal_uart.o (__aeabi_ldivmod)
/opt/st/stm32cubeide_1.6.1/plugins/com.st.stm32cube.ide.mcu.externaltools.gnu-tools-for-stm32.9-2020-q2-update.linux64_1.5.0.202011040924/tools/bin/../lib/gcc/arm-none-eabi/9.3.1/thumb/v7e-m+fp/hard/libgcc.a(_aeabi_uldivmod.o)
                              Drivers/STM32L4xx_HAL_Driver/Src/stm32l4xx_hal_uart.o (__aeabi_uldivmod)
/opt/st/stm32cubeide_1.6.1/plugins/com.st.stm32cube.ide.mcu.externaltools.gnu-tools-for-stm32.9-2020-q2-update.linux64_1.5.0.202011040924/tools/bin/../lib/gcc/arm-none-eabi/9.3.1/thumb/v7e-m+fp/hard/libgcc.a(_udivmoddi4.o)
                              /opt/st/stm32cubeide_1.6.1/plugins/com.st.stm32cube.ide.mcu.externaltools.gnu-tools-for-stm32.9-2020-q2-update.linux64_1.5.0.202011040924/tools/bin/../lib/gcc/arm-none-eabi/9.3.1/thumb/v7e-m+fp/hard/libgcc.a(_aeabi_ldivmod.o) (__udivmoddi4)
/opt/st/stm32cubeide_1.6.1/plugins/com.st.stm32cube.ide.mcu.externaltools.gnu-tools-for-stm32.9-2020-q2-update.linux64_1.5.0.202011040924/tools/bin/../lib/gcc/arm-none-eabi/9.3.1/thumb/v7e-m+fp/hard/libgcc.a(_dvmd_tls.o)
                              /opt/st/stm32cubeide_1.6.1/plugins/com.st.stm32cube.ide.mcu.externaltools.gnu-tools-for-stm32.9-2020-q2-update.linux64_1.5.0.202011040924/tools/bin/../lib/gcc/arm-none-eabi/9.3.1/thumb/v7e-m+fp/hard/libgcc.a(_aeabi_ldivmod.o) (__aeabi_ldiv0)

Allocating common symbols
Common symbol       size              file

adc1Result          0x4               Core/Src/main.o
dacValue            0x2               Core/Src/main.o
temperatureKoeff2   0x4               Core/Src/main.o
avgRadInterval      0x4               Core/Src/main.o
hadc2               0x64              Core/Src/main.o
htim15              0x4c              Core/Src/main.o
alarmLevel          0x2               Core/Src/main.o
cfgLevel3           0x2               Core/Src/main.o
counterPP           0x14              Core/Src/main.o
powerCoeff          0x2               Core/Src/main.o
uwTick              0x4               Drivers/STM32L4xx_HAL_Driver/Src/stm32l4xx_hal.o
sleepDelay          0x4               Core/Src/main.o
hadc1               0x64              Core/Src/main.o
[...]
Memory Configuration

Name             Origin             Length             Attributes
RAM              0x0000000020000000 0x000000000000a000 xrw
FLASH            0x0000000008000000 0x0000000000010000 xr
*default*        0x0000000000000000 0xffffffffffffffff

Linker script and memory map

LOAD /opt/st/stm32cubeide_1.6.1/plugins/com.st.stm32cube.ide.mcu.externaltools.gnu-tools-for-stm32.9-2020-q2-update.linux64_1.5.0.202011040924/tools/bin/../lib/gcc/arm-none-eabi/9.3.1/thumb/v7e-m+fp/hard/crti.o
LOAD /opt/st/stm32cubeide_1.6.1/plugins/com.st.stm32cube.ide.mcu.externaltools.gnu-tools-for-stm32.9-2020-q2-update.linux64_1.5.0.202011040924/tools/bin/../lib/gcc/arm-none-eabi/9.3.1/thumb/v7e-m+fp/hard/crtbegin.o
LOAD /opt/st/stm32cubeide_1.6.1/plugins/com.st.stm32cube.ide.mcu.externaltools.gnu-tools-for-stm32.9-2020-q2-update.linux64_1.5.0.202011040924/tools/bin/../lib/gcc/arm-none-eabi/9.3.1/../../../../arm-none-eabi/lib/thumb/v7e-m+fp/hard/crt0.o
LOAD Core/Src/main.o
LOAD Core/Src/stm32l4xx_hal_msp.o
LOAD Core/Src/stm32l4xx_it.o
LOAD Core/Src/syscalls.o
LOAD Core/Src/sysmem.o
LOAD Core/Src/system_stm32l4xx.o
LOAD Core/Startup/startup_stm32l412k8tx.o
LOAD Drivers/STM32L4xx_HAL_Driver/Src/stm32l4xx_hal.o
LOAD Drivers/STM32L4xx_HAL_Driver/Src/stm32l4xx_hal_adc.o
LOAD Drivers/STM32L4xx_HAL_Driver/Src/stm32l4xx_hal_adc_ex.o
LOAD Drivers/STM32L4xx_HAL_Driver/Src/stm32l4xx_hal_cortex.o
LOAD Drivers/STM32L4xx_HAL_Driver/Src/stm32l4xx_hal_dma.o
LOAD Drivers/STM32L4xx_HAL_Driver/Src/stm32l4xx_hal_dma_ex.o
LOAD Drivers/STM32L4xx_HAL_Driver/Src/stm32l4xx_hal_exti.o
LOAD Drivers/STM32L4xx_HAL_Driver/Src/stm32l4xx_hal_flash.o
LOAD Drivers/STM32L4xx_HAL_Driver/Src/stm32l4xx_hal_flash_ex.o
LOAD Drivers/STM32L4xx_HAL_Driver/Src/stm32l4xx_hal_flash_ramfunc.o
LOAD Drivers/STM32L4xx_HAL_Driver/Src/stm32l4xx_hal_gpio.o
LOAD Drivers/STM32L4xx_HAL_Driver/Src/stm32l4xx_hal_i2c.o
LOAD Drivers/STM32L4xx_HAL_Driver/Src/stm32l4xx_hal_i2c_ex.o
LOAD Drivers/STM32L4xx_HAL_Driver/Src/stm32l4xx_hal_lptim.o
LOAD Drivers/STM32L4xx_HAL_Driver/Src/stm32l4xx_hal_pwr.o
LOAD Drivers/STM32L4xx_HAL_Driver/Src/stm32l4xx_hal_pwr_ex.o
LOAD Drivers/STM32L4xx_HAL_Driver/Src/stm32l4xx_hal_rcc.o
LOAD Drivers/STM32L4xx_HAL_Driver/Src/stm32l4xx_hal_rcc_ex.o
LOAD Drivers/STM32L4xx_HAL_Driver/Src/stm32l4xx_hal_tim.o
LOAD Drivers/STM32L4xx_HAL_Driver/Src/stm32l4xx_hal_tim_ex.o
LOAD Drivers/STM32L4xx_HAL_Driver/Src/stm32l4xx_hal_uart.o
LOAD Drivers/STM32L4xx_HAL_Driver/Src/stm32l4xx_hal_uart_ex.o
START GROUP
LOAD /opt/st/stm32cubeide_1.6.1/plugins/com.st.stm32cube.ide.mcu.externaltools.gnu-tools-for-stm32.9-2020-q2-update.linux64_1.5.0.202011040924/tools/bin/../lib/gcc/arm-none-eabi/9.3.1/../../../../arm-none-eabi/lib/thumb/v7e-m+fp/hard/libstdc++_nano.a
LOAD /opt/st/stm32cubeide_1.6.1/plugins/com.st.stm32cube.ide.mcu.externaltools.gnu-tools-for-stm32.9-2020-q2-update.linux64_1.5.0.202011040924/tools/bin/../lib/gcc/arm-none-eabi/9.3.1/../../../../arm-none-eabi/lib/thumb/v7e-m+fp/hard/libsupc++_nano.a
END GROUP
LOAD /opt/st/stm32cubeide_1.6.1/plugins/com.st.stm32cube.ide.mcu.externaltools.gnu-tools-for-stm32.9-2020-q2-update.linux64_1.5.0.202011040924/tools/bin/../lib/gcc/arm-none-eabi/9.3.1/../../../../arm-none-eabi/lib/thumb/v7e-m+fp/hard/libstdc++_nano.a
LOAD /opt/st/stm32cubeide_1.6.1/plugins/com.st.stm32cube.ide.mcu.externaltools.gnu-tools-for-stm32.9-2020-q2-update.linux64_1.5.0.202011040924/tools/bin/../lib/gcc/arm-none-eabi/9.3.1/../../../../arm-none-eabi/lib/thumb/v7e-m+fp/hard/libm.a
LOAD /opt/st/stm32cubeide_1.6.1/plugins/com.st.stm32cube.ide.mcu.externaltools.gnu-tools-for-stm32.9-2020-q2-update.linux64_1.5.0.202011040924/tools/bin/../lib/gcc/arm-none-eabi/9.3.1/../../../../arm-none-eabi/lib/thumb/v7e-m+fp/hard/libc_nano.a
START GROUP
LOAD /opt/st/stm32cubeide_1.6.1/plugins/com.st.stm32cube.ide.mcu.externaltools.gnu-tools-for-stm32.9-2020-q2-update.linux64_1.5.0.202011040924/tools/bin/../lib/gcc/arm-none-eabi/9.3.1/thumb/v7e-m+fp/hard/libgcc.a
LOAD /opt/st/stm32cubeide_1.6.1/plugins/com.st.stm32cube.ide.mcu.externaltools.gnu-tools-for-stm32.9-2020-q2-update.linux64_1.5.0.202011040924/tools/bin/../lib/gcc/arm-none-eabi/9.3.1/../../../../arm-none-eabi/lib/thumb/v7e-m+fp/hard/libc_nano.a
END GROUP
START GROUP
LOAD /opt/st/stm32cubeide_1.6.1/plugins/com.st.stm32cube.ide.mcu.externaltools.gnu-tools-for-stm32.9-2020-q2-update.linux64_1.5.0.202011040924/tools/bin/../lib/gcc/arm-none-eabi/9.3.1/thumb/v7e-m+fp/hard/libgcc.a
LOAD /opt/st/stm32cubeide_1.6.1/plugins/com.st.stm32cube.ide.mcu.externaltools.gnu-tools-for-stm32.9-2020-q2-update.linux64_1.5.0.202011040924/tools/bin/../lib/gcc/arm-none-eabi/9.3.1/../../../../arm-none-eabi/lib/thumb/v7e-m+fp/hard/libc_nano.a
END GROUP
LOAD /opt/st/stm32cubeide_1.6.1/plugins/com.st.stm32cube.ide.mcu.externaltools.gnu-tools-for-stm32.9-2020-q2-update.linux64_1.5.0.202011040924/tools/bin/../lib/gcc/arm-none-eabi/9.3.1/thumb/v7e-m+fp/hard/crtend.o
LOAD /opt/st/stm32cubeide_1.6.1/plugins/com.st.stm32cube.ide.mcu.externaltools.gnu-tools-for-stm32.9-2020-q2-update.linux64_1.5.0.202011040924/tools/bin/../lib/gcc/arm-none-eabi/9.3.1/thumb/v7e-m+fp/hard/crtn.o
                0x000000002000a000                _estack = (ORIGIN (RAM) + LENGTH (RAM))
                0x0000000000000200                _Min_Heap_Size = 0x200
                0x0000000000000400                _Min_Stack_Size = 0x400

.isr_vector     0x0000000008000000      0x18c
                0x0000000008000000                . = ALIGN (0x4)
 *(.isr_vector)
 .isr_vector    0x0000000008000000      0x18c Core/Startup/startup_stm32l412k8tx.o
                0x0000000008000000                g_pfnVectors
                0x000000000800018c                . = ALIGN (0x4)

.text           0x000000000800018c     0x511c
                0x000000000800018c                . = ALIGN (0x4)
 *(.text)
 .text          0x000000000800018c       0x40 /opt/st/stm32cubeide_1.6.1/plugins/com.st.stm32cube.ide.mcu.externaltools.gnu-tools-for-stm32.9-2020-q2-update.linux64_1.5.0.202011040924/tools/bin/../lib/gcc/arm-none-eabi/9.3.1/thumb/v7e-m+fp/hard/crtbegin.o
 .text          0x00000000080001cc       0x30 /opt/st/stm32cubeide_1.6.1/plugins/com.st.stm32cube.ide.mcu.externaltools.gnu-tools-for-stm32.9-2020-q2-update.linux64_1.5.0.202011040924/tools/bin/../lib/gcc/arm-none-eabi/9.3.1/thumb/v7e-m+fp/hard/libgcc.a(_aeabi_uldivmod.o)
                0x00000000080001cc                __aeabi_uldivmod
 .text          0x00000000080001fc      0x2c4 /opt/st/stm32cubeide_1.6.1/plugins/com.st.stm32cube.ide.mcu.externaltools.gnu-tools-for-stm32.9-2020-q2-update.linux64_1.5.0.202011040924/tools/bin/../lib/gcc/arm-none-eabi/9.3.1/thumb/v7e-m+fp/hard/libgcc.a(_udivmoddi4.o)
                0x00000000080001fc                __udivmoddi4
 .text          0x00000000080004c0        0x4 /opt/st/stm32cubeide_1.6.1/plugins/com.st.stm32cube.ide.mcu.externaltools.gnu-tools-for-stm32.9-2020-q2-update.linux64_1.5.0.202011040924/tools/bin/../lib/gcc/arm-none-eabi/9.3.1/thumb/v7e-m+fp/hard/libgcc.a(_dvmd_tls.o)
                0x00000000080004c0                __aeabi_ldiv0
                0x00000000080004c0                __aeabi_idiv0
 *(.text*)
 .text.bebe     0x00000000080004c4       0x60 Core/Src/main.o
                0x00000000080004c4                bebe
 .text.rwFlash  0x0000000008000524      0x1b4 Core/Src/main.o
                0x0000000008000524                rwFlash
 .text.SystemClock_Config
                0x00000000080006d8       0x72 Core/Src/main.o
                0x00000000080006d8                SystemClock_Config
 *fill*         0x000000000800074a        0x2 
 .text.startup.main
                0x000000000800074c      0xbd4 Core/Src/main.o
                0x000000000800074c                main
 .text.Error_Handler
                0x0000000008001320        0x2 Core/Src/main.o
                0x0000000008001320                Error_Handler
 *fill*         0x0000000008001322        0x2 
 .text.HAL_MspInit
                0x0000000008001324       0x30 Core/Src/stm32l4xx_hal_msp.o
                0x0000000008001324                HAL_MspInit
 .text.HAL_ADC_MspInit
                0x0000000008001354      0x110 Core/Src/stm32l4xx_hal_msp.o
                0x0000000008001354                HAL_ADC_MspInit
 .text.HAL_LPTIM_MspInit
                0x0000000008001464       0x40 Core/Src/stm32l4xx_hal_msp.o
                0x0000000008001464                HAL_LPTIM_MspInit
 .text.HAL_TIM_Base_MspInit
                0x00000000080014a4       0xb8 Core/Src/stm32l4xx_hal_msp.o
                0x00000000080014a4                HAL_TIM_Base_MspInit
 .text.HAL_TIM_MspPostInit
                0x000000000800155c       0x4e Core/Src/stm32l4xx_hal_msp.o
                0x000000000800155c                HAL_TIM_MspPostInit
 *fill*         0x00000000080015aa        0x2 
 .text.HAL_UART_MspInit
                0x00000000080015ac       0x98 Core/Src/stm32l4xx_hal_msp.o
                0x00000000080015ac                HAL_UART_MspInit
 .text.HAL_UART_MspDeInit
                0x0000000008001644       0x38 Core/Src/stm32l4xx_hal_msp.o
                0x0000000008001644                HAL_UART_MspDeInit
 .text.NMI_Handler
                0x000000000800167c        0x2 Core/Src/stm32l4xx_it.o
                0x000000000800167c                NMI_Handler
 .text.HardFault_Handler
                0x000000000800167e        0x2 Core/Src/stm32l4xx_it.o
                0x000000000800167e                HardFault_Handler
 .text.MemManage_Handler
                0x0000000008001680        0x2 Core/Src/stm32l4xx_it.o
                0x0000000008001680                MemManage_Handler
 .text.BusFault_Handler
                0x0000000008001682        0x2 Core/Src/stm32l4xx_it.o
                0x0000000008001682                BusFault_Handler
 .text.UsageFault_Handler
                0x0000000008001684        0x2 Core/Src/stm32l4xx_it.o
                0x0000000008001684                UsageFault_Handler
 .text.SVC_Handler
                0x0000000008001686        0x2 Core/Src/stm32l4xx_it.o
                0x0000000008001686                SVC_Handler
 .text.DebugMon_Handler
                0x0000000008001688        0x2 Core/Src/stm32l4xx_it.o
                0x0000000008001688                DebugMon_Handler
 .text.PendSV_Handler
                0x000000000800168a        0x2 Core/Src/stm32l4xx_it.o
                0x000000000800168a                PendSV_Handler
 .text.SysTick_Handler
                0x000000000800168c        0x4 Core/Src/stm32l4xx_it.o
                0x000000000800168c                SysTick_Handler
 .text.DMA1_Channel1_IRQHandler
                0x0000000008001690       0x80 Core/Src/stm32l4xx_it.o
                0x0000000008001690                DMA1_Channel1_IRQHandler
 .text.DMA1_Channel5_IRQHandler
                0x0000000008001710        0xc Core/Src/stm32l4xx_it.o
                0x0000000008001710                DMA1_Channel5_IRQHandler
 .text.ADC1_2_IRQHandler
                0x000000000800171c      0x10c Core/Src/stm32l4xx_it.o
                0x000000000800171c                ADC1_2_IRQHandler
 .text.TIM1_BRK_TIM15_IRQHandler
                0x0000000008001828       0x24 Core/Src/stm32l4xx_it.o
                0x0000000008001828                TIM1_BRK_TIM15_IRQHandler
 .text.TIM1_UP_TIM16_IRQHandler
                0x000000000800184c       0x38 Core/Src/stm32l4xx_it.o
                0x000000000800184c                TIM1_UP_TIM16_IRQHandler
 .text.TIM6_IRQHandler
                0x0000000008001884       0xfc Core/Src/stm32l4xx_it.o
                0x0000000008001884                TIM6_IRQHandler
 .text.LPTIM2_IRQHandler
                0x0000000008001980       0xf0 Core/Src/stm32l4xx_it.o
                0x0000000008001980                LPTIM2_IRQHandler
 .text.SystemInit
                0x0000000008001a70       0x48 Core/Src/system_stm32l4xx.o
                0x0000000008001a70                SystemInit
 .text.Reset_Handler
                0x0000000008001ab8       0x50 Core/Startup/startup_stm32l412k8tx.o
                0x0000000008001ab8                Reset_Handler
 .text.Default_Handler
                0x0000000008001b08        0x2 Core/Startup/startup_stm32l412k8tx.o
                0x0000000008001b08                RTC_Alarm_IRQHandler
                0x0000000008001b08                EXTI2_IRQHandler
                0x0000000008001b08                TIM1_CC_IRQHandler
                0x0000000008001b08                TSC_IRQHandler
                0x0000000008001b08                TAMP_STAMP_IRQHandler
                0x0000000008001b08                EXTI3_IRQHandler
                0x0000000008001b08                I2C3_ER_IRQHandler
                0x0000000008001b08                EXTI0_IRQHandler
                0x0000000008001b08                I2C2_EV_IRQHandler
                0x0000000008001b08                FPU_IRQHandler
                0x0000000008001b08                SPI1_IRQHandler
                0x0000000008001b08                DMA2_Channel2_IRQHandler
                0x0000000008001b08                DMA1_Channel4_IRQHandler
                0x0000000008001b08                USART3_IRQHandler
                0x0000000008001b08                DMA1_Channel7_IRQHandler
                0x0000000008001b08                DMA2_Channel1_IRQHandler
                0x0000000008001b08                QUADSPI_IRQHandler
                0x0000000008001b08                I2C1_EV_IRQHandler
                0x0000000008001b08                DMA1_Channel6_IRQHandler
                0x0000000008001b08                DMA2_Channel4_IRQHandler
                0x0000000008001b08                RCC_IRQHandler
                0x0000000008001b08                TIM1_TRG_COM_IRQHandler
                0x0000000008001b08                Default_Handler
                0x0000000008001b08                DMA2_Channel7_IRQHandler
                0x0000000008001b08                EXTI15_10_IRQHandler
                0x0000000008001b08                I2C3_EV_IRQHandler
                0x0000000008001b08                USB_IRQHandler
                0x0000000008001b08                EXTI9_5_IRQHandler
                0x0000000008001b08                RTC_WKUP_IRQHandler
                0x0000000008001b08                PVD_PVM_IRQHandler
                0x0000000008001b08                SPI2_IRQHandler
                0x0000000008001b08                DMA2_Channel5_IRQHandler
                0x0000000008001b08                CRS_IRQHandler
                0x0000000008001b08                EXTI4_IRQHandler
                0x0000000008001b08                RNG_IRQHandler
                0x0000000008001b08                DMA1_Channel3_IRQHandler
                0x0000000008001b08                COMP_IRQHandler
                0x0000000008001b08                WWDG_IRQHandler
                0x0000000008001b08                LPUART1_IRQHandler
                0x0000000008001b08                DMA2_Channel6_IRQHandler
                0x0000000008001b08                TIM2_IRQHandler
                0x0000000008001b08                EXTI1_IRQHandler
                0x0000000008001b08                USART2_IRQHandler
                0x0000000008001b08                I2C2_ER_IRQHandler
                0x0000000008001b08                DMA1_Channel2_IRQHandler
                0x0000000008001b08                FLASH_IRQHandler
                0x0000000008001b08                USART1_IRQHandler
                0x0000000008001b08                I2C1_ER_IRQHandler
                0x0000000008001b08                LPTIM1_IRQHandler
                0x0000000008001b08                DMA2_Channel3_IRQHandler
 *fill*         0x0000000008001b0a        0x2 
 .text.HAL_InitTick
                0x0000000008001b0c       0x4c Drivers/STM32L4xx_HAL_Driver/Src/stm32l4xx_hal.o
                0x0000000008001b0c                HAL_InitTick
 .text.HAL_Init
                0x0000000008001b58       0x1e Drivers/STM32L4xx_HAL_Driver/Src/stm32l4xx_hal.o
                0x0000000008001b58                HAL_Init
 *fill*         0x0000000008001b76        0x2 
 .text.HAL_IncTick
                0x0000000008001b78       0x18 Drivers/STM32L4xx_HAL_Driver/Src/stm32l4xx_hal.o
                0x0000000008001b78                HAL_IncTick
 .text.HAL_GetTick
                0x0000000008001b90        0xc Drivers/STM32L4xx_HAL_Driver/Src/stm32l4xx_hal.o
                0x0000000008001b90                HAL_GetTick
 .text.HAL_Delay
                0x0000000008001b9c       0x28 Drivers/STM32L4xx_HAL_Driver/Src/stm32l4xx_hal.o
                0x0000000008001b9c                HAL_Delay
 .text.LL_ADC_SetChannelSamplingTime
                0x0000000008001bc4       0x22 Drivers/STM32L4xx_HAL_Driver/Src/stm32l4xx_hal_adc.o
 .text.LL_ADC_REG_IsConversionOngoing
                0x0000000008001be6        0x8 Drivers/STM32L4xx_HAL_Driver/Src/stm32l4xx_hal_adc.o
 *fill*         0x0000000008001bee        0x2 
 .text.HAL_ADC_Init
                0x0000000008001bf0      0x1ac Drivers/STM32L4xx_HAL_Driver/Src/stm32l4xx_hal_adc.o
                0x0000000008001bf0                HAL_ADC_Init
 .text.HAL_ADC_GetValue
                0x0000000008001d9c        0x6 Drivers/STM32L4xx_HAL_Driver/Src/stm32l4xx_hal_adc.o
                0x0000000008001d9c                HAL_ADC_GetValue
 .text.HAL_ADC_ConvCpltCallback
                0x0000000008001da2        0x2 Drivers/STM32L4xx_HAL_Driver/Src/stm32l4xx_hal_adc.o
                0x0000000008001da2                HAL_ADC_ConvCpltCallback
 .text.HAL_ADC_ConvHalfCpltCallback
                0x0000000008001da4        0x2 Drivers/STM32L4xx_HAL_Driver/Src/stm32l4xx_hal_adc.o
                0x0000000008001da4                HAL_ADC_ConvHalfCpltCallback
 .text.ADC_DMAHalfConvCplt
                0x0000000008001da6        0xa Drivers/STM32L4xx_HAL_Driver/Src/stm32l4xx_hal_adc.o
                0x0000000008001da6                ADC_DMAHalfConvCplt
 .text.HAL_ADC_LevelOutOfWindowCallback
                0x0000000008001db0        0x2 Drivers/STM32L4xx_HAL_Driver/Src/stm32l4xx_hal_adc.o
                0x0000000008001db0                HAL_ADC_LevelOutOfWindowCallback
 .text.HAL_ADC_ErrorCallback
                0x0000000008001db2        0x2 Drivers/STM32L4xx_HAL_Driver/Src/stm32l4xx_hal_adc.o
                0x0000000008001db2                HAL_ADC_ErrorCallback
 .text.HAL_ADC_IRQHandler
                0x0000000008001db4      0x248 Drivers/STM32L4xx_HAL_Driver/Src/stm32l4xx_hal_adc.o
                0x0000000008001db4                HAL_ADC_IRQHandler
 .text.ADC_DMAConvCplt
                0x0000000008001ffc       0x68 Drivers/STM32L4xx_HAL_Driver/Src/stm32l4xx_hal_adc.o
                0x0000000008001ffc                ADC_DMAConvCplt
 .text.ADC_DMAError
                0x0000000008002064       0x1a Drivers/STM32L4xx_HAL_Driver/Src/stm32l4xx_hal_adc.o
                0x0000000008002064                ADC_DMAError
 *fill*         0x000000000800207e        0x2 
 .text.HAL_ADC_ConfigChannel
                0x0000000008002080      0x370 Drivers/STM32L4xx_HAL_Driver/Src/stm32l4xx_hal_adc.o
                0x0000000008002080                HAL_ADC_ConfigChannel
 .text.ADC_ConversionStop
                0x00000000080023f0       0xd0 Drivers/STM32L4xx_HAL_Driver/Src/stm32l4xx_hal_adc.o
                0x00000000080023f0                ADC_ConversionStop
 .text.ADC_Enable
                0x00000000080024c0       0x74 Drivers/STM32L4xx_HAL_Driver/Src/stm32l4xx_hal_adc.o
                0x00000000080024c0                ADC_Enable
 .text.HAL_ADC_Start_IT
                0x0000000008002534      0x14c Drivers/STM32L4xx_HAL_Driver/Src/stm32l4xx_hal_adc.o
                0x0000000008002534                HAL_ADC_Start_IT
 .text.HAL_ADC_Start_DMA
                0x0000000008002680       0xf4 Drivers/STM32L4xx_HAL_Driver/Src/stm32l4xx_hal_adc.o
                0x0000000008002680                HAL_ADC_Start_DMA
 .text.ADC_Disable
                0x0000000008002774       0x68 Drivers/STM32L4xx_HAL_Driver/Src/stm32l4xx_hal_adc.o
                0x0000000008002774                ADC_Disable
 .text.HAL_ADC_Stop_DMA
                0x00000000080027dc       0x7c Drivers/STM32L4xx_HAL_Driver/Src/stm32l4xx_hal_adc.o
                0x00000000080027dc                HAL_ADC_Stop_DMA
 .text.LL_ADC_REG_IsConversionOngoing
                0x0000000008002858        0x8 Drivers/STM32L4xx_HAL_Driver/Src/stm32l4xx_hal_adc_ex.o
 .text.HAL_ADCEx_Calibration_Start
                0x0000000008002860       0x94 Drivers/STM32L4xx_HAL_Driver/Src/stm32l4xx_hal_adc_ex.o
                0x0000000008002860                HAL_ADCEx_Calibration_Start
 .text.HAL_ADCEx_InjectedConvCpltCallback
                0x00000000080028f4        0x2 Drivers/STM32L4xx_HAL_Driver/Src/stm32l4xx_hal_adc_ex.o
                0x00000000080028f4                HAL_ADCEx_InjectedConvCpltCallback
 .text.HAL_ADCEx_InjectedQueueOverflowCallback
                0x00000000080028f6        0x2 Drivers/STM32L4xx_HAL_Driver/Src/stm32l4xx_hal_adc_ex.o
                0x00000000080028f6                HAL_ADCEx_InjectedQueueOverflowCallback
 .text.HAL_ADCEx_LevelOutOfWindow2Callback
                0x00000000080028f8        0x2 Drivers/STM32L4xx_HAL_Driver/Src/stm32l4xx_hal_adc_ex.o
                0x00000000080028f8                HAL_ADCEx_LevelOutOfWindow2Callback
 .text.HAL_ADCEx_LevelOutOfWindow3Callback
                0x00000000080028fa        0x2 Drivers/STM32L4xx_HAL_Driver/Src/stm32l4xx_hal_adc_ex.o
                0x00000000080028fa                HAL_ADCEx_LevelOutOfWindow3Callback
 .text.HAL_ADCEx_EndOfSamplingCallback
                0x00000000080028fc        0x2 Drivers/STM32L4xx_HAL_Driver/Src/stm32l4xx_hal_adc_ex.o
                0x00000000080028fc                HAL_ADCEx_EndOfSamplingCallback
 *fill*         0x00000000080028fe        0x2 
 .text.HAL_ADCEx_MultiModeConfigChannel
                0x0000000008002900       0xc4 Drivers/STM32L4xx_HAL_Driver/Src/stm32l4xx_hal_adc_ex.o
                0x0000000008002900                HAL_ADCEx_MultiModeConfigChannel
 .text.HAL_NVIC_SetPriorityGrouping
                0x00000000080029c4       0x24 Drivers/STM32L4xx_HAL_Driver/Src/stm32l4xx_hal_cortex.o
                0x00000000080029c4                HAL_NVIC_SetPriorityGrouping
 .text.HAL_NVIC_SetPriority
                0x00000000080029e8       0x64 Drivers/STM32L4xx_HAL_Driver/Src/stm32l4xx_hal_cortex.o
                0x00000000080029e8                HAL_NVIC_SetPriority
 .text.HAL_NVIC_EnableIRQ
                0x0000000008002a4c       0x1c Drivers/STM32L4xx_HAL_Driver/Src/stm32l4xx_hal_cortex.o
                0x0000000008002a4c                HAL_NVIC_EnableIRQ
 .text.HAL_SYSTICK_Config
                0x0000000008002a68       0x2c Drivers/STM32L4xx_HAL_Driver/Src/stm32l4xx_hal_cortex.o
                0x0000000008002a68                HAL_SYSTICK_Config
 .text.HAL_DMA_Init
                0x0000000008002a94       0xd4 Drivers/STM32L4xx_HAL_Driver/Src/stm32l4xx_hal_dma.o
                0x0000000008002a94                HAL_DMA_Init
 .text.HAL_DMA_DeInit
                0x0000000008002b68       0x9c Drivers/STM32L4xx_HAL_Driver/Src/stm32l4xx_hal_dma.o
                0x0000000008002b68                HAL_DMA_DeInit
 .text.HAL_DMA_Start_IT
                0x0000000008002c04       0x7e Drivers/STM32L4xx_HAL_Driver/Src/stm32l4xx_hal_dma.o
                0x0000000008002c04                HAL_DMA_Start_IT
 .text.HAL_DMA_Abort
                0x0000000008002c82       0x46 Drivers/STM32L4xx_HAL_Driver/Src/stm32l4xx_hal_dma.o
                0x0000000008002c82                HAL_DMA_Abort
 .text.HAL_DMA_IRQHandler
                0x0000000008002cc8       0x94 Drivers/STM32L4xx_HAL_Driver/Src/stm32l4xx_hal_dma.o
                0x0000000008002cc8                HAL_DMA_IRQHandler
 .text.FLASH_Program_Fast
                0x0000000008002d5c       0x2c Drivers/STM32L4xx_HAL_Driver/Src/stm32l4xx_hal_flash.o
 .text.HAL_FLASH_Unlock
                0x0000000008002d88       0x24 Drivers/STM32L4xx_HAL_Driver/Src/stm32l4xx_hal_flash.o
                0x0000000008002d88                HAL_FLASH_Unlock
 .text.HAL_FLASH_Lock
                0x0000000008002dac       0x14 Drivers/STM32L4xx_HAL_Driver/Src/stm32l4xx_hal_flash.o
                0x0000000008002dac                HAL_FLASH_Lock
 .text.FLASH_WaitForLastOperation
                0x0000000008002dc0       0x58 Drivers/STM32L4xx_HAL_Driver/Src/stm32l4xx_hal_flash.o
                0x0000000008002dc0                FLASH_WaitForLastOperation
 .text.HAL_FLASH_Program
                0x0000000008002e18       0xa4 Drivers/STM32L4xx_HAL_Driver/Src/stm32l4xx_hal_flash.o
                0x0000000008002e18                HAL_FLASH_Program
 .text.FLASH_MassErase
                0x0000000008002ebc       0x20 Drivers/STM32L4xx_HAL_Driver/Src/stm32l4xx_hal_flash_ex.o
 .text.FLASH_PageErase
                0x0000000008002edc       0x28 Drivers/STM32L4xx_HAL_Driver/Src/stm32l4xx_hal_flash_ex.o
                0x0000000008002edc                FLASH_PageErase
 .text.FLASH_FlushCaches
                0x0000000008002f04       0x58 Drivers/STM32L4xx_HAL_Driver/Src/stm32l4xx_hal_flash_ex.o
                0x0000000008002f04                FLASH_FlushCaches
 .text.HAL_FLASHEx_Erase
                0x0000000008002f5c       0xdc Drivers/STM32L4xx_HAL_Driver/Src/stm32l4xx_hal_flash_ex.o
                0x0000000008002f5c                HAL_FLASHEx_Erase
 .text.HAL_GPIO_Init
                0x0000000008003038      0x178 Drivers/STM32L4xx_HAL_Driver/Src/stm32l4xx_hal_gpio.o
                0x0000000008003038                HAL_GPIO_Init
 .text.HAL_GPIO_DeInit
                0x00000000080031b0       0xe8 Drivers/STM32L4xx_HAL_Driver/Src/stm32l4xx_hal_gpio.o
                0x00000000080031b0                HAL_GPIO_DeInit
 .text.HAL_GPIO_ReadPin
                0x0000000008003298        0xc Drivers/STM32L4xx_HAL_Driver/Src/stm32l4xx_hal_gpio.o
                0x0000000008003298                HAL_GPIO_ReadPin
 .text.HAL_GPIO_WritePin
                0x00000000080032a4        0xa Drivers/STM32L4xx_HAL_Driver/Src/stm32l4xx_hal_gpio.o
                0x00000000080032a4                HAL_GPIO_WritePin
 *fill*         0x00000000080032ae        0x2 
 .text.LPTIM_WaitForFlag
                0x00000000080032b0       0x30 Drivers/STM32L4xx_HAL_Driver/Src/stm32l4xx_hal_lptim.o
 .text.HAL_LPTIM_CompareMatchCallback
                0x00000000080032e0        0x2 Drivers/STM32L4xx_HAL_Driver/Src/stm32l4xx_hal_lptim.o
                0x00000000080032e0                HAL_LPTIM_CompareMatchCallback
 .text.HAL_LPTIM_AutoReloadMatchCallback
                0x00000000080032e2        0x2 Drivers/STM32L4xx_HAL_Driver/Src/stm32l4xx_hal_lptim.o
                0x00000000080032e2                HAL_LPTIM_AutoReloadMatchCallback
 .text.HAL_LPTIM_TriggerCallback
                0x00000000080032e4        0x2 Drivers/STM32L4xx_HAL_Driver/Src/stm32l4xx_hal_lptim.o
                0x00000000080032e4                HAL_LPTIM_TriggerCallback
 .text.HAL_LPTIM_CompareWriteCallback
                0x00000000080032e6        0x2 Drivers/STM32L4xx_HAL_Driver/Src/stm32l4xx_hal_lptim.o
                0x00000000080032e6                HAL_LPTIM_CompareWriteCallback
 .text.HAL_LPTIM_AutoReloadWriteCallback
                0x00000000080032e8        0x2 Drivers/STM32L4xx_HAL_Driver/Src/stm32l4xx_hal_lptim.o
                0x00000000080032e8                HAL_LPTIM_AutoReloadWriteCallback
 .text.HAL_LPTIM_DirectionUpCallback
                0x00000000080032ea        0x2 Drivers/STM32L4xx_HAL_Driver/Src/stm32l4xx_hal_lptim.o
                0x00000000080032ea                HAL_LPTIM_DirectionUpCallback
 .text.HAL_LPTIM_DirectionDownCallback
                0x00000000080032ec        0x2 Drivers/STM32L4xx_HAL_Driver/Src/stm32l4xx_hal_lptim.o
                0x00000000080032ec                HAL_LPTIM_DirectionDownCallback
 .text.HAL_LPTIM_UpdateEventCallback
                0x00000000080032ee        0x2 Drivers/STM32L4xx_HAL_Driver/Src/stm32l4xx_hal_lptim.o
                0x00000000080032ee                HAL_LPTIM_UpdateEventCallback
 .text.HAL_LPTIM_RepCounterWriteCallback
                0x00000000080032f0        0x2 Drivers/STM32L4xx_HAL_Driver/Src/stm32l4xx_hal_lptim.o
                0x00000000080032f0                HAL_LPTIM_RepCounterWriteCallback
 .text.HAL_LPTIM_IRQHandler
                0x00000000080032f2       0xde Drivers/STM32L4xx_HAL_Driver/Src/stm32l4xx_hal_lptim.o
                0x00000000080032f2                HAL_LPTIM_IRQHandler
 .text.LPTIM_Disable
                0x00000000080033d0      0x198 Drivers/STM32L4xx_HAL_Driver/Src/stm32l4xx_hal_lptim.o
                0x00000000080033d0                LPTIM_Disable
 .text.HAL_LPTIM_Init
                0x0000000008003568       0xe4 Drivers/STM32L4xx_HAL_Driver/Src/stm32l4xx_hal_lptim.o
                0x0000000008003568                HAL_LPTIM_Init
 .text.HAL_LPTIM_Counter_Start_IT
                0x000000000800364c       0xa4 Drivers/STM32L4xx_HAL_Driver/Src/stm32l4xx_hal_lptim.o
                0x000000000800364c                HAL_LPTIM_Counter_Start_IT
 .text.HAL_LPTIM_Counter_Stop_IT
                0x00000000080036f0       0x60 Drivers/STM32L4xx_HAL_Driver/Src/stm32l4xx_hal_lptim.o
                0x00000000080036f0                HAL_LPTIM_Counter_Stop_IT
 .text.HAL_PWREx_GetVoltageRange
                0x0000000008003750       0x10 Drivers/STM32L4xx_HAL_Driver/Src/stm32l4xx_hal_pwr_ex.o
                0x0000000008003750                HAL_PWREx_GetVoltageRange
 .text.HAL_PWREx_ControlVoltageScaling
                0x0000000008003760       0x6c Drivers/STM32L4xx_HAL_Driver/Src/stm32l4xx_hal_pwr_ex.o
                0x0000000008003760                HAL_PWREx_ControlVoltageScaling
 .text.RCC_SetFlashLatencyFromMSIRange
                0x00000000080037cc       0x84 Drivers/STM32L4xx_HAL_Driver/Src/stm32l4xx_hal_rcc.o
 .text.HAL_RCC_GetSysClockFreq
                0x0000000008003850       0x9c Drivers/STM32L4xx_HAL_Driver/Src/stm32l4xx_hal_rcc.o
                0x0000000008003850                HAL_RCC_GetSysClockFreq
 .text.HAL_RCC_OscConfig
                0x00000000080038ec      0x5a4 Drivers/STM32L4xx_HAL_Driver/Src/stm32l4xx_hal_rcc.o
                0x00000000080038ec                HAL_RCC_OscConfig
 .text.HAL_RCC_ClockConfig
                0x0000000008003e90      0x128 Drivers/STM32L4xx_HAL_Driver/Src/stm32l4xx_hal_rcc.o
                0x0000000008003e90                HAL_RCC_ClockConfig
 .text.HAL_RCC_GetPCLK1Freq
                0x0000000008003fb8       0x24 Drivers/STM32L4xx_HAL_Driver/Src/stm32l4xx_hal_rcc.o
                0x0000000008003fb8                HAL_RCC_GetPCLK1Freq
 .text.HAL_RCC_GetPCLK2Freq
                0x0000000008003fdc       0x24 Drivers/STM32L4xx_HAL_Driver/Src/stm32l4xx_hal_rcc.o
                0x0000000008003fdc                HAL_RCC_GetPCLK2Freq
 .text.HAL_RCCEx_PeriphCLKConfig
                0x0000000008004000      0x1ec Drivers/STM32L4xx_HAL_Driver/Src/stm32l4xx_hal_rcc_ex.o
                0x0000000008004000                HAL_RCCEx_PeriphCLKConfig
 .text.TIM_OC1_SetConfig
                0x00000000080041ec       0x78 Drivers/STM32L4xx_HAL_Driver/Src/stm32l4xx_hal_tim.o
 .text.TIM_OC3_SetConfig
                0x0000000008004264       0x70 Drivers/STM32L4xx_HAL_Driver/Src/stm32l4xx_hal_tim.o
 .text.TIM_OC4_SetConfig
                0x00000000080042d4       0x58 Drivers/STM32L4xx_HAL_Driver/Src/stm32l4xx_hal_tim.o
 .text.TIM_OC5_SetConfig
                0x000000000800432c       0x58 Drivers/STM32L4xx_HAL_Driver/Src/stm32l4xx_hal_tim.o
 .text.TIM_OC6_SetConfig
                0x0000000008004384       0x58 Drivers/STM32L4xx_HAL_Driver/Src/stm32l4xx_hal_tim.o
 .text.HAL_TIM_Base_Start_IT
                0x00000000080043dc       0x54 Drivers/STM32L4xx_HAL_Driver/Src/stm32l4xx_hal_tim.o
                0x00000000080043dc                HAL_TIM_Base_Start_IT
 .text.HAL_TIM_Base_Stop_IT
                0x0000000008004430       0x30 Drivers/STM32L4xx_HAL_Driver/Src/stm32l4xx_hal_tim.o
                0x0000000008004430                HAL_TIM_Base_Stop_IT
 .text.HAL_TIM_OC_MspInit
                0x0000000008004460        0x2 Drivers/STM32L4xx_HAL_Driver/Src/stm32l4xx_hal_tim.o
                0x0000000008004460                HAL_TIM_OC_MspInit
 .text.HAL_TIM_OnePulse_MspInit
                0x0000000008004462        0x2 Drivers/STM32L4xx_HAL_Driver/Src/stm32l4xx_hal_tim.o
                0x0000000008004462                HAL_TIM_OnePulse_MspInit
 .text.HAL_TIM_PeriodElapsedCallback
                0x0000000008004464        0x2 Drivers/STM32L4xx_HAL_Driver/Src/stm32l4xx_hal_tim.o
                0x0000000008004464                HAL_TIM_PeriodElapsedCallback
 .text.HAL_TIM_OC_DelayElapsedCallback
                0x0000000008004466        0x2 Drivers/STM32L4xx_HAL_Driver/Src/stm32l4xx_hal_tim.o
                0x0000000008004466                HAL_TIM_OC_DelayElapsedCallback
 .text.HAL_TIM_IC_CaptureCallback
                0x0000000008004468        0x2 Drivers/STM32L4xx_HAL_Driver/Src/stm32l4xx_hal_tim.o
                0x0000000008004468                HAL_TIM_IC_CaptureCallback
 .text.HAL_TIM_PWM_PulseFinishedCallback
                0x000000000800446a        0x2 Drivers/STM32L4xx_HAL_Driver/Src/stm32l4xx_hal_tim.o
                0x000000000800446a                HAL_TIM_PWM_PulseFinishedCallback
 .text.HAL_TIM_TriggerCallback
                0x000000000800446c        0x2 Drivers/STM32L4xx_HAL_Driver/Src/stm32l4xx_hal_tim.o
                0x000000000800446c                HAL_TIM_TriggerCallback
 .text.HAL_TIM_IRQHandler
                0x000000000800446e      0x160 Drivers/STM32L4xx_HAL_Driver/Src/stm32l4xx_hal_tim.o
                0x000000000800446e                HAL_TIM_IRQHandler
 *fill*         0x00000000080045ce        0x2 
 .text.TIM_Base_SetConfig
                0x00000000080045d0       0x74 Drivers/STM32L4xx_HAL_Driver/Src/stm32l4xx_hal_tim.o
                0x00000000080045d0                TIM_Base_SetConfig
 .text.HAL_TIM_Base_Init
                0x0000000008004644       0x60 Drivers/STM32L4xx_HAL_Driver/Src/stm32l4xx_hal_tim.o
                0x0000000008004644                HAL_TIM_Base_Init
 .text.HAL_TIM_OC_Init
                0x00000000080046a4       0x60 Drivers/STM32L4xx_HAL_Driver/Src/stm32l4xx_hal_tim.o
                0x00000000080046a4                HAL_TIM_OC_Init
 .text.HAL_TIM_OnePulse_Init
                0x0000000008004704       0x5a Drivers/STM32L4xx_HAL_Driver/Src/stm32l4xx_hal_tim.o
                0x0000000008004704                HAL_TIM_OnePulse_Init
 *fill*         0x000000000800475e        0x2 
 .text.TIM_OC2_SetConfig
                0x0000000008004760       0x70 Drivers/STM32L4xx_HAL_Driver/Src/stm32l4xx_hal_tim.o
                0x0000000008004760                TIM_OC2_SetConfig
 .text.HAL_TIM_OC_ConfigChannel
                0x00000000080047d0       0x66 Drivers/STM32L4xx_HAL_Driver/Src/stm32l4xx_hal_tim.o
                0x00000000080047d0                HAL_TIM_OC_ConfigChannel
 .text.TIM_ETR_SetConfig
                0x0000000008004836       0x14 Drivers/STM32L4xx_HAL_Driver/Src/stm32l4xx_hal_tim.o
                0x0000000008004836                TIM_ETR_SetConfig
 *fill*         0x000000000800484a        0x2 
 .text.HAL_TIM_ConfigClockSource
                0x000000000800484c      0x128 Drivers/STM32L4xx_HAL_Driver/Src/stm32l4xx_hal_tim.o
                0x000000000800484c                HAL_TIM_ConfigClockSource
 .text.TIM_CCxChannelCmd
                0x0000000008004974       0x1c Drivers/STM32L4xx_HAL_Driver/Src/stm32l4xx_hal_tim.o
                0x0000000008004974                TIM_CCxChannelCmd
 .text.HAL_TIM_OC_Start
                0x0000000008004990       0xe0 Drivers/STM32L4xx_HAL_Driver/Src/stm32l4xx_hal_tim.o
                0x0000000008004990                HAL_TIM_OC_Start
 .text.HAL_TIM_OC_Stop
                0x0000000008004a70       0x9c Drivers/STM32L4xx_HAL_Driver/Src/stm32l4xx_hal_tim.o
                0x0000000008004a70                HAL_TIM_OC_Stop
 .text.HAL_TIMEx_MasterConfigSynchronization
                0x0000000008004b0c       0x64 Drivers/STM32L4xx_HAL_Driver/Src/stm32l4xx_hal_tim_ex.o
                0x0000000008004b0c                HAL_TIMEx_MasterConfigSynchronization
 .text.HAL_TIMEx_CommutCallback
                0x0000000008004b70        0x2 Drivers/STM32L4xx_HAL_Driver/Src/stm32l4xx_hal_tim_ex.o
                0x0000000008004b70                HAL_TIMEx_CommutCallback
 .text.HAL_TIMEx_BreakCallback
                0x0000000008004b72        0x2 Drivers/STM32L4xx_HAL_Driver/Src/stm32l4xx_hal_tim_ex.o
                0x0000000008004b72                HAL_TIMEx_BreakCallback
 .text.HAL_TIMEx_Break2Callback
                0x0000000008004b74        0x2 Drivers/STM32L4xx_HAL_Driver/Src/stm32l4xx_hal_tim_ex.o
                0x0000000008004b74                HAL_TIMEx_Break2Callback
 .text.UART_EndRxTransfer
                0x0000000008004b76       0x2c Drivers/STM32L4xx_HAL_Driver/Src/stm32l4xx_hal_uart.o
 .text.HAL_UART_DeInit
                0x0000000008004ba2       0x36 Drivers/STM32L4xx_HAL_Driver/Src/stm32l4xx_hal_uart.o
                0x0000000008004ba2                HAL_UART_DeInit
 .text.HAL_UART_RxCpltCallback
                0x0000000008004bd8        0x2 Drivers/STM32L4xx_HAL_Driver/Src/stm32l4xx_hal_uart.o
                0x0000000008004bd8                HAL_UART_RxCpltCallback
 .text.HAL_UART_RxHalfCpltCallback
                0x0000000008004bda        0x2 Drivers/STM32L4xx_HAL_Driver/Src/stm32l4xx_hal_uart.o
                0x0000000008004bda                HAL_UART_RxHalfCpltCallback
 .text.HAL_UART_ErrorCallback
                0x0000000008004bdc        0x2 Drivers/STM32L4xx_HAL_Driver/Src/stm32l4xx_hal_uart.o
                0x0000000008004bdc                HAL_UART_ErrorCallback
 .text.UART_DMAError
                0x0000000008004bde       0x4c Drivers/STM32L4xx_HAL_Driver/Src/stm32l4xx_hal_uart.o
 .text.HAL_UARTEx_RxEventCallback
                0x0000000008004c2a        0x2 Drivers/STM32L4xx_HAL_Driver/Src/stm32l4xx_hal_uart.o
                0x0000000008004c2a                HAL_UARTEx_RxEventCallback
 .text.UART_DMARxHalfCplt
                0x0000000008004c2c       0x1c Drivers/STM32L4xx_HAL_Driver/Src/stm32l4xx_hal_uart.o
 .text.UART_DMAReceiveCplt
                0x0000000008004c48       0x56 Drivers/STM32L4xx_HAL_Driver/Src/stm32l4xx_hal_uart.o
 *fill*         0x0000000008004c9e        0x2 
 .text.UART_SetConfig
                0x0000000008004ca0      0x228 Drivers/STM32L4xx_HAL_Driver/Src/stm32l4xx_hal_uart.o
                0x0000000008004ca0                UART_SetConfig
 .text.UART_AdvFeatureConfig
                0x0000000008004ec8       0xa8 Drivers/STM32L4xx_HAL_Driver/Src/stm32l4xx_hal_uart.o
                0x0000000008004ec8                UART_AdvFeatureConfig
 .text.UART_WaitOnFlagUntilTimeout
                0x0000000008004f70       0x8c Drivers/STM32L4xx_HAL_Driver/Src/stm32l4xx_hal_uart.o
                0x0000000008004f70                UART_WaitOnFlagUntilTimeout
 .text.HAL_UART_Transmit
                0x0000000008004ffc       0xb4 Drivers/STM32L4xx_HAL_Driver/Src/stm32l4xx_hal_uart.o
                0x0000000008004ffc                HAL_UART_Transmit
 .text.UART_CheckIdleState
                0x00000000080050b0       0x66 Drivers/STM32L4xx_HAL_Driver/Src/stm32l4xx_hal_uart.o
                0x00000000080050b0                UART_CheckIdleState
 .text.HAL_UART_Init
                0x0000000008005116       0x5c Drivers/STM32L4xx_HAL_Driver/Src/stm32l4xx_hal_uart.o
                0x0000000008005116                HAL_UART_Init
 *fill*         0x0000000008005172        0x2 
 .text.UART_Start_Receive_DMA
                0x0000000008005174       0x78 Drivers/STM32L4xx_HAL_Driver/Src/stm32l4xx_hal_uart.o
                0x0000000008005174                UART_Start_Receive_DMA
 .text.HAL_UART_Receive_DMA
                0x00000000080051ec       0x4c Drivers/STM32L4xx_HAL_Driver/Src/stm32l4xx_hal_uart.o
                0x00000000080051ec                HAL_UART_Receive_DMA
 .text.__libc_init_array
                0x0000000008005238       0x48 /opt/st/stm32cubeide_1.6.1/plugins/com.st.stm32cube.ide.mcu.externaltools.gnu-tools-for-stm32.9-2020-q2-update.linux64_1.5.0.202011040924/tools/bin/../lib/gcc/arm-none-eabi/9.3.1/../../../../arm-none-eabi/lib/thumb/v7e-m+fp/hard/libc_nano.a(lib_a-init.o)
                0x0000000008005238                __libc_init_array
 .text.memset   0x0000000008005280       0x10 /opt/st/stm32cubeide_1.6.1/plugins/com.st.stm32cube.ide.mcu.externaltools.gnu-tools-for-stm32.9-2020-q2-update.linux64_1.5.0.202011040924/tools/bin/../lib/gcc/arm-none-eabi/9.3.1/../../../../arm-none-eabi/lib/thumb/v7e-m+fp/hard/libc_nano.a(lib_a-memset.o)
                0x0000000008005280                memset
 *(.glue_7)
 .glue_7        0x0000000008005290        0x0 linker stubs
 *(.glue_7t)
 .glue_7t       0x0000000008005290        0x0 linker stubs
 *(.eh_frame)
 .eh_frame      0x0000000008005290        0x0 /opt/st/stm32cubeide_1.6.1/plugins/com.st.stm32cube.ide.mcu.externaltools.gnu-tools-for-stm32.9-2020-q2-update.linux64_1.5.0.202011040924/tools/bin/../lib/gcc/arm-none-eabi/9.3.1/thumb/v7e-m+fp/hard/crtbegin.o
 *(.init)
 .init          0x0000000008005290        0x4 /opt/st/stm32cubeide_1.6.1/plugins/com.st.stm32cube.ide.mcu.externaltools.gnu-tools-for-stm32.9-2020-q2-update.linux64_1.5.0.202011040924/tools/bin/../lib/gcc/arm-none-eabi/9.3.1/thumb/v7e-m+fp/hard/crti.o
                0x0000000008005290                _init
 .init          0x0000000008005294        0x8 /opt/st/stm32cubeide_1.6.1/plugins/com.st.stm32cube.ide.mcu.externaltools.gnu-tools-for-stm32.9-2020-q2-update.linux64_1.5.0.202011040924/tools/bin/../lib/gcc/arm-none-eabi/9.3.1/thumb/v7e-m+fp/hard/crtn.o
 *(.fini)
 .fini          0x000000000800529c        0x4 /opt/st/stm32cubeide_1.6.1/plugins/com.st.stm32cube.ide.mcu.externaltools.gnu-tools-for-stm32.9-2020-q2-update.linux64_1.5.0.202011040924/tools/bin/../lib/gcc/arm-none-eabi/9.3.1/thumb/v7e-m+fp/hard/crti.o
                0x000000000800529c                _fini
 .fini          0x00000000080052a0        0x8 /opt/st/stm32cubeide_1.6.1/plugins/com.st.stm32cube.ide.mcu.externaltools.gnu-tools-for-stm32.9-2020-q2-update.linux64_1.5.0.202011040924/tools/bin/../lib/gcc/arm-none-eabi/9.3.1/thumb/v7e-m+fp/hard/crtn.o
                0x00000000080052a8                . = ALIGN (0x4)
                0x00000000080052a8                _etext = .

.vfp11_veneer   0x00000000080052a8        0x0
 .vfp11_veneer  0x00000000080052a8        0x0 linker stubs

.v4_bx          0x00000000080052a8        0x0
 .v4_bx         0x00000000080052a8        0x0 linker stubs

.iplt           0x00000000080052a8        0x0
 .iplt          0x00000000080052a8        0x0 /opt/st/stm32cubeide_1.6.1/plugins/com.st.stm32cube.ide.mcu.externaltools.gnu-tools-for-stm32.9-2020-q2-update.linux64_1.5.0.202011040924/tools/bin/../lib/gcc/arm-none-eabi/9.3.1/thumb/v7e-m+fp/hard/crtbegin.o

.rodata         0x00000000080052a8       0x74
                0x00000000080052a8                . = ALIGN (0x4)
 *(.rodata)
 *(.rodata*)
 .rodata.main.str1.1
                0x00000000080052a8       0x19 Core/Src/main.o
 .rodata.AHBPrescTable
                0x00000000080052c1       0x10 Core/Src/system_stm32l4xx.o
                0x00000000080052c1                AHBPrescTable
 .rodata.APBPrescTable
                0x00000000080052d1        0x8 Core/Src/system_stm32l4xx.o
                0x00000000080052d1                APBPrescTable
 *fill*         0x00000000080052d9        0x3 
 .rodata.MSIRangeTable
                0x00000000080052dc       0x30 Core/Src/system_stm32l4xx.o
                0x00000000080052dc                MSIRangeTable
 .rodata.CSWTCH.51
                0x000000000800530c        0x3 Drivers/STM32L4xx_HAL_Driver/Src/stm32l4xx_hal_uart.o
 .rodata.CSWTCH.52
                0x000000000800530f        0xd Drivers/STM32L4xx_HAL_Driver/Src/stm32l4xx_hal_uart.o
                0x000000000800531c                . = ALIGN (0x4)

.ARM.extab      0x000000000800531c        0x0
                0x000000000800531c                . = ALIGN (0x4)
 *(.ARM.extab* .gnu.linkonce.armextab.*)
                0x000000000800531c                . = ALIGN (0x4)

.ARM            0x000000000800531c        0x8
                0x000000000800531c                . = ALIGN (0x4)
                0x000000000800531c                __exidx_start = .
 *(.ARM.exidx*)
 .ARM.exidx     0x000000000800531c        0x8 /opt/st/stm32cubeide_1.6.1/plugins/com.st.stm32cube.ide.mcu.externaltools.gnu-tools-for-stm32.9-2020-q2-update.linux64_1.5.0.202011040924/tools/bin/../lib/gcc/arm-none-eabi/9.3.1/thumb/v7e-m+fp/hard/libgcc.a(_udivmoddi4.o)
                0x0000000008005324                __exidx_end = .
                0x0000000008005324                . = ALIGN (0x4)

.rel.dyn        0x0000000008005324        0x0
 .rel.iplt      0x0000000008005324        0x0 /opt/st/stm32cubeide_1.6.1/plugins/com.st.stm32cube.ide.mcu.externaltools.gnu-tools-for-stm32.9-2020-q2-update.linux64_1.5.0.202011040924/tools/bin/../lib/gcc/arm-none-eabi/9.3.1/thumb/v7e-m+fp/hard/crtbegin.o

.preinit_array  0x0000000008005324        0x0
                0x0000000008005324                . = ALIGN (0x4)
                0x0000000008005324                PROVIDE (__preinit_array_start = .)
 *(.preinit_array*)
                0x0000000008005324                PROVIDE (__preinit_array_end = .)
                0x0000000008005324                . = ALIGN (0x4)

.init_array     0x0000000008005324        0x4
                0x0000000008005324                . = ALIGN (0x4)
                0x0000000008005324                PROVIDE (__init_array_start = .)
 *(SORT_BY_NAME(.init_array.*))
 *(.init_array*)
 .init_array    0x0000000008005324        0x4 /opt/st/stm32cubeide_1.6.1/plugins/com.st.stm32cube.ide.mcu.externaltools.gnu-tools-for-stm32.9-2020-q2-update.linux64_1.5.0.202011040924/tools/bin/../lib/gcc/arm-none-eabi/9.3.1/thumb/v7e-m+fp/hard/crtbegin.o
                0x0000000008005328                PROVIDE (__init_array_end = .)
                0x0000000008005328                . = ALIGN (0x4)

.fini_array     0x0000000008005328        0x4
                0x0000000008005328                . = ALIGN (0x4)
                [!provide]                        PROVIDE (__fini_array_start = .)
 *(SORT_BY_NAME(.fini_array.*))
 *(.fini_array*)
 .fini_array    0x0000000008005328        0x4 /opt/st/stm32cubeide_1.6.1/plugins/com.st.stm32cube.ide.mcu.externaltools.gnu-tools-for-stm32.9-2020-q2-update.linux64_1.5.0.202011040924/tools/bin/../lib/gcc/arm-none-eabi/9.3.1/thumb/v7e-m+fp/hard/crtbegin.o
                [!provide]                        PROVIDE (__fini_array_end = .)
                0x000000000800532c                . = ALIGN (0x4)
                0x000000000800532c                _sidata = LOADADDR (.data)

.data           0x0000000020000000       0x34 load address 0x000000000800532c
                0x0000000020000000                . = ALIGN (0x4)
                0x0000000020000000                _sdata = .
 *(.data)
 *(.data*)
 .data.initFlag
                0x0000000020000000        0x1 Core/Src/main.o
                0x0000000020000000                initFlag
 .data.initUART
                0x0000000020000001        0x1 Core/Src/main.o
                0x0000000020000001                initUART
 .data.oldAlarmLevel
                0x0000000020000002        0x2 Core/Src/main.o
                0x0000000020000002                oldAlarmLevel
 .data.sleepFlag
                0x0000000020000004        0x1 Core/Src/main.o
                0x0000000020000004                sleepFlag
 *fill*         0x0000000020000005        0x3 
 .data.SystemCoreClock
                0x0000000020000008        0x4 Core/Src/system_stm32l4xx.o
                0x0000000020000008                SystemCoreClock
 .data.uwTickFreq
                0x000000002000000c        0x1 Drivers/STM32L4xx_HAL_Driver/Src/stm32l4xx_hal.o
                0x000000002000000c                uwTickFreq
 *fill*         0x000000002000000d        0x3 
 .data.uwTickPrio
                0x0000000020000010        0x4 Drivers/STM32L4xx_HAL_Driver/Src/stm32l4xx_hal.o
                0x0000000020000010                uwTickPrio
 .data.pFlash   0x0000000020000014       0x20 Drivers/STM32L4xx_HAL_Driver/Src/stm32l4xx_hal_flash.o
                0x0000000020000014                pFlash
 *(.RamFunc)
 *(.RamFunc*)
                0x0000000020000034                . = ALIGN (0x4)
                0x0000000020000034                _edata = .

.igot.plt       0x0000000020000034        0x0 load address 0x0000000008005360
 .igot.plt      0x0000000020000034        0x0 /opt/st/stm32cubeide_1.6.1/plugins/com.st.stm32cube.ide.mcu.externaltools.gnu-tools-for-stm32.9-2020-q2-update.linux64_1.5.0.202011040924/tools/bin/../lib/gcc/arm-none-eabi/9.3.1/thumb/v7e-m+fp/hard/crtbegin.o
                0x0000000020000034                . = ALIGN (0x4)

.bss            0x0000000020000034     0x4e40 load address 0x0000000008005360
                0x0000000020000034                _sbss = .
                0x0000000020000034                __bss_start__ = _sbss
 *(.bss)
 .bss           0x0000000020000034       0x1c /opt/st/stm32cubeide_1.6.1/plugins/com.st.stm32cube.ide.mcu.externaltools.gnu-tools-for-stm32.9-2020-q2-update.linux64_1.5.0.202011040924/tools/bin/../lib/gcc/arm-none-eabi/9.3.1/thumb/v7e-m+fp/hard/crtbegin.o
 *(.bss*)
 .bss.Thr1      0x0000000020000050        0x4 Core/Src/main.o
                0x0000000020000050                Thr1
 .bss.Thr2      0x0000000020000054        0x4 Core/Src/main.o
                0x0000000020000054                Thr2
 .bss.Thr3      0x0000000020000058        0x4 Core/Src/main.o
                0x0000000020000058                Thr3
 .bss.adc2Result
                0x000000002000005c        0x2 Core/Src/main.o
                0x000000002000005c                adc2Result
 *fill*         0x000000002000005e        0x2 
 .bss.alarmTime
                0x0000000020000060        0x4 Core/Src/main.o
                0x0000000020000060                alarmTime
 .bss.cfgKoef   0x0000000020000064        0x4 Core/Src/main.o
 .bss.counterALL
                0x0000000020000068        0x4 Core/Src/main.o
                0x0000000020000068                counterALL
 .bss.counterCC
                0x000000002000006c        0x4 Core/Src/main.o
                0x000000002000006c                counterCC
 .bss.counterCCAlarm
                0x0000000020000070        0x4 Core/Src/main.o
                0x0000000020000070                counterCCAlarm
 .bss.logDataFlag
                0x0000000020000074        0x1 Core/Src/main.o
                0x0000000020000074                logDataFlag
 .bss.logIndex  0x0000000020000075        0x1 Core/Src/main.o
                0x0000000020000075                logIndex
 .bss.logRecords
                0x0000000020000076        0x1 Core/Src/main.o
                0x0000000020000076                logRecords
 *fill*         0x0000000020000077        0x1 
 .bss.oldInterval
                0x0000000020000078        0x4 Core/Src/main.o
                0x0000000020000078                oldInterval
 .bss.radBuffer
                0x000000002000007c       0xc8 Core/Src/main.o
                0x000000002000007c                radBuffer
 .bss.resolution
                0x0000000020000144        0x1 Core/Src/main.o
                0x0000000020000144                resolution
 .bss.specterHistory
                0x0000000020000145        0x1 Core/Src/main.o
                0x0000000020000145                specterHistory
 .bss.spectrData
                0x0000000020000146     0x4018 Core/Src/main.o
                0x0000000020000146                spectrData
 *fill*         0x000000002000415e        0x2 
 .bss.HAL_RCC_ADC_CLK_ENABLED
                0x0000000020004160        0x4 Core/Src/stm32l4xx_hal_msp.o
 *(COMMON)
 COMMON         0x0000000020004164      0xd09 Core/Src/main.o
                0x0000000020004164                adc1Result
                0x0000000020004168                dacValue
                0x000000002000416c                temperatureKoeff2
                0x0000000020004170                avgRadInterval
                0x0000000020004174                hadc2
                0x00000000200041d8                htim15
                0x0000000020004224                alarmLevel
                0x0000000020004226                cfgLevel3
                0x0000000020004228                counterPP
                0x000000002000423c                powerCoeff
                0x0000000020004240                sleepDelay
                0x0000000020004244                hadc1
                0x00000000200042a8                hdma_usart1_rx
                0x00000000200042f0                hlptim2
                0x000000002000432c                huart1
                0x00000000200043b0                logDat
                0x0000000020004d10                hdma_adc1
                0x0000000020004d58                htim6
                0x0000000020004da4                oldTimeAll
                0x0000000020004da8                indexBuffer
                0x0000000020004dac                batteryInterval
                0x0000000020004db0                htim2
                0x0000000020004dfc                alarmCount
                0x0000000020004e00                temperatureKoeff1
                0x0000000020004e04                cfgData
                0x0000000020004e06                spectrCRC
                0x0000000020004e08                cfgLevel2
                0x0000000020004e0a                cfgLevel1
                0x0000000020004e0c                htim16
                0x0000000020004e58                btCommand
                0x0000000020004e6c                flash_ok
 *fill*         0x0000000020004e6d        0x3 
 COMMON         0x0000000020004e70        0x4 Drivers/STM32L4xx_HAL_Driver/Src/stm32l4xx_hal.o
                0x0000000020004e70                uwTick
                0x0000000020004e74                . = ALIGN (0x4)
                0x0000000020004e74                _ebss = .
                0x0000000020004e74                __bss_end__ = _ebss

._user_heap_stack
                0x0000000020004e74      0x604 load address 0x0000000008005360
                0x0000000020004e78                . = ALIGN (0x8)
 *fill*         0x0000000020004e74        0x4 
                [!provide]                        PROVIDE (end = .)
                0x0000000020004e78                PROVIDE (_end = .)
                0x0000000020005078                . = (. + _Min_Heap_Size)
 *fill*         0x0000000020004e78      0x200 
                0x0000000020005478                . = (. + _Min_Stack_Size)
 *fill*         0x0000000020005078      0x400 
                0x0000000020005478                . = ALIGN (0x8)

/DISCARD/
 libc.a(*)
 libm.a(*)
 libgcc.a(*)

.ARM.attributes
                0x0000000000000000       0x30
 *(.ARM.attributes)
 .ARM.attributes
                0x0000000000000000       0x1e /opt/st/stm32cubeide_1.6.1/plugins/com.st.stm32cube.ide.mcu.externaltools.gnu-tools-for-stm32.9-2020-q2-update.linux64_1.5.0.202011040924/tools/bin/../lib/gcc/arm-none-eabi/9.3.1/thumb/v7e-m+fp/hard/crti.o
 .ARM.attributes
                0x000000000000001e       0x34 /opt/st/stm32cubeide_1.6.1/plugins/com.st.stm32cube.ide.mcu.externaltools.gnu-tools-for-stm32.9-2020-q2-update.linux64_1.5.0.202011040924/tools/bin/../lib/gcc/arm-none-eabi/9.3.1/thumb/v7e-m+fp/hard/crtbegin.o
 .ARM.attributes
                0x0000000000000052       0x34 Core/Src/main.o
 .ARM.attributes
                0x0000000000000086       0x34 Core/Src/stm32l4xx_hal_msp.o
 .ARM.attributes
                0x00000000000000ba       0x34 Core/Src/stm32l4xx_it.o
 .ARM.attributes
                0x00000000000000ee       0x34 Core/Src/system_stm32l4xx.o
 .ARM.attributes
                0x0000000000000122       0x21 Core/Startup/startup_stm32l412k8tx.o
 .ARM.attributes
                0x0000000000000143       0x34 Drivers/STM32L4xx_HAL_Driver/Src/stm32l4xx_hal.o
 .ARM.attributes
                0x0000000000000177       0x34 Drivers/STM32L4xx_HAL_Driver/Src/stm32l4xx_hal_adc.o
 .ARM.attributes
                0x00000000000001ab       0x34 Drivers/STM32L4xx_HAL_Driver/Src/stm32l4xx_hal_adc_ex.o
 .ARM.attributes
                0x00000000000001df       0x34 Drivers/STM32L4xx_HAL_Driver/Src/stm32l4xx_hal_cortex.o
 .ARM.attributes
                0x0000000000000213       0x34 Drivers/STM32L4xx_HAL_Driver/Src/stm32l4xx_hal_dma.o
 .ARM.attributes
                0x0000000000000247       0x34 Drivers/STM32L4xx_HAL_Driver/Src/stm32l4xx_hal_flash.o
 .ARM.attributes
                0x000000000000027b       0x34 Drivers/STM32L4xx_HAL_Driver/Src/stm32l4xx_hal_flash_ex.o
 .ARM.attributes
                0x00000000000002af       0x34 Drivers/STM32L4xx_HAL_Driver/Src/stm32l4xx_hal_gpio.o
 .ARM.attributes
                0x00000000000002e3       0x34 Drivers/STM32L4xx_HAL_Driver/Src/stm32l4xx_hal_lptim.o
 .ARM.attributes
                0x0000000000000317       0x34 Drivers/STM32L4xx_HAL_Driver/Src/stm32l4xx_hal_pwr_ex.o
 .ARM.attributes
                0x000000000000034b       0x34 Drivers/STM32L4xx_HAL_Driver/Src/stm32l4xx_hal_rcc.o
 .ARM.attributes
                0x000000000000037f       0x34 Drivers/STM32L4xx_HAL_Driver/Src/stm32l4xx_hal_rcc_ex.o
 .ARM.attributes
                0x00000000000003b3       0x34 Drivers/STM32L4xx_HAL_Driver/Src/stm32l4xx_hal_tim.o
 .ARM.attributes
                0x00000000000003e7       0x34 Drivers/STM32L4xx_HAL_Driver/Src/stm32l4xx_hal_tim_ex.o
 .ARM.attributes
                0x000000000000041b       0x34 Drivers/STM32L4xx_HAL_Driver/Src/stm32l4xx_hal_uart.o
 .ARM.attributes
                0x000000000000044f       0x34 /opt/st/stm32cubeide_1.6.1/plugins/com.st.stm32cube.ide.mcu.externaltools.gnu-tools-for-stm32.9-2020-q2-update.linux64_1.5.0.202011040924/tools/bin/../lib/gcc/arm-none-eabi/9.3.1/../../../../arm-none-eabi/lib/thumb/v7e-m+fp/hard/libc_nano.a(lib_a-init.o)
 .ARM.attributes
                0x0000000000000483       0x34 /opt/st/stm32cubeide_1.6.1/plugins/com.st.stm32cube.ide.mcu.externaltools.gnu-tools-for-stm32.9-2020-q2-update.linux64_1.5.0.202011040924/tools/bin/../lib/gcc/arm-none-eabi/9.3.1/../../../../arm-none-eabi/lib/thumb/v7e-m+fp/hard/libc_nano.a(lib_a-memset.o)
 .ARM.attributes
                0x00000000000004b7       0x1e /opt/st/stm32cubeide_1.6.1/plugins/com.st.stm32cube.ide.mcu.externaltools.gnu-tools-for-stm32.9-2020-q2-update.linux64_1.5.0.202011040924/tools/bin/../lib/gcc/arm-none-eabi/9.3.1/thumb/v7e-m+fp/hard/libgcc.a(_aeabi_uldivmod.o)
 .ARM.attributes
                0x00000000000004d5       0x34 /opt/st/stm32cubeide_1.6.1/plugins/com.st.stm32cube.ide.mcu.externaltools.gnu-tools-for-stm32.9-2020-q2-update.linux64_1.5.0.202011040924/tools/bin/../lib/gcc/arm-none-eabi/9.3.1/thumb/v7e-m+fp/hard/libgcc.a(_udivmoddi4.o)
 .ARM.attributes
                0x0000000000000509       0x1e /opt/st/stm32cubeide_1.6.1/plugins/com.st.stm32cube.ide.mcu.externaltools.gnu-tools-for-stm32.9-2020-q2-update.linux64_1.5.0.202011040924/tools/bin/../lib/gcc/arm-none-eabi/9.3.1/thumb/v7e-m+fp/hard/libgcc.a(_dvmd_tls.o)
 .ARM.attributes
                0x0000000000000527       0x1e /opt/st/stm32cubeide_1.6.1/plugins/com.st.stm32cube.ide.mcu.externaltools.gnu-tools-for-stm32.9-2020-q2-update.linux64_1.5.0.202011040924/tools/bin/../lib/gcc/arm-none-eabi/9.3.1/thumb/v7e-m+fp/hard/crtn.o
OUTPUT(STM32L412K8.elf elf32-littlearm)
LOAD linker stubs
LOAD /opt/st/stm32cubeide_1.6.1/plugins/com.st.stm32cube.ide.mcu.externaltools.gnu-tools-for-stm32.9-2020-q2-update.linux64_1.5.0.202011040924/tools/bin/../lib/gcc/arm-none-eabi/9.3.1/../../../../arm-none-eabi/lib/thumb/v7e-m+fp/hard/libc.a
LOAD /opt/st/stm32cubeide_1.6.1/plugins/com.st.stm32cube.ide.mcu.externaltools.gnu-tools-for-stm32.9-2020-q2-update.linux64_1.5.0.202011040924/tools/bin/../lib/gcc/arm-none-eabi/9.3.1/../../../../arm-none-eabi/lib/thumb/v7e-m+fp/hard/libm.a
LOAD /opt/st/stm32cubeide_1.6.1/plugins/com.st.stm32cube.ide.mcu.externaltools.gnu-tools-for-stm32.9-2020-q2-update.linux64_1.5.0.202011040924/tools/bin/../lib/gcc/arm-none-eabi/9.3.1/thumb/v7e-m+fp/hard/libgcc.a

.comment        0x0000000000000000       0x53
 .comment       0x0000000000000000       0x53 Core/Src/main.o
                                         0x54 (size before relaxing)
 .comment       0x0000000000000053       0x54 Core/Src/stm32l4xx_hal_msp.o
 .comment       0x0000000000000053       0x54 Core/Src/stm32l4xx_it.o
 .comment       0x0000000000000053       0x54 Core/Src/system_stm32l4xx.o
 .comment       0x0000000000000053       0x54 Drivers/STM32L4xx_HAL_Driver/Src/stm32l4xx_hal.o
 .comment       0x0000000000000053       0x54 Drivers/STM32L4xx_HAL_Driver/Src/stm32l4xx_hal_adc.o
 .comment       0x0000000000000053       0x54 Drivers/STM32L4xx_HAL_Driver/Src/stm32l4xx_hal_adc_ex.o
 .comment       0x0000000000000053       0x54 Drivers/STM32L4xx_HAL_Driver/Src/stm32l4xx_hal_cortex.o
 .comment       0x0000000000000053       0x54 Drivers/STM32L4xx_HAL_Driver/Src/stm32l4xx_hal_dma.o
 .comment       0x0000000000000053       0x54 Drivers/STM32L4xx_HAL_Driver/Src/stm32l4xx_hal_flash.o
 .comment       0x0000000000000053       0x54 Drivers/STM32L4xx_HAL_Driver/Src/stm32l4xx_hal_flash_ex.o
 .comment       0x0000000000000053       0x54 Drivers/STM32L4xx_HAL_Driver/Src/stm32l4xx_hal_gpio.o
 .comment       0x0000000000000053       0x54 Drivers/STM32L4xx_HAL_Driver/Src/stm32l4xx_hal_lptim.o
 .comment       0x0000000000000053       0x54 Drivers/STM32L4xx_HAL_Driver/Src/stm32l4xx_hal_pwr_ex.o
 .comment       0x0000000000000053       0x54 Drivers/STM32L4xx_HAL_Driver/Src/stm32l4xx_hal_rcc.o
 .comment       0x0000000000000053       0x54 Drivers/STM32L4xx_HAL_Driver/Src/stm32l4xx_hal_rcc_ex.o
 .comment       0x0000000000000053       0x54 Drivers/STM32L4xx_HAL_Driver/Src/stm32l4xx_hal_tim.o
 .comment       0x0000000000000053       0x54 Drivers/STM32L4xx_HAL_Driver/Src/stm32l4xx_hal_tim_ex.o
 .comment       0x0000000000000053       0x54 Drivers/STM32L4xx_HAL_Driver/Src/stm32l4xx_hal_uart.o

.debug_frame    0x0000000000000000       0xac
 .debug_frame   0x0000000000000000       0x2c /opt/st/stm32cubeide_1.6.1/plugins/com.st.stm32cube.ide.mcu.externaltools.gnu-tools-for-stm32.9-2020-q2-update.linux64_1.5.0.202011040924/tools/bin/../lib/gcc/arm-none-eabi/9.3.1/../../../../arm-none-eabi/lib/thumb/v7e-m+fp/hard/libc_nano.a(lib_a-init.o)
 .debug_frame   0x000000000000002c       0x20 /opt/st/stm32cubeide_1.6.1/plugins/com.st.stm32cube.ide.mcu.externaltools.gnu-tools-for-stm32.9-2020-q2-update.linux64_1.5.0.202011040924/tools/bin/../lib/gcc/arm-none-eabi/9.3.1/../../../../arm-none-eabi/lib/thumb/v7e-m+fp/hard/libc_nano.a(lib_a-memset.o)
 .debug_frame   0x000000000000004c       0x2c /opt/st/stm32cubeide_1.6.1/plugins/com.st.stm32cube.ide.mcu.externaltools.gnu-tools-for-stm32.9-2020-q2-update.linux64_1.5.0.202011040924/tools/bin/../lib/gcc/arm-none-eabi/9.3.1/thumb/v7e-m+fp/hard/libgcc.a(_aeabi_uldivmod.o)
 .debug_frame   0x0000000000000078       0x34 /opt/st/stm32cubeide_1.6.1/plugins/com.st.stm32cube.ide.mcu.externaltools.gnu-tools-for-stm32.9-2020-q2-update.linux64_1.5.0.202011040924/tools/bin/../lib/gcc/arm-none-eabi/9.3.1/thumb/v7e-m+fp/hard/libgcc.a(_udivmoddi4.o)
