stm32l4xx_hal_uart.c:312:19:HAL_UART_Init	16	static
stm32l4xx_hal_uart.c:385:19:HAL_HalfDuplex_Init	16	static
stm32l4xx_hal_uart.c:458:19:HAL_LIN_Init	16	static
stm32l4xx_hal_uart.c:555:19:HAL_MultiProcessor_Init	24	static
stm32l4xx_hal_uart.c:629:19:HAL_UART_DeInit	16	static
stm32l4xx_hal_uart.c:674:13:HAL_UART_MspInit	16	static
stm32l4xx_hal_uart.c:689:13:HAL_UART_MspDeInit	16	static
stm32l4xx_hal_uart.c:1052:19:HAL_UART_Transmit	48	static
stm32l4xx_hal_uart.c:1141:19:HAL_UART_Receive	48	static
stm32l4xx_hal_uart.c:1226:19:HAL_UART_Transmit_IT	24	static
stm32l4xx_hal_uart.c:1317:19:HAL_UART_Receive_IT	24	static
stm32l4xx_hal_uart.c:1415:19:HAL_UART_Transmit_DMA	24	static
stm32l4xx_hal_uart.c:1491:19:HAL_UART_Receive_DMA	24	static
stm32l4xx_hal_uart.c:1562:19:HAL_UART_DMAPause	24	static
stm32l4xx_hal_uart.c:1596:19:HAL_UART_DMAResume	16	static
stm32l4xx_hal_uart.c:1628:19:HAL_UART_DMAStop	24	static
stm32l4xx_hal_uart.c:1703:19:HAL_UART_Abort	16	static
stm32l4xx_hal_uart.c:1804:19:HAL_UART_AbortTransmit	16	static
stm32l4xx_hal_uart.c:1869:19:HAL_UART_AbortReceive	16	static
stm32l4xx_hal_uart.c:1935:19:HAL_UART_Abort_IT	24	static
stm32l4xx_hal_uart.c:2086:19:HAL_UART_AbortTransmit_IT	16	static
stm32l4xx_hal_uart.c:2182:19:HAL_UART_AbortReceive_IT	16	static
stm32l4xx_hal_uart.c:2271:6:HAL_UART_IRQHandler	40	static
stm32l4xx_hal_uart.c:2532:13:HAL_UART_TxCpltCallback	16	static
stm32l4xx_hal_uart.c:2547:13:HAL_UART_TxHalfCpltCallback	16	static
stm32l4xx_hal_uart.c:2562:13:HAL_UART_RxCpltCallback	16	static
stm32l4xx_hal_uart.c:2577:13:HAL_UART_RxHalfCpltCallback	16	static
stm32l4xx_hal_uart.c:2592:13:HAL_UART_ErrorCallback	16	static
stm32l4xx_hal_uart.c:2607:13:HAL_UART_AbortCpltCallback	16	static
stm32l4xx_hal_uart.c:2622:13:HAL_UART_AbortTransmitCpltCallback	16	static
stm32l4xx_hal_uart.c:2637:13:HAL_UART_AbortReceiveCpltCallback	16	static
stm32l4xx_hal_uart.c:2684:6:HAL_UART_ReceiverTimeout_Config	16	static
stm32l4xx_hal_uart.c:2699:19:HAL_UART_EnableReceiverTimeout	16	static
stm32l4xx_hal_uart.c:2737:19:HAL_UART_DisableReceiverTimeout	16	static
stm32l4xx_hal_uart.c:2775:19:HAL_MultiProcessor_EnableMuteMode	16	static
stm32l4xx_hal_uart.c:2795:19:HAL_MultiProcessor_DisableMuteMode	16	static
stm32l4xx_hal_uart.c:2815:6:HAL_MultiProcessor_EnterMuteMode	16	static
stm32l4xx_hal_uart.c:2825:19:HAL_HalfDuplex_EnableTransmitter	16	static
stm32l4xx_hal_uart.c:2848:19:HAL_HalfDuplex_EnableReceiver	16	static
stm32l4xx_hal_uart.c:2872:19:HAL_LIN_SendBreak	16	static
stm32l4xx_hal_uart.c:2917:23:HAL_UART_GetState	24	static
stm32l4xx_hal_uart.c:2933:10:HAL_UART_GetError	16	static
stm32l4xx_hal_uart.c:2980:19:UART_SetConfig	48	static
stm32l4xx_hal_uart.c:3237:6:UART_AdvFeatureConfig	16	static
stm32l4xx_hal_uart.c:3311:19:UART_CheckIdleState	32	static
stm32l4xx_hal_uart.c:3361:19:UART_WaitOnFlagUntilTimeout	24	static
stm32l4xx_hal_uart.c:3424:13:UART_EndTxTransfer	16	static
stm32l4xx_hal_uart.c:3445:13:UART_EndRxTransfer	16	static
stm32l4xx_hal_uart.c:3469:13:UART_DMATransmitCplt	24	static
stm32l4xx_hal_uart.c:3503:13:UART_DMATxHalfCplt	24	static
stm32l4xx_hal_uart.c:3521:13:UART_DMAReceiveCplt	24	static
stm32l4xx_hal_uart.c:3556:13:UART_DMARxHalfCplt	24	static
stm32l4xx_hal_uart.c:3574:13:UART_DMAError	32	static
stm32l4xx_hal_uart.c:3614:13:UART_DMAAbortOnError	24	static
stm32l4xx_hal_uart.c:3637:13:UART_DMATxAbortCallback	24	static
stm32l4xx_hal_uart.c:3693:13:UART_DMARxAbortCallback	24	static
stm32l4xx_hal_uart.c:3744:13:UART_DMATxOnlyAbortCallback	24	static
stm32l4xx_hal_uart.c:3779:13:UART_DMARxOnlyAbortCallback	24	static
stm32l4xx_hal_uart.c:3811:13:UART_TxISR_8BIT	16	static
stm32l4xx_hal_uart.c:3844:13:UART_TxISR_16BIT	24	static
stm32l4xx_hal_uart.c:3963:13:UART_EndTransmit_IT	16	static
stm32l4xx_hal_uart.c:3988:13:UART_RxISR_8BIT	24	static
stm32l4xx_hal_uart.c:4042:13:UART_RxISR_16BIT	24	static
