stm32l4xx_hal_msp.c:67:6:HAL_MspInit	8	static
stm32l4xx_hal_msp.c:91:6:HAL_ADC_MspInit	48	static
stm32l4xx_hal_msp.c:164:6:HAL_ADC_MspDeInit	8	static
stm32l4xx_hal_msp.c:236:6:HAL_LPTIM_MspInit	16	static
stm32l4xx_hal_msp.c:261:6:HAL_LPTIM_MspDeInit	0	static
stm32l4xx_hal_msp.c:286:6:HAL_TIM_Base_MspInit	24	static
stm32l4xx_hal_msp.c:344:6:HAL_TIM_MspPostInit	32	static
stm32l4xx_hal_msp.c:376:6:HAL_TIM_Base_MspDeInit	0	static
stm32l4xx_hal_msp.c:440:6:HAL_UART_MspInit	48	static
stm32l4xx_hal_msp.c:494:6:HAL_UART_MspDeInit	8	static
