stm32l4xx_it.c:75:6:NMI_Handler	0	static
stm32l4xx_it.c:88:6:HardFault_Handler	0	static
stm32l4xx_it.c:103:6:MemManage_Handler	0	static
stm32l4xx_it.c:118:6:BusFault_Handler	0	static
stm32l4xx_it.c:133:6:UsageFault_Handler	0	static
stm32l4xx_it.c:148:6:SVC_Handler	0	static
stm32l4xx_it.c:161:6:DebugMon_Handler	0	static
stm32l4xx_it.c:174:6:PendSV_Handler	0	static
stm32l4xx_it.c:187:6:SysTick_Handler	0	static
stm32l4xx_it.c:208:6:DMA1_Channel5_IRQHandler	0	static
stm32l4xx_it.c:222:6:ADC1_2_IRQHandler	16	static
stm32l4xx_it.c:273:6:TIM1_BRK_TIM15_IRQHandler	8	static
stm32l4xx_it.c:289:6:TIM1_UP_TIM16_IRQHandler	8	static
stm32l4xx_it.c:304:6:TIM6_IRQHandler	8	static
stm32l4xx_it.c:361:6:LPTIM2_IRQHandler	16	static
