stm32l4xx_it.c:76:6:NMI_Handler	0	static
stm32l4xx_it.c:89:6:HardFault_Handler	0	static
stm32l4xx_it.c:104:6:MemManage_Handler	0	static
stm32l4xx_it.c:119:6:BusFault_Handler	0	static
stm32l4xx_it.c:134:6:UsageFault_Handler	0	static
stm32l4xx_it.c:149:6:SVC_Handler	0	static
stm32l4xx_it.c:162:6:DebugMon_Handler	0	static
stm32l4xx_it.c:175:6:PendSV_Handler	0	static
stm32l4xx_it.c:188:6:SysTick_Handler	0	static
stm32l4xx_it.c:209:6:DMA1_Channel1_IRQHandler	8	static
stm32l4xx_it.c:238:6:DMA1_Channel5_IRQHandler	0	static
stm32l4xx_it.c:252:6:ADC1_2_IRQHandler	16	static
stm32l4xx_it.c:305:6:TIM1_BRK_TIM15_IRQHandler	8	static
stm32l4xx_it.c:321:6:TIM1_UP_TIM16_IRQHandler	8	static
stm32l4xx_it.c:337:6:TIM6_IRQHandler	8	static
stm32l4xx_it.c:406:6:LPTIM2_IRQHandler	24	static
