ssd1306.c:8:6:ssd1306_Reset	0	static
ssd1306.c:13:6:ssd1306_WriteCommand	32	static
ssd1306.c:18:6:ssd1306_WriteData	24	static
ssd1306.c:63:17:ssd1306_FillBuffer	8	static
ssd1306.c:175:6:ssd1306_Fill	0	static
ssd1306.c:185:6:ssd1306_UpdateScreen	8	static
ssd1306.c:204:6:ssd1306_DrawPixel	16	static
ssd1306.c:227:6:ssd1306_WriteChar	56	static
ssd1306.c:262:6:ssd1306_WriteString	24	static
ssd1306.c:279:6:ssd1306_SetCursor	0	static
ssd1306.c:285:6:ssd1306_Line	48	static
ssd1306.c:321:6:ssd1306_Polyline	32	static
ssd1306.c:356:6:ssd1306_DrawArc	80	static
ssd1306.c:393:6:ssd1306_DrawCircle	48	static
ssd1306.c:438:6:ssd1306_DrawRectangle	40	static
ssd1306.c:447:6:ssd1306_SetContrast	8	static
ssd1306.c:453:6:ssd1306_SetDisplayOn	8	static
ssd1306.c:73:6:ssd1306_Init	8	static
ssd1306.c:465:9:ssd1306_GetDisplayOn	0	static
